[2026-03-20T12:58:32Z] IAM Activation Script started
Carregando variáveis de ambiente de /home/cvgserver3/.openclaw/workspace/vet-os/modulo_cvg_his/.env
### Migração do Banco (db:migrate) ###

> cvg-his@0.1.0 db:migrate /home/cvgserver3/.openclaw/workspace
> corepack pnpm --filter @cvg-his/db db:migrate


> @cvg-his/db@0.1.0 db:migrate /home/cvgserver3/.openclaw/workspace/packages/db
> tsx src/migrate.ts

Migrations applied successfully.
### Seed Admin (admin@cvg-his.local) ###

> cvg-his@0.1.0 db:seed /home/cvgserver3/.openclaw/workspace
> corepack pnpm --filter @cvg-his/db db:seed


> @cvg-his/db@0.1.0 db:seed /home/cvgserver3/.openclaw/workspace/packages/db
> tsx src/seed.ts

Seed concluído com sucesso.
### Validações recomendadas ###
1) Acesse http://localhost:3001/login e faça login com admin@cvg-his.local.
2) Após login, valide /auth/me para confirmar accountId/roles/permissions/sessionId.
3) Valide: http://localhost:3001/api/proxy/admin/iam/users e /roles com sessão autenticada.
4) Verifique 401/403 conforme permissions do admin.
/home/cvgserver3/.openclaw/workspace/vet-os/modulo_cvg_his/apps/his-api/scripts/activate-iam.sh: linha 35: /home/cvgserver3/.openclaw/workspace/vet-os/modulo_cvg_his/memory/activation-iam-report-2026-03-20.md: Arquivo ou diretório inexistente
[2026-03-20T12:59:03Z] IAM Activation Script started
Carregando variáveis de ambiente de /home/cvgserver3/.openclaw/workspace/vet-os/modulo_cvg_his/.env
### Migração do Banco (db:migrate) ###

> cvg-his@0.1.0 db:migrate /home/cvgserver3/.openclaw/workspace
> corepack pnpm --filter @cvg-his/db db:migrate


> @cvg-his/db@0.1.0 db:migrate /home/cvgserver3/.openclaw/workspace/packages/db
> tsx src/migrate.ts

Migrations applied successfully.
### Seed Admin (admin@cvg-his.local) ###

> cvg-his@0.1.0 db:seed /home/cvgserver3/.openclaw/workspace
> corepack pnpm --filter @cvg-his/db db:seed


> @cvg-his/db@0.1.0 db:seed /home/cvgserver3/.openclaw/workspace/packages/db
> tsx src/seed.ts

Seed concluído com sucesso.
### Validações recomendadas ###
1) Acesse http://localhost:3001/login e faça login com admin@cvg-his.local.
2) Após login, valide /auth/me para confirmar accountId/roles/permissions/sessionId.
3) Valide: http://localhost:3001/api/proxy/admin/iam/users e /roles com sessão autenticada.
4) Verifique 401/403 conforme permissions do admin.
IAM Activation report gerado em: /home/cvgserver3/.openclaw/workspace/vet-os/modulo_cvg_his/memory/activation-iam-report-2026-03-20.md
[DONE]
[2026-03-20T20:41:32Z] IAM Activation Script started
Carregando variáveis de ambiente de /home/cvgserver3/.openclaw/workspace/vet-os/modulo_cvg_his/.env
### Migração do Banco (db:migrate) ###

> cvg-his@0.1.0 db:migrate /home/cvgserver3/.openclaw/workspace/vet-os/modulo_cvg_his
> corepack pnpm --filter @cvg-his/db db:migrate


> @cvg-his/db@0.1.0 db:migrate /home/cvgserver3/.openclaw/workspace/vet-os/modulo_cvg_his/packages/db
> tsx src/migrate.ts

node:net:1918
      const error = new UVExceptionWithHostPort(rval, 'listen', address, port);
                    ^

Error: listen EPERM: operation not permitted /tmp/tsx-1000/39.pipe
    at Server.setupListenHandle [as _listen2] (node:net:1918:21)
    at listenInCluster (node:net:1997:12)
    at Server.listen (node:net:2119:5)
    at file:///home/cvgserver3/.openclaw/workspace/vet-os/modulo_cvg_his/node_modules/.pnpm/tsx@4.21.0/node_modules/tsx/dist/cli.mjs:53:31537
    at new Promise (<anonymous>)
    at createIpcServer (file:///home/cvgserver3/.openclaw/workspace/vet-os/modulo_cvg_his/node_modules/.pnpm/tsx@4.21.0/node_modules/tsx/dist/cli.mjs:53:31515)
    at async file:///home/cvgserver3/.openclaw/workspace/vet-os/modulo_cvg_his/node_modules/.pnpm/tsx@4.21.0/node_modules/tsx/dist/cli.mjs:55:459 {
  code: 'EPERM',
  errno: -1,
  syscall: 'listen',
  address: '/tmp/tsx-1000/39.pipe',
  port: -1
}

Node.js v22.22.1
/home/cvgserver3/.openclaw/workspace/vet-os/modulo_cvg_his/packages/db:
 ERR_PNPM_RECURSIVE_RUN_FIRST_FAIL  @cvg-his/db@0.1.0 db:migrate: `tsx src/migrate.ts`
Exit status 1
 ELIFECYCLE  Command failed with exit code 1.
Migration falhou
[2026-03-20T20:41:45Z] IAM Activation Script started
Carregando variáveis de ambiente de /home/cvgserver3/.openclaw/workspace/vet-os/modulo_cvg_his/.env
### Migração do Banco (db:migrate) ###

> cvg-his@0.1.0 db:migrate /home/cvgserver3/.openclaw/workspace/vet-os/modulo_cvg_his
> corepack pnpm --filter @cvg-his/db db:migrate


> @cvg-his/db@0.1.0 db:migrate /home/cvgserver3/.openclaw/workspace/vet-os/modulo_cvg_his/packages/db
> tsx src/migrate.ts

Migrations applied successfully.
### Seed Admin (admin@cvg-his.local) ###

> cvg-his@0.1.0 db:seed /home/cvgserver3/.openclaw/workspace/vet-os/modulo_cvg_his
> corepack pnpm --filter @cvg-his/db db:seed


> @cvg-his/db@0.1.0 db:seed /home/cvgserver3/.openclaw/workspace/vet-os/modulo_cvg_his/packages/db
> tsx src/seed.ts

Seed concluído com sucesso.
### Validações recomendadas ###
1) Acesse http://localhost:3001/login e faça login com admin@cvg-his.local.
2) Após login, valide /auth/me para confirmar accountId/roles/permissions/sessionId.
3) Valide: http://localhost:3001/api/proxy/admin/iam/users e /roles com sessão autenticada.
4) Verifique 401/403 conforme permissions do admin.
IAM Activation report gerado em: /home/cvgserver3/.openclaw/workspace/vet-os/modulo_cvg_his/memory/activation-iam-report-2026-03-20.md
[DONE]
[2026-03-21T08:34:18Z] IAM Activation Script started
Carregando variáveis de ambiente de /home/cvgserver3/.openclaw/workspace/vet-os/modulo_cvg_his/.env
### Preflight IAM ###

> cvg-his@0.1.0 iam:preflight /home/cvgserver3/.openclaw/workspace/vet-os/modulo_cvg_his
> node --import tsx apps/his-api/scripts/iam-preflight.ts

IAM preflight
[OK] DATABASE_URL: URL do Postgres presente.
[OK] JWT_SECRET: Segredo presente (chan***26).
[OK] JWT_ISSUER: Valor presente: cvg-his
[OK] JWT_AUDIENCE: Valor presente: cvg-his-api
[OK] NEXT_PUBLIC_HIS_API_BASE_URL: Proxy público configurado em /api/proxy.
[OK] HIS_API_INTERNAL_URL: Upstream interno configurado em http://localhost:3000.
STATUS: READY
ADMIN_PASSWORD precisa ter ao menos 12 caracteres e combinar ao menos 3 classes de caracteres.
acao: Exemplo forte: Troque-Agora-123!.
Credenciais de bootstrap inválidas. Abortei antes do seed.
[2026-03-21T08:34:34Z] IAM Activation Script started
Carregando variáveis de ambiente de /home/cvgserver3/.openclaw/workspace/vet-os/modulo_cvg_his/.env
### Preflight IAM ###

> cvg-his@0.1.0 iam:preflight /home/cvgserver3/.openclaw/workspace/vet-os/modulo_cvg_his
> node --import tsx apps/his-api/scripts/iam-preflight.ts

IAM preflight
[OK] DATABASE_URL: URL do Postgres presente.
[OK] JWT_SECRET: Segredo presente (chan***26).
[OK] JWT_ISSUER: Valor presente: cvg-his
[OK] JWT_AUDIENCE: Valor presente: cvg-his-api
[OK] NEXT_PUBLIC_HIS_API_BASE_URL: Proxy público configurado em /api/proxy.
[OK] HIS_API_INTERNAL_URL: Upstream interno configurado em http://localhost:3000.
STATUS: READY
### Migração do Banco (db:migrate) ###

> cvg-his@0.1.0 db:migrate /home/cvgserver3/.openclaw/workspace/vet-os/modulo_cvg_his
> corepack pnpm --filter @cvg-his/db db:migrate


> @cvg-his/db@0.1.0 db:migrate /home/cvgserver3/.openclaw/workspace/vet-os/modulo_cvg_his/packages/db
> tsx src/migrate.ts

Migrations applied successfully.
### Seed Admin (admin@cvg-his.local) ###

> cvg-his@0.1.0 db:seed /home/cvgserver3/.openclaw/workspace/vet-os/modulo_cvg_his
> corepack pnpm --filter @cvg-his/db db:seed


> @cvg-his/db@0.1.0 db:seed /home/cvgserver3/.openclaw/workspace/vet-os/modulo_cvg_his/packages/db
> tsx src/seed.ts

Seed concluído com sucesso.
### Validações recomendadas ###
1) Acesse http://localhost:3001/login e faça login com admin@cvg-his.local.
2) Após login, rode corepack pnpm iam:smoke com IAM_SMOKE_COOKIE, IAM_SMOKE_BEARER_TOKEN ou IAM_SMOKE_AUTH_HEADER.
3) Confirme /auth/me com accountId/roles/permissions/sessionId.
4) Verifique /api/proxy/admin/iam/users e /roles com sessão autenticada.
5) Registre as evidências usando docs/operacional/IAM_ACTIVATION_REPORT_TEMPLATE.md.
IAM Activation report gerado em: /home/cvgserver3/.openclaw/workspace/vet-os/modulo_cvg_his/memory/activation-iam-report-2026-03-21.md
[DONE]
