{
  "out": "/home/ricardo/cvg-his-v4/docs/frontend/implementation/evidence/continuity-DbZefI",
  "failures": 0,
  "inputsStable": true,
  "rows": [
    {
      "target": "/appointments",
      "theme": "light",
      "viewport": {
        "width": 1440,
        "height": 900
      },
      "documentWidth": 1440,
      "documentHeight": 900,
      "errors": [],
      "interactions": [
        {
          "test": "agenda-deep-link-return-and-reload-context",
          "passed": true,
          "route": "/appointments",
          "date": "2026-09-15",
          "view": "list",
          "professional": "staff-vet",
          "freeText": "memory only; cleared on reload",
          "contextRestoredBeforeReload": true,
          "freeTextClearedAfterReload": true
        },
        {
          "test": "agenda-week-native-surface-drawer-focus",
          "passed": true,
          "keyboardActivation": "Enter",
          "nativeCardSurface": true,
          "drawerVisualEvidence": [
            "agenda-drawer-week-1440-light.png"
          ],
          "focusRestoredAfterDrawer": true
        },
        {
          "test": "agenda-day-native-surface-drawer-focus",
          "passed": true,
          "keyboardActivation": "Space",
          "nativeCardSurface": true,
          "drawerVisualEvidence": [
            "agenda-drawer-day-1440-light.png"
          ],
          "focusRestoredAfterDrawer": true
        },
        {
          "test": "agenda-week-day-layout-no-overflow",
          "passed": true,
          "documentWidths": {
            "week": 1440,
            "day": 1440
          },
          "matrixWidths": {
            "week": {
              "clientWidth": 1104,
              "scrollWidth": 1129,
              "overflowX": "auto"
            },
            "day": {
              "clientWidth": 1104,
              "scrollWidth": 1104,
              "overflowX": "auto"
            }
          },
          "localScrollVerifiedAt": null
        }
      ]
    },
    {
      "target": "/appointments",
      "theme": "light",
      "viewport": {
        "width": 768,
        "height": 900
      },
      "documentWidth": 768,
      "documentHeight": 1346,
      "errors": [],
      "interactions": [
        {
          "test": "agenda-deep-link-return-and-reload-context",
          "passed": true,
          "route": "/appointments",
          "date": "2026-09-15",
          "view": "list",
          "professional": "staff-vet",
          "freeText": "memory only; cleared on reload",
          "contextRestoredBeforeReload": true,
          "freeTextClearedAfterReload": true
        },
        {
          "test": "agenda-week-native-surface-drawer-focus",
          "passed": true,
          "keyboardActivation": "Enter",
          "nativeCardSurface": true,
          "drawerVisualEvidence": [
            "agenda-drawer-week-768-light.png"
          ],
          "focusRestoredAfterDrawer": true
        },
        {
          "test": "agenda-day-native-surface-drawer-focus",
          "passed": true,
          "keyboardActivation": "Space",
          "nativeCardSurface": true,
          "drawerVisualEvidence": [
            "agenda-drawer-day-768-light.png"
          ],
          "focusRestoredAfterDrawer": true
        },
        {
          "test": "agenda-week-day-layout-no-overflow",
          "passed": true,
          "documentWidths": {
            "week": 768,
            "day": 768
          },
          "matrixWidths": {
            "week": {
              "clientWidth": 744,
              "scrollWidth": 1129,
              "overflowX": "auto"
            },
            "day": {
              "clientWidth": 744,
              "scrollWidth": 744,
              "overflowX": "auto"
            }
          },
          "localScrollVerifiedAt": 768
        }
      ]
    },
    {
      "target": "/appointments",
      "theme": "light",
      "viewport": {
        "width": 390,
        "height": 844
      },
      "documentWidth": 390,
      "documentHeight": 1148,
      "errors": [],
      "interactions": [
        {
          "test": "agenda-mobile-first-appointment-priority",
          "passed": true,
          "firstAppointmentTop": 623.765625,
          "firstAppointmentBottom": 823.578125,
          "viewportHeight": 844,
          "singlePrimaryCreateAction": true
        },
        {
          "test": "agenda-mobile-secondary-actions-keyboard-and-form",
          "passed": true,
          "startsCollapsed": true,
          "openedWithKeyboard": true,
          "closedWithKeyboard": true,
          "fullFormNavigation": "/appointments/new",
          "returnedToAgenda": true
        },
        {
          "test": "agenda-deep-link-return-and-reload-context",
          "passed": true,
          "route": "/appointments",
          "date": "2026-09-15",
          "view": "list",
          "professional": "staff-vet",
          "freeText": "memory only; cleared on reload",
          "contextRestoredBeforeReload": true,
          "freeTextClearedAfterReload": true
        },
        {
          "test": "agenda-week-native-surface-drawer-focus",
          "passed": true,
          "keyboardActivation": "Enter",
          "nativeCardSurface": true,
          "drawerVisualEvidence": [
            "agenda-drawer-week-390-light.png"
          ],
          "focusRestoredAfterDrawer": true
        },
        {
          "test": "agenda-day-native-surface-drawer-focus",
          "passed": true,
          "keyboardActivation": "Space",
          "nativeCardSurface": true,
          "drawerVisualEvidence": [
            "agenda-drawer-day-390-light.png"
          ],
          "focusRestoredAfterDrawer": true
        },
        {
          "test": "agenda-week-day-layout-no-overflow",
          "passed": true,
          "documentWidths": {
            "week": 390,
            "day": 390
          },
          "matrixWidths": {
            "week": {
              "clientWidth": 370,
              "scrollWidth": 1129,
              "overflowX": "auto"
            },
            "day": {
              "clientWidth": 370,
              "scrollWidth": 434,
              "overflowX": "auto"
            }
          },
          "localScrollVerifiedAt": 390
        }
      ]
    },
    {
      "target": "/appointments",
      "theme": "dark",
      "viewport": {
        "width": 1440,
        "height": 900
      },
      "documentWidth": 1440,
      "documentHeight": 900,
      "errors": [],
      "interactions": [
        {
          "test": "agenda-deep-link-return-and-reload-context",
          "passed": true,
          "route": "/appointments",
          "date": "2026-09-15",
          "view": "list",
          "professional": "staff-vet",
          "freeText": "memory only; cleared on reload",
          "contextRestoredBeforeReload": true,
          "freeTextClearedAfterReload": true
        },
        {
          "test": "agenda-week-native-surface-drawer-focus",
          "passed": true,
          "keyboardActivation": "Enter",
          "nativeCardSurface": true,
          "drawerVisualEvidence": [
            "agenda-drawer-week-1440-dark.png"
          ],
          "focusRestoredAfterDrawer": true
        },
        {
          "test": "agenda-day-native-surface-drawer-focus",
          "passed": true,
          "keyboardActivation": "Space",
          "nativeCardSurface": true,
          "drawerVisualEvidence": [
            "agenda-drawer-day-1440-dark.png"
          ],
          "focusRestoredAfterDrawer": true
        },
        {
          "test": "agenda-week-day-layout-no-overflow",
          "passed": true,
          "documentWidths": {
            "week": 1440,
            "day": 1440
          },
          "matrixWidths": {
            "week": {
              "clientWidth": 1104,
              "scrollWidth": 1129,
              "overflowX": "auto"
            },
            "day": {
              "clientWidth": 1104,
              "scrollWidth": 1104,
              "overflowX": "auto"
            }
          },
          "localScrollVerifiedAt": null
        }
      ]
    },
    {
      "target": "/appointments",
      "theme": "dark",
      "viewport": {
        "width": 768,
        "height": 900
      },
      "documentWidth": 768,
      "documentHeight": 1346,
      "errors": [],
      "interactions": [
        {
          "test": "agenda-deep-link-return-and-reload-context",
          "passed": true,
          "route": "/appointments",
          "date": "2026-09-15",
          "view": "list",
          "professional": "staff-vet",
          "freeText": "memory only; cleared on reload",
          "contextRestoredBeforeReload": true,
          "freeTextClearedAfterReload": true
        },
        {
          "test": "agenda-week-native-surface-drawer-focus",
          "passed": true,
          "keyboardActivation": "Enter",
          "nativeCardSurface": true,
          "drawerVisualEvidence": [
            "agenda-drawer-week-768-dark.png"
          ],
          "focusRestoredAfterDrawer": true
        },
        {
          "test": "agenda-day-native-surface-drawer-focus",
          "passed": true,
          "keyboardActivation": "Space",
          "nativeCardSurface": true,
          "drawerVisualEvidence": [
            "agenda-drawer-day-768-dark.png"
          ],
          "focusRestoredAfterDrawer": true
        },
        {
          "test": "agenda-week-day-layout-no-overflow",
          "passed": true,
          "documentWidths": {
            "week": 768,
            "day": 768
          },
          "matrixWidths": {
            "week": {
              "clientWidth": 744,
              "scrollWidth": 1129,
              "overflowX": "auto"
            },
            "day": {
              "clientWidth": 744,
              "scrollWidth": 744,
              "overflowX": "auto"
            }
          },
          "localScrollVerifiedAt": 768
        }
      ]
    },
    {
      "target": "/appointments",
      "theme": "dark",
      "viewport": {
        "width": 390,
        "height": 844
      },
      "documentWidth": 390,
      "documentHeight": 1148,
      "errors": [],
      "interactions": [
        {
          "test": "agenda-mobile-first-appointment-priority",
          "passed": true,
          "firstAppointmentTop": 623.765625,
          "firstAppointmentBottom": 823.578125,
          "viewportHeight": 844,
          "singlePrimaryCreateAction": true
        },
        {
          "test": "agenda-deep-link-return-and-reload-context",
          "passed": true,
          "route": "/appointments",
          "date": "2026-09-15",
          "view": "list",
          "professional": "staff-vet",
          "freeText": "memory only; cleared on reload",
          "contextRestoredBeforeReload": true,
          "freeTextClearedAfterReload": true
        },
        {
          "test": "agenda-week-native-surface-drawer-focus",
          "passed": true,
          "keyboardActivation": "Enter",
          "nativeCardSurface": true,
          "drawerVisualEvidence": [
            "agenda-drawer-week-390-dark.png"
          ],
          "focusRestoredAfterDrawer": true
        },
        {
          "test": "agenda-day-native-surface-drawer-focus",
          "passed": true,
          "keyboardActivation": "Space",
          "nativeCardSurface": true,
          "drawerVisualEvidence": [
            "agenda-drawer-day-390-dark.png"
          ],
          "focusRestoredAfterDrawer": true
        },
        {
          "test": "agenda-week-day-layout-no-overflow",
          "passed": true,
          "documentWidths": {
            "week": 390,
            "day": 390
          },
          "matrixWidths": {
            "week": {
              "clientWidth": 370,
              "scrollWidth": 1129,
              "overflowX": "auto"
            },
            "day": {
              "clientWidth": 370,
              "scrollWidth": 434,
              "overflowX": "auto"
            }
          },
          "localScrollVerifiedAt": 390
        }
      ]
    },
    {
      "target": "/agenda",
      "theme": "light",
      "viewport": {
        "width": 1440,
        "height": 900
      },
      "documentWidth": 1440,
      "documentHeight": 900,
      "errors": [],
      "interactions": [
        {
          "test": "agenda-deep-link-return-and-reload-context",
          "passed": true,
          "route": "/agenda",
          "date": "2026-09-15",
          "view": "list",
          "professional": "staff-vet",
          "freeText": "memory only; cleared on reload",
          "contextRestoredBeforeReload": true,
          "freeTextClearedAfterReload": true
        },
        {
          "test": "agenda-week-native-surface-drawer-focus",
          "passed": true,
          "keyboardActivation": "Enter",
          "nativeCardSurface": true,
          "drawerVisualEvidence": [
            "agenda-drawer-week-1440-light.png"
          ],
          "focusRestoredAfterDrawer": true
        },
        {
          "test": "agenda-day-native-surface-drawer-focus",
          "passed": true,
          "keyboardActivation": "Space",
          "nativeCardSurface": true,
          "drawerVisualEvidence": [
            "agenda-drawer-day-1440-light.png"
          ],
          "focusRestoredAfterDrawer": true
        },
        {
          "test": "agenda-week-day-layout-no-overflow",
          "passed": true,
          "documentWidths": {
            "week": 1440,
            "day": 1440
          },
          "matrixWidths": {
            "week": {
              "clientWidth": 1104,
              "scrollWidth": 1129,
              "overflowX": "auto"
            },
            "day": {
              "clientWidth": 1104,
              "scrollWidth": 1104,
              "overflowX": "auto"
            }
          },
          "localScrollVerifiedAt": null
        }
      ]
    },
    {
      "target": "/agenda",
      "theme": "light",
      "viewport": {
        "width": 768,
        "height": 900
      },
      "documentWidth": 768,
      "documentHeight": 1346,
      "errors": [],
      "interactions": [
        {
          "test": "agenda-deep-link-return-and-reload-context",
          "passed": true,
          "route": "/agenda",
          "date": "2026-09-15",
          "view": "list",
          "professional": "staff-vet",
          "freeText": "memory only; cleared on reload",
          "contextRestoredBeforeReload": true,
          "freeTextClearedAfterReload": true
        },
        {
          "test": "agenda-week-native-surface-drawer-focus",
          "passed": true,
          "keyboardActivation": "Enter",
          "nativeCardSurface": true,
          "drawerVisualEvidence": [
            "agenda-drawer-week-768-light.png"
          ],
          "focusRestoredAfterDrawer": true
        },
        {
          "test": "agenda-day-native-surface-drawer-focus",
          "passed": true,
          "keyboardActivation": "Space",
          "nativeCardSurface": true,
          "drawerVisualEvidence": [
            "agenda-drawer-day-768-light.png"
          ],
          "focusRestoredAfterDrawer": true
        },
        {
          "test": "agenda-week-day-layout-no-overflow",
          "passed": true,
          "documentWidths": {
            "week": 768,
            "day": 768
          },
          "matrixWidths": {
            "week": {
              "clientWidth": 744,
              "scrollWidth": 1129,
              "overflowX": "auto"
            },
            "day": {
              "clientWidth": 744,
              "scrollWidth": 744,
              "overflowX": "auto"
            }
          },
          "localScrollVerifiedAt": 768
        }
      ]
    },
    {
      "target": "/agenda",
      "theme": "light",
      "viewport": {
        "width": 390,
        "height": 844
      },
      "documentWidth": 390,
      "documentHeight": 1148,
      "errors": [],
      "interactions": [
        {
          "test": "agenda-mobile-first-appointment-priority",
          "passed": true,
          "firstAppointmentTop": 623.765625,
          "firstAppointmentBottom": 823.578125,
          "viewportHeight": 844,
          "singlePrimaryCreateAction": true
        },
        {
          "test": "agenda-deep-link-return-and-reload-context",
          "passed": true,
          "route": "/agenda",
          "date": "2026-09-15",
          "view": "list",
          "professional": "staff-vet",
          "freeText": "memory only; cleared on reload",
          "contextRestoredBeforeReload": true,
          "freeTextClearedAfterReload": true
        },
        {
          "test": "agenda-week-native-surface-drawer-focus",
          "passed": true,
          "keyboardActivation": "Enter",
          "nativeCardSurface": true,
          "drawerVisualEvidence": [
            "agenda-drawer-week-390-light.png"
          ],
          "focusRestoredAfterDrawer": true
        },
        {
          "test": "agenda-day-native-surface-drawer-focus",
          "passed": true,
          "keyboardActivation": "Space",
          "nativeCardSurface": true,
          "drawerVisualEvidence": [
            "agenda-drawer-day-390-light.png"
          ],
          "focusRestoredAfterDrawer": true
        },
        {
          "test": "agenda-week-day-layout-no-overflow",
          "passed": true,
          "documentWidths": {
            "week": 390,
            "day": 390
          },
          "matrixWidths": {
            "week": {
              "clientWidth": 370,
              "scrollWidth": 1129,
              "overflowX": "auto"
            },
            "day": {
              "clientWidth": 370,
              "scrollWidth": 434,
              "overflowX": "auto"
            }
          },
          "localScrollVerifiedAt": 390
        }
      ]
    },
    {
      "target": "/agenda",
      "theme": "dark",
      "viewport": {
        "width": 1440,
        "height": 900
      },
      "documentWidth": 1440,
      "documentHeight": 900,
      "errors": [],
      "interactions": [
        {
          "test": "agenda-deep-link-return-and-reload-context",
          "passed": true,
          "route": "/agenda",
          "date": "2026-09-15",
          "view": "list",
          "professional": "staff-vet",
          "freeText": "memory only; cleared on reload",
          "contextRestoredBeforeReload": true,
          "freeTextClearedAfterReload": true
        },
        {
          "test": "agenda-week-native-surface-drawer-focus",
          "passed": true,
          "keyboardActivation": "Enter",
          "nativeCardSurface": true,
          "drawerVisualEvidence": [
            "agenda-drawer-week-1440-dark.png"
          ],
          "focusRestoredAfterDrawer": true
        },
        {
          "test": "agenda-day-native-surface-drawer-focus",
          "passed": true,
          "keyboardActivation": "Space",
          "nativeCardSurface": true,
          "drawerVisualEvidence": [
            "agenda-drawer-day-1440-dark.png"
          ],
          "focusRestoredAfterDrawer": true
        },
        {
          "test": "agenda-week-day-layout-no-overflow",
          "passed": true,
          "documentWidths": {
            "week": 1440,
            "day": 1440
          },
          "matrixWidths": {
            "week": {
              "clientWidth": 1104,
              "scrollWidth": 1129,
              "overflowX": "auto"
            },
            "day": {
              "clientWidth": 1104,
              "scrollWidth": 1104,
              "overflowX": "auto"
            }
          },
          "localScrollVerifiedAt": null
        }
      ]
    },
    {
      "target": "/agenda",
      "theme": "dark",
      "viewport": {
        "width": 768,
        "height": 900
      },
      "documentWidth": 768,
      "documentHeight": 1346,
      "errors": [],
      "interactions": [
        {
          "test": "agenda-deep-link-return-and-reload-context",
          "passed": true,
          "route": "/agenda",
          "date": "2026-09-15",
          "view": "list",
          "professional": "staff-vet",
          "freeText": "memory only; cleared on reload",
          "contextRestoredBeforeReload": true,
          "freeTextClearedAfterReload": true
        },
        {
          "test": "agenda-week-native-surface-drawer-focus",
          "passed": true,
          "keyboardActivation": "Enter",
          "nativeCardSurface": true,
          "drawerVisualEvidence": [
            "agenda-drawer-week-768-dark.png"
          ],
          "focusRestoredAfterDrawer": true
        },
        {
          "test": "agenda-day-native-surface-drawer-focus",
          "passed": true,
          "keyboardActivation": "Space",
          "nativeCardSurface": true,
          "drawerVisualEvidence": [
            "agenda-drawer-day-768-dark.png"
          ],
          "focusRestoredAfterDrawer": true
        },
        {
          "test": "agenda-week-day-layout-no-overflow",
          "passed": true,
          "documentWidths": {
            "week": 768,
            "day": 768
          },
          "matrixWidths": {
            "week": {
              "clientWidth": 744,
              "scrollWidth": 1129,
              "overflowX": "auto"
            },
            "day": {
              "clientWidth": 744,
              "scrollWidth": 744,
              "overflowX": "auto"
            }
          },
          "localScrollVerifiedAt": 768
        }
      ]
    },
    {
      "target": "/agenda",
      "theme": "dark",
      "viewport": {
        "width": 390,
        "height": 844
      },
      "documentWidth": 390,
      "documentHeight": 1148,
      "errors": [],
      "interactions": [
        {
          "test": "agenda-mobile-first-appointment-priority",
          "passed": true,
          "firstAppointmentTop": 623.765625,
          "firstAppointmentBottom": 823.578125,
          "viewportHeight": 844,
          "singlePrimaryCreateAction": true
        },
        {
          "test": "agenda-deep-link-return-and-reload-context",
          "passed": true,
          "route": "/agenda",
          "date": "2026-09-15",
          "view": "list",
          "professional": "staff-vet",
          "freeText": "memory only; cleared on reload",
          "contextRestoredBeforeReload": true,
          "freeTextClearedAfterReload": true
        },
        {
          "test": "agenda-week-native-surface-drawer-focus",
          "passed": true,
          "keyboardActivation": "Enter",
          "nativeCardSurface": true,
          "drawerVisualEvidence": [
            "agenda-drawer-week-390-dark.png"
          ],
          "focusRestoredAfterDrawer": true
        },
        {
          "test": "agenda-day-native-surface-drawer-focus",
          "passed": true,
          "keyboardActivation": "Space",
          "nativeCardSurface": true,
          "drawerVisualEvidence": [
            "agenda-drawer-day-390-dark.png"
          ],
          "focusRestoredAfterDrawer": true
        },
        {
          "test": "agenda-week-day-layout-no-overflow",
          "passed": true,
          "documentWidths": {
            "week": 390,
            "day": 390
          },
          "matrixWidths": {
            "week": {
              "clientWidth": 370,
              "scrollWidth": 1129,
              "overflowX": "auto"
            },
            "day": {
              "clientWidth": 370,
              "scrollWidth": 434,
              "overflowX": "auto"
            }
          },
          "localScrollVerifiedAt": 390
        }
      ]
    },
    {
      "target": "/agendamentos",
      "theme": "light",
      "viewport": {
        "width": 1440,
        "height": 900
      },
      "documentWidth": 1440,
      "documentHeight": 900,
      "errors": [],
      "interactions": [
        {
          "test": "agenda-deep-link-return-and-reload-context",
          "passed": true,
          "route": "/agendamentos",
          "date": "2026-09-15",
          "view": "list",
          "professional": "staff-vet",
          "freeText": "memory only; cleared on reload",
          "contextRestoredBeforeReload": true,
          "freeTextClearedAfterReload": true
        },
        {
          "test": "agenda-week-native-surface-drawer-focus",
          "passed": true,
          "keyboardActivation": "Enter",
          "nativeCardSurface": true,
          "drawerVisualEvidence": [
            "agenda-drawer-week-1440-light.png"
          ],
          "focusRestoredAfterDrawer": true
        },
        {
          "test": "agenda-day-native-surface-drawer-focus",
          "passed": true,
          "keyboardActivation": "Space",
          "nativeCardSurface": true,
          "drawerVisualEvidence": [
            "agenda-drawer-day-1440-light.png"
          ],
          "focusRestoredAfterDrawer": true
        },
        {
          "test": "agenda-week-day-layout-no-overflow",
          "passed": true,
          "documentWidths": {
            "week": 1440,
            "day": 1440
          },
          "matrixWidths": {
            "week": {
              "clientWidth": 1104,
              "scrollWidth": 1129,
              "overflowX": "auto"
            },
            "day": {
              "clientWidth": 1104,
              "scrollWidth": 1104,
              "overflowX": "auto"
            }
          },
          "localScrollVerifiedAt": null
        }
      ]
    },
    {
      "target": "/agendamentos",
      "theme": "light",
      "viewport": {
        "width": 768,
        "height": 900
      },
      "documentWidth": 768,
      "documentHeight": 1346,
      "errors": [],
      "interactions": [
        {
          "test": "agenda-deep-link-return-and-reload-context",
          "passed": true,
          "route": "/agendamentos",
          "date": "2026-09-15",
          "view": "list",
          "professional": "staff-vet",
          "freeText": "memory only; cleared on reload",
          "contextRestoredBeforeReload": true,
          "freeTextClearedAfterReload": true
        },
        {
          "test": "agenda-week-native-surface-drawer-focus",
          "passed": true,
          "keyboardActivation": "Enter",
          "nativeCardSurface": true,
          "drawerVisualEvidence": [
            "agenda-drawer-week-768-light.png"
          ],
          "focusRestoredAfterDrawer": true
        },
        {
          "test": "agenda-day-native-surface-drawer-focus",
          "passed": true,
          "keyboardActivation": "Space",
          "nativeCardSurface": true,
          "drawerVisualEvidence": [
            "agenda-drawer-day-768-light.png"
          ],
          "focusRestoredAfterDrawer": true
        },
        {
          "test": "agenda-week-day-layout-no-overflow",
          "passed": true,
          "documentWidths": {
            "week": 768,
            "day": 768
          },
          "matrixWidths": {
            "week": {
              "clientWidth": 744,
              "scrollWidth": 1129,
              "overflowX": "auto"
            },
            "day": {
              "clientWidth": 744,
              "scrollWidth": 744,
              "overflowX": "auto"
            }
          },
          "localScrollVerifiedAt": 768
        }
      ]
    },
    {
      "target": "/agendamentos",
      "theme": "light",
      "viewport": {
        "width": 390,
        "height": 844
      },
      "documentWidth": 390,
      "documentHeight": 1148,
      "errors": [],
      "interactions": [
        {
          "test": "agenda-mobile-first-appointment-priority",
          "passed": true,
          "firstAppointmentTop": 623.765625,
          "firstAppointmentBottom": 823.578125,
          "viewportHeight": 844,
          "singlePrimaryCreateAction": true
        },
        {
          "test": "agenda-deep-link-return-and-reload-context",
          "passed": true,
          "route": "/agendamentos",
          "date": "2026-09-15",
          "view": "list",
          "professional": "staff-vet",
          "freeText": "memory only; cleared on reload",
          "contextRestoredBeforeReload": true,
          "freeTextClearedAfterReload": true
        },
        {
          "test": "agenda-week-native-surface-drawer-focus",
          "passed": true,
          "keyboardActivation": "Enter",
          "nativeCardSurface": true,
          "drawerVisualEvidence": [
            "agenda-drawer-week-390-light.png"
          ],
          "focusRestoredAfterDrawer": true
        },
        {
          "test": "agenda-day-native-surface-drawer-focus",
          "passed": true,
          "keyboardActivation": "Space",
          "nativeCardSurface": true,
          "drawerVisualEvidence": [
            "agenda-drawer-day-390-light.png"
          ],
          "focusRestoredAfterDrawer": true
        },
        {
          "test": "agenda-week-day-layout-no-overflow",
          "passed": true,
          "documentWidths": {
            "week": 390,
            "day": 390
          },
          "matrixWidths": {
            "week": {
              "clientWidth": 370,
              "scrollWidth": 1129,
              "overflowX": "auto"
            },
            "day": {
              "clientWidth": 370,
              "scrollWidth": 434,
              "overflowX": "auto"
            }
          },
          "localScrollVerifiedAt": 390
        }
      ]
    },
    {
      "target": "/agendamentos",
      "theme": "dark",
      "viewport": {
        "width": 1440,
        "height": 900
      },
      "documentWidth": 1440,
      "documentHeight": 900,
      "errors": [],
      "interactions": [
        {
          "test": "agenda-deep-link-return-and-reload-context",
          "passed": true,
          "route": "/agendamentos",
          "date": "2026-09-15",
          "view": "list",
          "professional": "staff-vet",
          "freeText": "memory only; cleared on reload",
          "contextRestoredBeforeReload": true,
          "freeTextClearedAfterReload": true
        },
        {
          "test": "agenda-week-native-surface-drawer-focus",
          "passed": true,
          "keyboardActivation": "Enter",
          "nativeCardSurface": true,
          "drawerVisualEvidence": [
            "agenda-drawer-week-1440-dark.png"
          ],
          "focusRestoredAfterDrawer": true
        },
        {
          "test": "agenda-day-native-surface-drawer-focus",
          "passed": true,
          "keyboardActivation": "Space",
          "nativeCardSurface": true,
          "drawerVisualEvidence": [
            "agenda-drawer-day-1440-dark.png"
          ],
          "focusRestoredAfterDrawer": true
        },
        {
          "test": "agenda-week-day-layout-no-overflow",
          "passed": true,
          "documentWidths": {
            "week": 1440,
            "day": 1440
          },
          "matrixWidths": {
            "week": {
              "clientWidth": 1104,
              "scrollWidth": 1129,
              "overflowX": "auto"
            },
            "day": {
              "clientWidth": 1104,
              "scrollWidth": 1104,
              "overflowX": "auto"
            }
          },
          "localScrollVerifiedAt": null
        }
      ]
    },
    {
      "target": "/agendamentos",
      "theme": "dark",
      "viewport": {
        "width": 768,
        "height": 900
      },
      "documentWidth": 768,
      "documentHeight": 1346,
      "errors": [],
      "interactions": [
        {
          "test": "agenda-deep-link-return-and-reload-context",
          "passed": true,
          "route": "/agendamentos",
          "date": "2026-09-15",
          "view": "list",
          "professional": "staff-vet",
          "freeText": "memory only; cleared on reload",
          "contextRestoredBeforeReload": true,
          "freeTextClearedAfterReload": true
        },
        {
          "test": "agenda-week-native-surface-drawer-focus",
          "passed": true,
          "keyboardActivation": "Enter",
          "nativeCardSurface": true,
          "drawerVisualEvidence": [
            "agenda-drawer-week-768-dark.png"
          ],
          "focusRestoredAfterDrawer": true
        },
        {
          "test": "agenda-day-native-surface-drawer-focus",
          "passed": true,
          "keyboardActivation": "Space",
          "nativeCardSurface": true,
          "drawerVisualEvidence": [
            "agenda-drawer-day-768-dark.png"
          ],
          "focusRestoredAfterDrawer": true
        },
        {
          "test": "agenda-week-day-layout-no-overflow",
          "passed": true,
          "documentWidths": {
            "week": 768,
            "day": 768
          },
          "matrixWidths": {
            "week": {
              "clientWidth": 744,
              "scrollWidth": 1129,
              "overflowX": "auto"
            },
            "day": {
              "clientWidth": 744,
              "scrollWidth": 744,
              "overflowX": "auto"
            }
          },
          "localScrollVerifiedAt": 768
        }
      ]
    },
    {
      "target": "/agendamentos",
      "theme": "dark",
      "viewport": {
        "width": 390,
        "height": 844
      },
      "documentWidth": 390,
      "documentHeight": 1148,
      "errors": [],
      "interactions": [
        {
          "test": "agenda-mobile-first-appointment-priority",
          "passed": true,
          "firstAppointmentTop": 623.765625,
          "firstAppointmentBottom": 823.578125,
          "viewportHeight": 844,
          "singlePrimaryCreateAction": true
        },
        {
          "test": "agenda-deep-link-return-and-reload-context",
          "passed": true,
          "route": "/agendamentos",
          "date": "2026-09-15",
          "view": "list",
          "professional": "staff-vet",
          "freeText": "memory only; cleared on reload",
          "contextRestoredBeforeReload": true,
          "freeTextClearedAfterReload": true
        },
        {
          "test": "agenda-week-native-surface-drawer-focus",
          "passed": true,
          "keyboardActivation": "Enter",
          "nativeCardSurface": true,
          "drawerVisualEvidence": [
            "agenda-drawer-week-390-dark.png"
          ],
          "focusRestoredAfterDrawer": true
        },
        {
          "test": "agenda-day-native-surface-drawer-focus",
          "passed": true,
          "keyboardActivation": "Space",
          "nativeCardSurface": true,
          "drawerVisualEvidence": [
            "agenda-drawer-day-390-dark.png"
          ],
          "focusRestoredAfterDrawer": true
        },
        {
          "test": "agenda-week-day-layout-no-overflow",
          "passed": true,
          "documentWidths": {
            "week": 390,
            "day": 390
          },
          "matrixWidths": {
            "week": {
              "clientWidth": 370,
              "scrollWidth": 1129,
              "overflowX": "auto"
            },
            "day": {
              "clientWidth": 370,
              "scrollWidth": 434,
              "overflowX": "auto"
            }
          },
          "localScrollVerifiedAt": 390
        }
      ]
    },
    {
      "target": "/atendimento/agenda",
      "theme": "light",
      "viewport": {
        "width": 1440,
        "height": 900
      },
      "documentWidth": 1440,
      "documentHeight": 900,
      "errors": [],
      "interactions": [
        {
          "test": "agenda-deep-link-return-and-reload-context",
          "passed": true,
          "route": "/atendimento/agenda",
          "date": "2026-09-15",
          "view": "list",
          "professional": "staff-vet",
          "freeText": "memory only; cleared on reload",
          "contextRestoredBeforeReload": true,
          "freeTextClearedAfterReload": true
        },
        {
          "test": "agenda-week-native-surface-drawer-focus",
          "passed": true,
          "keyboardActivation": "Enter",
          "nativeCardSurface": true,
          "drawerVisualEvidence": [
            "agenda-drawer-week-1440-light.png"
          ],
          "focusRestoredAfterDrawer": true
        },
        {
          "test": "agenda-day-native-surface-drawer-focus",
          "passed": true,
          "keyboardActivation": "Space",
          "nativeCardSurface": true,
          "drawerVisualEvidence": [
            "agenda-drawer-day-1440-light.png"
          ],
          "focusRestoredAfterDrawer": true
        },
        {
          "test": "agenda-week-day-layout-no-overflow",
          "passed": true,
          "documentWidths": {
            "week": 1440,
            "day": 1440
          },
          "matrixWidths": {
            "week": {
              "clientWidth": 1104,
              "scrollWidth": 1129,
              "overflowX": "auto"
            },
            "day": {
              "clientWidth": 1104,
              "scrollWidth": 1104,
              "overflowX": "auto"
            }
          },
          "localScrollVerifiedAt": null
        }
      ]
    },
    {
      "target": "/atendimento/agenda",
      "theme": "light",
      "viewport": {
        "width": 768,
        "height": 900
      },
      "documentWidth": 768,
      "documentHeight": 1346,
      "errors": [],
      "interactions": [
        {
          "test": "agenda-deep-link-return-and-reload-context",
          "passed": true,
          "route": "/atendimento/agenda",
          "date": "2026-09-15",
          "view": "list",
          "professional": "staff-vet",
          "freeText": "memory only; cleared on reload",
          "contextRestoredBeforeReload": true,
          "freeTextClearedAfterReload": true
        },
        {
          "test": "agenda-week-native-surface-drawer-focus",
          "passed": true,
          "keyboardActivation": "Enter",
          "nativeCardSurface": true,
          "drawerVisualEvidence": [
            "agenda-drawer-week-768-light.png"
          ],
          "focusRestoredAfterDrawer": true
        },
        {
          "test": "agenda-day-native-surface-drawer-focus",
          "passed": true,
          "keyboardActivation": "Space",
          "nativeCardSurface": true,
          "drawerVisualEvidence": [
            "agenda-drawer-day-768-light.png"
          ],
          "focusRestoredAfterDrawer": true
        },
        {
          "test": "agenda-week-day-layout-no-overflow",
          "passed": true,
          "documentWidths": {
            "week": 768,
            "day": 768
          },
          "matrixWidths": {
            "week": {
              "clientWidth": 744,
              "scrollWidth": 1129,
              "overflowX": "auto"
            },
            "day": {
              "clientWidth": 744,
              "scrollWidth": 744,
              "overflowX": "auto"
            }
          },
          "localScrollVerifiedAt": 768
        }
      ]
    },
    {
      "target": "/atendimento/agenda",
      "theme": "light",
      "viewport": {
        "width": 390,
        "height": 844
      },
      "documentWidth": 390,
      "documentHeight": 1148,
      "errors": [],
      "interactions": [
        {
          "test": "agenda-mobile-first-appointment-priority",
          "passed": true,
          "firstAppointmentTop": 623.765625,
          "firstAppointmentBottom": 823.578125,
          "viewportHeight": 844,
          "singlePrimaryCreateAction": true
        },
        {
          "test": "agenda-deep-link-return-and-reload-context",
          "passed": true,
          "route": "/atendimento/agenda",
          "date": "2026-09-15",
          "view": "list",
          "professional": "staff-vet",
          "freeText": "memory only; cleared on reload",
          "contextRestoredBeforeReload": true,
          "freeTextClearedAfterReload": true
        },
        {
          "test": "agenda-week-native-surface-drawer-focus",
          "passed": true,
          "keyboardActivation": "Enter",
          "nativeCardSurface": true,
          "drawerVisualEvidence": [
            "agenda-drawer-week-390-light.png"
          ],
          "focusRestoredAfterDrawer": true
        },
        {
          "test": "agenda-day-native-surface-drawer-focus",
          "passed": true,
          "keyboardActivation": "Space",
          "nativeCardSurface": true,
          "drawerVisualEvidence": [
            "agenda-drawer-day-390-light.png"
          ],
          "focusRestoredAfterDrawer": true
        },
        {
          "test": "agenda-week-day-layout-no-overflow",
          "passed": true,
          "documentWidths": {
            "week": 390,
            "day": 390
          },
          "matrixWidths": {
            "week": {
              "clientWidth": 370,
              "scrollWidth": 1129,
              "overflowX": "auto"
            },
            "day": {
              "clientWidth": 370,
              "scrollWidth": 434,
              "overflowX": "auto"
            }
          },
          "localScrollVerifiedAt": 390
        }
      ]
    },
    {
      "target": "/atendimento/agenda",
      "theme": "dark",
      "viewport": {
        "width": 1440,
        "height": 900
      },
      "documentWidth": 1440,
      "documentHeight": 900,
      "errors": [],
      "interactions": [
        {
          "test": "agenda-deep-link-return-and-reload-context",
          "passed": true,
          "route": "/atendimento/agenda",
          "date": "2026-09-15",
          "view": "list",
          "professional": "staff-vet",
          "freeText": "memory only; cleared on reload",
          "contextRestoredBeforeReload": true,
          "freeTextClearedAfterReload": true
        },
        {
          "test": "agenda-week-native-surface-drawer-focus",
          "passed": true,
          "keyboardActivation": "Enter",
          "nativeCardSurface": true,
          "drawerVisualEvidence": [
            "agenda-drawer-week-1440-dark.png"
          ],
          "focusRestoredAfterDrawer": true
        },
        {
          "test": "agenda-day-native-surface-drawer-focus",
          "passed": true,
          "keyboardActivation": "Space",
          "nativeCardSurface": true,
          "drawerVisualEvidence": [
            "agenda-drawer-day-1440-dark.png"
          ],
          "focusRestoredAfterDrawer": true
        },
        {
          "test": "agenda-week-day-layout-no-overflow",
          "passed": true,
          "documentWidths": {
            "week": 1440,
            "day": 1440
          },
          "matrixWidths": {
            "week": {
              "clientWidth": 1104,
              "scrollWidth": 1129,
              "overflowX": "auto"
            },
            "day": {
              "clientWidth": 1104,
              "scrollWidth": 1104,
              "overflowX": "auto"
            }
          },
          "localScrollVerifiedAt": null
        }
      ]
    },
    {
      "target": "/atendimento/agenda",
      "theme": "dark",
      "viewport": {
        "width": 768,
        "height": 900
      },
      "documentWidth": 768,
      "documentHeight": 1346,
      "errors": [],
      "interactions": [
        {
          "test": "agenda-deep-link-return-and-reload-context",
          "passed": true,
          "route": "/atendimento/agenda",
          "date": "2026-09-15",
          "view": "list",
          "professional": "staff-vet",
          "freeText": "memory only; cleared on reload",
          "contextRestoredBeforeReload": true,
          "freeTextClearedAfterReload": true
        },
        {
          "test": "agenda-week-native-surface-drawer-focus",
          "passed": true,
          "keyboardActivation": "Enter",
          "nativeCardSurface": true,
          "drawerVisualEvidence": [
            "agenda-drawer-week-768-dark.png"
          ],
          "focusRestoredAfterDrawer": true
        },
        {
          "test": "agenda-day-native-surface-drawer-focus",
          "passed": true,
          "keyboardActivation": "Space",
          "nativeCardSurface": true,
          "drawerVisualEvidence": [
            "agenda-drawer-day-768-dark.png"
          ],
          "focusRestoredAfterDrawer": true
        },
        {
          "test": "agenda-week-day-layout-no-overflow",
          "passed": true,
          "documentWidths": {
            "week": 768,
            "day": 768
          },
          "matrixWidths": {
            "week": {
              "clientWidth": 744,
              "scrollWidth": 1129,
              "overflowX": "auto"
            },
            "day": {
              "clientWidth": 744,
              "scrollWidth": 744,
              "overflowX": "auto"
            }
          },
          "localScrollVerifiedAt": 768
        }
      ]
    },
    {
      "target": "/atendimento/agenda",
      "theme": "dark",
      "viewport": {
        "width": 390,
        "height": 844
      },
      "documentWidth": 390,
      "documentHeight": 1148,
      "errors": [],
      "interactions": [
        {
          "test": "agenda-mobile-first-appointment-priority",
          "passed": true,
          "firstAppointmentTop": 623.765625,
          "firstAppointmentBottom": 823.578125,
          "viewportHeight": 844,
          "singlePrimaryCreateAction": true
        },
        {
          "test": "agenda-deep-link-return-and-reload-context",
          "passed": true,
          "route": "/atendimento/agenda",
          "date": "2026-09-15",
          "view": "list",
          "professional": "staff-vet",
          "freeText": "memory only; cleared on reload",
          "contextRestoredBeforeReload": true,
          "freeTextClearedAfterReload": true
        },
        {
          "test": "agenda-week-native-surface-drawer-focus",
          "passed": true,
          "keyboardActivation": "Enter",
          "nativeCardSurface": true,
          "drawerVisualEvidence": [
            "agenda-drawer-week-390-dark.png"
          ],
          "focusRestoredAfterDrawer": true
        },
        {
          "test": "agenda-day-native-surface-drawer-focus",
          "passed": true,
          "keyboardActivation": "Space",
          "nativeCardSurface": true,
          "drawerVisualEvidence": [
            "agenda-drawer-day-390-dark.png"
          ],
          "focusRestoredAfterDrawer": true
        },
        {
          "test": "agenda-week-day-layout-no-overflow",
          "passed": true,
          "documentWidths": {
            "week": 390,
            "day": 390
          },
          "matrixWidths": {
            "week": {
              "clientWidth": 370,
              "scrollWidth": 1129,
              "overflowX": "auto"
            },
            "day": {
              "clientWidth": 370,
              "scrollWidth": 434,
              "overflowX": "auto"
            }
          },
          "localScrollVerifiedAt": 390
        }
      ]
    },
    {
      "target": "/atendimento/atendimentos/agenda",
      "theme": "light",
      "viewport": {
        "width": 1440,
        "height": 900
      },
      "documentWidth": 1440,
      "documentHeight": 900,
      "errors": [],
      "interactions": [
        {
          "test": "agenda-deep-link-return-and-reload-context",
          "passed": true,
          "route": "/atendimento/atendimentos/agenda",
          "date": "2026-09-15",
          "view": "list",
          "professional": "staff-vet",
          "freeText": "memory only; cleared on reload",
          "contextRestoredBeforeReload": true,
          "freeTextClearedAfterReload": true
        },
        {
          "test": "agenda-week-native-surface-drawer-focus",
          "passed": true,
          "keyboardActivation": "Enter",
          "nativeCardSurface": true,
          "drawerVisualEvidence": [
            "agenda-drawer-week-1440-light.png"
          ],
          "focusRestoredAfterDrawer": true
        },
        {
          "test": "agenda-day-native-surface-drawer-focus",
          "passed": true,
          "keyboardActivation": "Space",
          "nativeCardSurface": true,
          "drawerVisualEvidence": [
            "agenda-drawer-day-1440-light.png"
          ],
          "focusRestoredAfterDrawer": true
        },
        {
          "test": "agenda-week-day-layout-no-overflow",
          "passed": true,
          "documentWidths": {
            "week": 1440,
            "day": 1440
          },
          "matrixWidths": {
            "week": {
              "clientWidth": 1104,
              "scrollWidth": 1129,
              "overflowX": "auto"
            },
            "day": {
              "clientWidth": 1104,
              "scrollWidth": 1104,
              "overflowX": "auto"
            }
          },
          "localScrollVerifiedAt": null
        }
      ]
    },
    {
      "target": "/atendimento/atendimentos/agenda",
      "theme": "light",
      "viewport": {
        "width": 768,
        "height": 900
      },
      "documentWidth": 768,
      "documentHeight": 1346,
      "errors": [],
      "interactions": [
        {
          "test": "agenda-deep-link-return-and-reload-context",
          "passed": true,
          "route": "/atendimento/atendimentos/agenda",
          "date": "2026-09-15",
          "view": "list",
          "professional": "staff-vet",
          "freeText": "memory only; cleared on reload",
          "contextRestoredBeforeReload": true,
          "freeTextClearedAfterReload": true
        },
        {
          "test": "agenda-week-native-surface-drawer-focus",
          "passed": true,
          "keyboardActivation": "Enter",
          "nativeCardSurface": true,
          "drawerVisualEvidence": [
            "agenda-drawer-week-768-light.png"
          ],
          "focusRestoredAfterDrawer": true
        },
        {
          "test": "agenda-day-native-surface-drawer-focus",
          "passed": true,
          "keyboardActivation": "Space",
          "nativeCardSurface": true,
          "drawerVisualEvidence": [
            "agenda-drawer-day-768-light.png"
          ],
          "focusRestoredAfterDrawer": true
        },
        {
          "test": "agenda-week-day-layout-no-overflow",
          "passed": true,
          "documentWidths": {
            "week": 768,
            "day": 768
          },
          "matrixWidths": {
            "week": {
              "clientWidth": 744,
              "scrollWidth": 1129,
              "overflowX": "auto"
            },
            "day": {
              "clientWidth": 744,
              "scrollWidth": 744,
              "overflowX": "auto"
            }
          },
          "localScrollVerifiedAt": 768
        }
      ]
    },
    {
      "target": "/atendimento/atendimentos/agenda",
      "theme": "light",
      "viewport": {
        "width": 390,
        "height": 844
      },
      "documentWidth": 390,
      "documentHeight": 1148,
      "errors": [],
      "interactions": [
        {
          "test": "agenda-mobile-first-appointment-priority",
          "passed": true,
          "firstAppointmentTop": 623.765625,
          "firstAppointmentBottom": 823.578125,
          "viewportHeight": 844,
          "singlePrimaryCreateAction": true
        },
        {
          "test": "agenda-deep-link-return-and-reload-context",
          "passed": true,
          "route": "/atendimento/atendimentos/agenda",
          "date": "2026-09-15",
          "view": "list",
          "professional": "staff-vet",
          "freeText": "memory only; cleared on reload",
          "contextRestoredBeforeReload": true,
          "freeTextClearedAfterReload": true
        },
        {
          "test": "agenda-week-native-surface-drawer-focus",
          "passed": true,
          "keyboardActivation": "Enter",
          "nativeCardSurface": true,
          "drawerVisualEvidence": [
            "agenda-drawer-week-390-light.png"
          ],
          "focusRestoredAfterDrawer": true
        },
        {
          "test": "agenda-day-native-surface-drawer-focus",
          "passed": true,
          "keyboardActivation": "Space",
          "nativeCardSurface": true,
          "drawerVisualEvidence": [
            "agenda-drawer-day-390-light.png"
          ],
          "focusRestoredAfterDrawer": true
        },
        {
          "test": "agenda-week-day-layout-no-overflow",
          "passed": true,
          "documentWidths": {
            "week": 390,
            "day": 390
          },
          "matrixWidths": {
            "week": {
              "clientWidth": 370,
              "scrollWidth": 1129,
              "overflowX": "auto"
            },
            "day": {
              "clientWidth": 370,
              "scrollWidth": 434,
              "overflowX": "auto"
            }
          },
          "localScrollVerifiedAt": 390
        }
      ]
    },
    {
      "target": "/atendimento/atendimentos/agenda",
      "theme": "dark",
      "viewport": {
        "width": 1440,
        "height": 900
      },
      "documentWidth": 1440,
      "documentHeight": 900,
      "errors": [],
      "interactions": [
        {
          "test": "agenda-deep-link-return-and-reload-context",
          "passed": true,
          "route": "/atendimento/atendimentos/agenda",
          "date": "2026-09-15",
          "view": "list",
          "professional": "staff-vet",
          "freeText": "memory only; cleared on reload",
          "contextRestoredBeforeReload": true,
          "freeTextClearedAfterReload": true
        },
        {
          "test": "agenda-week-native-surface-drawer-focus",
          "passed": true,
          "keyboardActivation": "Enter",
          "nativeCardSurface": true,
          "drawerVisualEvidence": [
            "agenda-drawer-week-1440-dark.png"
          ],
          "focusRestoredAfterDrawer": true
        },
        {
          "test": "agenda-day-native-surface-drawer-focus",
          "passed": true,
          "keyboardActivation": "Space",
          "nativeCardSurface": true,
          "drawerVisualEvidence": [
            "agenda-drawer-day-1440-dark.png"
          ],
          "focusRestoredAfterDrawer": true
        },
        {
          "test": "agenda-week-day-layout-no-overflow",
          "passed": true,
          "documentWidths": {
            "week": 1440,
            "day": 1440
          },
          "matrixWidths": {
            "week": {
              "clientWidth": 1104,
              "scrollWidth": 1129,
              "overflowX": "auto"
            },
            "day": {
              "clientWidth": 1104,
              "scrollWidth": 1104,
              "overflowX": "auto"
            }
          },
          "localScrollVerifiedAt": null
        }
      ]
    },
    {
      "target": "/atendimento/atendimentos/agenda",
      "theme": "dark",
      "viewport": {
        "width": 768,
        "height": 900
      },
      "documentWidth": 768,
      "documentHeight": 1346,
      "errors": [],
      "interactions": [
        {
          "test": "agenda-deep-link-return-and-reload-context",
          "passed": true,
          "route": "/atendimento/atendimentos/agenda",
          "date": "2026-09-15",
          "view": "list",
          "professional": "staff-vet",
          "freeText": "memory only; cleared on reload",
          "contextRestoredBeforeReload": true,
          "freeTextClearedAfterReload": true
        },
        {
          "test": "agenda-week-native-surface-drawer-focus",
          "passed": true,
          "keyboardActivation": "Enter",
          "nativeCardSurface": true,
          "drawerVisualEvidence": [
            "agenda-drawer-week-768-dark.png"
          ],
          "focusRestoredAfterDrawer": true
        },
        {
          "test": "agenda-day-native-surface-drawer-focus",
          "passed": true,
          "keyboardActivation": "Space",
          "nativeCardSurface": true,
          "drawerVisualEvidence": [
            "agenda-drawer-day-768-dark.png"
          ],
          "focusRestoredAfterDrawer": true
        },
        {
          "test": "agenda-week-day-layout-no-overflow",
          "passed": true,
          "documentWidths": {
            "week": 768,
            "day": 768
          },
          "matrixWidths": {
            "week": {
              "clientWidth": 744,
              "scrollWidth": 1129,
              "overflowX": "auto"
            },
            "day": {
              "clientWidth": 744,
              "scrollWidth": 744,
              "overflowX": "auto"
            }
          },
          "localScrollVerifiedAt": 768
        }
      ]
    },
    {
      "target": "/atendimento/atendimentos/agenda",
      "theme": "dark",
      "viewport": {
        "width": 390,
        "height": 844
      },
      "documentWidth": 390,
      "documentHeight": 1148,
      "errors": [],
      "interactions": [
        {
          "test": "agenda-mobile-first-appointment-priority",
          "passed": true,
          "firstAppointmentTop": 623.765625,
          "firstAppointmentBottom": 823.578125,
          "viewportHeight": 844,
          "singlePrimaryCreateAction": true
        },
        {
          "test": "agenda-deep-link-return-and-reload-context",
          "passed": true,
          "route": "/atendimento/atendimentos/agenda",
          "date": "2026-09-15",
          "view": "list",
          "professional": "staff-vet",
          "freeText": "memory only; cleared on reload",
          "contextRestoredBeforeReload": true,
          "freeTextClearedAfterReload": true
        },
        {
          "test": "agenda-week-native-surface-drawer-focus",
          "passed": true,
          "keyboardActivation": "Enter",
          "nativeCardSurface": true,
          "drawerVisualEvidence": [
            "agenda-drawer-week-390-dark.png"
          ],
          "focusRestoredAfterDrawer": true
        },
        {
          "test": "agenda-day-native-surface-drawer-focus",
          "passed": true,
          "keyboardActivation": "Space",
          "nativeCardSurface": true,
          "drawerVisualEvidence": [
            "agenda-drawer-day-390-dark.png"
          ],
          "focusRestoredAfterDrawer": true
        },
        {
          "test": "agenda-week-day-layout-no-overflow",
          "passed": true,
          "documentWidths": {
            "week": 390,
            "day": 390
          },
          "matrixWidths": {
            "week": {
              "clientWidth": 370,
              "scrollWidth": 1129,
              "overflowX": "auto"
            },
            "day": {
              "clientWidth": 370,
              "scrollWidth": 434,
              "overflowX": "auto"
            }
          },
          "localScrollVerifiedAt": 390
        }
      ]
    }
  ]
}
