{
  "out": "/home/ricardo/cvg-his-v4/docs/frontend/implementation/evidence/continuity-VjMHVR",
  "failures": 0,
  "inputsStable": true,
  "rows": [
    {
      "target": "/appointments",
      "theme": "light",
      "viewport": {
        "width": 1440,
        "height": 900
      },
      "documentWidth": 1440,
      "documentHeight": 900,
      "errors": [],
      "interactions": [
        {
          "test": "agenda-deep-link-return-and-reload-context",
          "passed": true,
          "route": "/appointments",
          "date": "2026-09-15",
          "view": "list",
          "professional": "staff-vet",
          "freeText": "memory only; cleared on reload"
        }
      ]
    },
    {
      "target": "/appointments",
      "theme": "light",
      "viewport": {
        "width": 390,
        "height": 844
      },
      "documentWidth": 390,
      "documentHeight": 976,
      "errors": [],
      "interactions": [
        {
          "test": "agenda-deep-link-return-and-reload-context",
          "passed": true,
          "route": "/appointments",
          "date": "2026-09-15",
          "view": "list",
          "professional": "staff-vet",
          "freeText": "memory only; cleared on reload"
        }
      ]
    },
    {
      "target": "/appointments",
      "theme": "dark",
      "viewport": {
        "width": 1440,
        "height": 900
      },
      "documentWidth": 1440,
      "documentHeight": 900,
      "errors": [],
      "interactions": [
        {
          "test": "agenda-deep-link-return-and-reload-context",
          "passed": true,
          "route": "/appointments",
          "date": "2026-09-15",
          "view": "list",
          "professional": "staff-vet",
          "freeText": "memory only; cleared on reload"
        }
      ]
    },
    {
      "target": "/appointments",
      "theme": "dark",
      "viewport": {
        "width": 390,
        "height": 844
      },
      "documentWidth": 390,
      "documentHeight": 976,
      "errors": [],
      "interactions": [
        {
          "test": "agenda-deep-link-return-and-reload-context",
          "passed": true,
          "route": "/appointments",
          "date": "2026-09-15",
          "view": "list",
          "professional": "staff-vet",
          "freeText": "memory only; cleared on reload"
        }
      ]
    },
    {
      "target": "/agenda",
      "theme": "light",
      "viewport": {
        "width": 1440,
        "height": 900
      },
      "documentWidth": 1440,
      "documentHeight": 900,
      "errors": [],
      "interactions": [
        {
          "test": "agenda-deep-link-return-and-reload-context",
          "passed": true,
          "route": "/agenda",
          "date": "2026-09-15",
          "view": "list",
          "professional": "staff-vet",
          "freeText": "memory only; cleared on reload"
        }
      ]
    },
    {
      "target": "/agenda",
      "theme": "light",
      "viewport": {
        "width": 390,
        "height": 844
      },
      "documentWidth": 390,
      "documentHeight": 976,
      "errors": [],
      "interactions": [
        {
          "test": "agenda-deep-link-return-and-reload-context",
          "passed": true,
          "route": "/agenda",
          "date": "2026-09-15",
          "view": "list",
          "professional": "staff-vet",
          "freeText": "memory only; cleared on reload"
        }
      ]
    },
    {
      "target": "/agenda",
      "theme": "dark",
      "viewport": {
        "width": 1440,
        "height": 900
      },
      "documentWidth": 1440,
      "documentHeight": 900,
      "errors": [],
      "interactions": [
        {
          "test": "agenda-deep-link-return-and-reload-context",
          "passed": true,
          "route": "/agenda",
          "date": "2026-09-15",
          "view": "list",
          "professional": "staff-vet",
          "freeText": "memory only; cleared on reload"
        }
      ]
    },
    {
      "target": "/agenda",
      "theme": "dark",
      "viewport": {
        "width": 390,
        "height": 844
      },
      "documentWidth": 390,
      "documentHeight": 976,
      "errors": [],
      "interactions": [
        {
          "test": "agenda-deep-link-return-and-reload-context",
          "passed": true,
          "route": "/agenda",
          "date": "2026-09-15",
          "view": "list",
          "professional": "staff-vet",
          "freeText": "memory only; cleared on reload"
        }
      ]
    },
    {
      "target": "/agendamentos",
      "theme": "light",
      "viewport": {
        "width": 1440,
        "height": 900
      },
      "documentWidth": 1440,
      "documentHeight": 900,
      "errors": [],
      "interactions": []
    },
    {
      "target": "/agendamentos",
      "theme": "light",
      "viewport": {
        "width": 390,
        "height": 844
      },
      "documentWidth": 390,
      "documentHeight": 976,
      "errors": [],
      "interactions": []
    },
    {
      "target": "/agendamentos",
      "theme": "dark",
      "viewport": {
        "width": 1440,
        "height": 900
      },
      "documentWidth": 1440,
      "documentHeight": 900,
      "errors": [],
      "interactions": []
    },
    {
      "target": "/agendamentos",
      "theme": "dark",
      "viewport": {
        "width": 390,
        "height": 844
      },
      "documentWidth": 390,
      "documentHeight": 976,
      "errors": [],
      "interactions": []
    },
    {
      "target": "/atendimento/agenda",
      "theme": "light",
      "viewport": {
        "width": 1440,
        "height": 900
      },
      "documentWidth": 1440,
      "documentHeight": 900,
      "errors": [],
      "interactions": []
    },
    {
      "target": "/atendimento/agenda",
      "theme": "light",
      "viewport": {
        "width": 390,
        "height": 844
      },
      "documentWidth": 390,
      "documentHeight": 976,
      "errors": [],
      "interactions": []
    },
    {
      "target": "/atendimento/agenda",
      "theme": "dark",
      "viewport": {
        "width": 1440,
        "height": 900
      },
      "documentWidth": 1440,
      "documentHeight": 900,
      "errors": [],
      "interactions": []
    },
    {
      "target": "/atendimento/agenda",
      "theme": "dark",
      "viewport": {
        "width": 390,
        "height": 844
      },
      "documentWidth": 390,
      "documentHeight": 976,
      "errors": [],
      "interactions": []
    },
    {
      "target": "/atendimento/atendimentos/agenda",
      "theme": "light",
      "viewport": {
        "width": 1440,
        "height": 900
      },
      "documentWidth": 1440,
      "documentHeight": 900,
      "errors": [],
      "interactions": []
    },
    {
      "target": "/atendimento/atendimentos/agenda",
      "theme": "light",
      "viewport": {
        "width": 390,
        "height": 844
      },
      "documentWidth": 390,
      "documentHeight": 976,
      "errors": [],
      "interactions": []
    },
    {
      "target": "/atendimento/atendimentos/agenda",
      "theme": "dark",
      "viewport": {
        "width": 1440,
        "height": 900
      },
      "documentWidth": 1440,
      "documentHeight": 900,
      "errors": [],
      "interactions": []
    },
    {
      "target": "/atendimento/atendimentos/agenda",
      "theme": "dark",
      "viewport": {
        "width": 390,
        "height": 844
      },
      "documentWidth": 390,
      "documentHeight": 976,
      "errors": [],
      "interactions": []
    }
  ]
}
