12:07:56 AM [vite] (client) Re-optimizing dependencies because lockfile has changed
Error: The following dependencies are imported but could not be resolved:

  @cvg-his-v2/design-system/src/tokens/variables.css (imported by /home/ricardo/cvg-his-v4/apps/spa/src/main.ts)
  @/services/api (imported by /home/ricardo/cvg-his-v4/apps/spa/src/stores/auth.ts)
  @/components/PWAUpdateToast.vue (imported by /home/ricardo/cvg-his-v4/apps/spa/src/app/App.vue?id=0)
  @/stores/auth (imported by /home/ricardo/cvg-his-v4/apps/spa/src/router/index.ts)
  @/stores/app (imported by /home/ricardo/cvg-his-v4/apps/spa/src/router/index.ts)
  @/services/setup (imported by /home/ricardo/cvg-his-v4/apps/spa/src/router/index.ts)
  @/pages/administration/AdministrationSettingsPage.vue (imported by /home/ricardo/cvg-his-v4/apps/spa/src/router/routes.ts)
  @/pages/reports/ReportWorkbenchPage.vue (imported by /home/ricardo/cvg-his-v4/apps/spa/src/router/routes.ts)
  @/pages/auth/MfaPage.vue (imported by /home/ricardo/cvg-his-v4/apps/spa/src/router/routes.ts)
  @/pages/LoginPage.vue (imported by /home/ricardo/cvg-his-v4/apps/spa/src/router/routes.ts)
  @/pages/setup/SetupPage.vue (imported by /home/ricardo/cvg-his-v4/apps/spa/src/router/routes.ts)
  @/layouts/AppLayout.vue (imported by /home/ricardo/cvg-his-v4/apps/spa/src/router/routes.ts)
  @/pages/DashboardPage.vue (imported by /home/ricardo/cvg-his-v4/apps/spa/src/router/routes.ts)
  @/pages/finance/FinancialDashboardPage.vue (imported by /home/ricardo/cvg-his-v4/apps/spa/src/router/routes.ts)
  @/pages/finance/CurveAbcProductsPage.vue (imported by /home/ricardo/cvg-his-v4/apps/spa/src/router/routes.ts)
  @/pages/finance/CurveAbcClientsPage.vue (imported by /home/ricardo/cvg-his-v4/apps/spa/src/router/routes.ts)
  @/pages/finance/MultibranchDashboardPage.vue (imported by /home/ricardo/cvg-his-v4/apps/spa/src/router/routes.ts)
  @/pages/finance/FinanceTimelinePage.vue (imported by /home/ricardo/cvg-his-v4/apps/spa/src/router/routes.ts)
  @/pages/finance/SplitRulesCatalogPage.vue (imported by /home/ricardo/cvg-his-v4/apps/spa/src/router/routes.ts)
  @/pages/finance/CardMachinesCatalogPage.vue (imported by /home/ricardo/cvg-his-v4/apps/spa/src/router/routes.ts)
  @/pages/finance/SplitSimulatorPage.vue (imported by /home/ricardo/cvg-his-v4/apps/spa/src/router/routes.ts)
  @/pages/finance/CardTransactionsPage.vue (imported by /home/ricardo/cvg-his-v4/apps/spa/src/router/routes.ts)
  @/pages/finance/SplitExporterPage.vue (imported by /home/ricardo/cvg-his-v4/apps/spa/src/router/routes.ts)
  @/pages/finance/PaymentEnablementPage.vue (imported by /home/ricardo/cvg-his-v4/apps/spa/src/router/routes.ts)
  @/pages/finance/PaymentsDashboardPage.vue (imported by /home/ricardo/cvg-his-v4/apps/spa/src/router/routes.ts)
  @/pages/owners/OwnersListPage.vue (imported by /home/ricardo/cvg-his-v4/apps/spa/src/router/routes.ts)
  @/pages/owners/OwnerFormPage.vue (imported by /home/ricardo/cvg-his-v4/apps/spa/src/router/routes.ts)
  @/pages/owners/OwnerDetailPage.vue (imported by /home/ricardo/cvg-his-v4/apps/spa/src/router/routes.ts)
  @/pages/patients/PatientsListPage.vue (imported by /home/ricardo/cvg-his-v4/apps/spa/src/router/routes.ts)
  @/pages/patients/PatientFormPage.vue (imported by /home/ricardo/cvg-his-v4/apps/spa/src/router/routes.ts)
  @/pages/patients/PatientDetailPage.vue (imported by /home/ricardo/cvg-his-v4/apps/spa/src/router/routes.ts)
  @/pages/breeds/BreedsListPage.vue (imported by /home/ricardo/cvg-his-v4/apps/spa/src/router/routes.ts)
  @/pages/breeds/BreedFormPage.vue (imported by /home/ricardo/cvg-his-v4/apps/spa/src/router/routes.ts)
  @/pages/breeds/BreedDetailPage.vue (imported by /home/ricardo/cvg-his-v4/apps/spa/src/router/routes.ts)
  @/pages/species/SpeciesListPage.vue (imported by /home/ricardo/cvg-his-v4/apps/spa/src/router/routes.ts)
  @/pages/species/SpeciesFormPage.vue (imported by /home/ricardo/cvg-his-v4/apps/spa/src/router/routes.ts)
  @/pages/species/SpeciesDetailPage.vue (imported by /home/ricardo/cvg-his-v4/apps/spa/src/router/routes.ts)
  @/pages/coat-colors/CoatColorsListPage.vue (imported by /home/ricardo/cvg-his-v4/apps/spa/src/router/routes.ts)
  @/pages/coat-colors/CoatColorFormPage.vue (imported by /home/ricardo/cvg-his-v4/apps/spa/src/router/routes.ts)
  @/pages/coat-colors/CoatColorDetailPage.vue (imported by /home/ricardo/cvg-his-v4/apps/spa/src/router/routes.ts)
  @/pages/customer-groups/CustomerGroupsListPage.vue (imported by /home/ricardo/cvg-his-v4/apps/spa/src/router/routes.ts)
  @/pages/customer-groups/CustomerGroupFormPage.vue (imported by /home/ricardo/cvg-his-v4/apps/spa/src/router/routes.ts)
  @/pages/customer-groups/CustomerGroupDetailPage.vue (imported by /home/ricardo/cvg-his-v4/apps/spa/src/router/routes.ts)
  @/pages/encounters/EncountersListPage.vue (imported by /home/ricardo/cvg-his-v4/apps/spa/src/router/routes.ts)
  @/pages/encounters/EncounterFormPage.vue (imported by /home/ricardo/cvg-his-v4/apps/spa/src/router/routes.ts)
  @/pages/encounters/EncounterDetailPage.vue (imported by /home/ricardo/cvg-his-v4/apps/spa/src/router/routes.ts)
  @/pages/reception/ReceptionGatewayPage.vue (imported by /home/ricardo/cvg-his-v4/apps/spa/src/router/routes.ts)
  @/pages/appointments/AppointmentsListPage.vue (imported by /home/ricardo/cvg-his-v4/apps/spa/src/router/routes.ts)
  @/pages/appointments/AvailabilityPage.vue (imported by /home/ricardo/cvg-his-v4/apps/spa/src/router/routes.ts)
  @/pages/appointments/AppointmentTypesPage.vue (imported by /home/ricardo/cvg-his-v4/apps/spa/src/router/routes.ts)
  @/pages/appointments/AppointmentFormPage.vue (imported by /home/ricardo/cvg-his-v4/apps/spa/src/router/routes.ts)
  @/pages/appointments/AppointmentDetailPage.vue (imported by /home/ricardo/cvg-his-v4/apps/spa/src/router/routes.ts)
  @/pages/medical-records/MedicalRecordsListPage.vue (imported by /home/ricardo/cvg-his-v4/apps/spa/src/router/routes.ts)
  @/pages/medical-records/MedicalRecordsDetailPage.vue (imported by /home/ricardo/cvg-his-v4/apps/spa/src/router/routes.ts)
  @/pages/clinical/DiagnosticsPage.vue (imported by /home/ricardo/cvg-his-v4/apps/spa/src/router/routes.ts)
  @/pages/laboratory/ExamOrdersApiPage.vue (imported by /home/ricardo/cvg-his-v4/apps/spa/src/router/routes.ts)
  @/pages/laboratory/ExamResultsApiPage.vue (imported by /home/ricardo/cvg-his-v4/apps/spa/src/router/routes.ts)
  @/pages/laboratory/LaboratoryHubPage.vue (imported by /home/ricardo/cvg-his-v4/apps/spa/src/router/routes.ts)
  @/pages/laboratory/LaboratoryOrdersPage.vue (imported by /home/ricardo/cvg-his-v4/apps/spa/src/router/routes.ts)
  @/pages/laboratory/LaboratoryResultsPage.vue (imported by /home/ricardo/cvg-his-v4/apps/spa/src/router/routes.ts)
  @/pages/laboratory/LaboratoryHemogramsPage.vue (imported by /home/ricardo/cvg-his-v4/apps/spa/src/router/routes.ts)
  @/pages/laboratory/LaboratoryUrinalysisPage.vue (imported by /home/ricardo/cvg-his-v4/apps/spa/src/router/routes.ts)
  @/pages/laboratory/LaboratoryBiochemistryPage.vue (imported by /home/ricardo/cvg-his-v4/apps/spa/src/router/routes.ts)
  @/pages/laboratory/LaboratoryEquipmentPage.vue (imported by /home/ricardo/cvg-his-v4/apps/spa/src/router/routes.ts)
  @/pages/laboratory/LaboratoryEquipmentFormPage.vue (imported by /home/ricardo/cvg-his-v4/apps/spa/src/router/routes.ts)
  @/pages/laboratory/LaboratoryEquipmentDetailPage.vue (imported by /home/ricardo/cvg-his-v4/apps/spa/src/router/routes.ts)
  @/pages/laboratory/LaboratoryReportTypesPage.vue (imported by /home/ricardo/cvg-his-v4/apps/spa/src/router/routes.ts)
  @/pages/laboratory/LaboratoryReportTypeFormPage.vue (imported by /home/ricardo/cvg-his-v4/apps/spa/src/router/routes.ts)
  @/pages/laboratory/LaboratoryReportTypeDetailPage.vue (imported by /home/ricardo/cvg-his-v4/apps/spa/src/router/routes.ts)
  @/pages/laboratory/LaboratoryReferenceValuesPage.vue (imported by /home/ricardo/cvg-his-v4/apps/spa/src/router/routes.ts)
  @/pages/laboratory/LaboratoryHemogramReferenceValuesPage.vue (imported by /home/ricardo/cvg-his-v4/apps/spa/src/router/routes.ts)
  @/pages/laboratory/LaboratoryHemogramReferenceValueFormPage.vue (imported by /home/ricardo/cvg-his-v4/apps/spa/src/router/routes.ts)
  @/pages/laboratory/LaboratoryHemogramReferenceValueDetailPage.vue (imported by /home/ricardo/cvg-his-v4/apps/spa/src/router/routes.ts)
  @/pages/laboratory/LaboratoryBiochemistryReferenceValuesPage.vue (imported by /home/ricardo/cvg-his-v4/apps/spa/src/router/routes.ts)
  @/pages/laboratory/LaboratoryBiochemistryReferenceValueFormPage.vue (imported by /home/ricardo/cvg-his-v4/apps/spa/src/router/routes.ts)
  @/pages/laboratory/LaboratoryBiochemistryReferenceValueDetailPage.vue (imported by /home/ricardo/cvg-his-v4/apps/spa/src/router/routes.ts)
  @/pages/clinical/PrescriptionsPage.vue (imported by /home/ricardo/cvg-his-v4/apps/spa/src/router/routes.ts)
  @/pages/clinical/PrescriptionExecutionsPage.vue (imported by /home/ricardo/cvg-his-v4/apps/spa/src/router/routes.ts)
  @/pages/clinical/DischargesPage.vue (imported by /home/ricardo/cvg-his-v4/apps/spa/src/router/routes.ts)
  @/pages/clinical/SurgeryPage.vue (imported by /home/ricardo/cvg-his-v4/apps/spa/src/router/routes.ts)
  @/pages/inpatient/InpatientListPage.vue (imported by /home/ricardo/cvg-his-v4/apps/spa/src/router/routes.ts)
  @/pages/inpatient/BedBoardPage.vue (imported by /home/ricardo/cvg-his-v4/apps/spa/src/router/routes.ts)
  @/pages/inpatient/InpatientDailyChargesPage.vue (imported by /home/ricardo/cvg-his-v4/apps/spa/src/router/routes.ts)
  @/pages/inpatient/InpatientAdmissionPage.vue (imported by /home/ricardo/cvg-his-v4/apps/spa/src/router/routes.ts)
  @/pages/inpatient/InpatientDetailPage.vue (imported by /home/ricardo/cvg-his-v4/apps/spa/src/router/routes.ts)
  @/pages/inpatient/SectorsPage.vue (imported by /home/ricardo/cvg-his-v4/apps/spa/src/router/routes.ts)
  @/pages/inpatient/BedsPage.vue (imported by /home/ricardo/cvg-his-v4/apps/spa/src/router/routes.ts)
  @/pages/inpatient/BedFormPage.vue (imported by /home/ricardo/cvg-his-v4/apps/spa/src/router/routes.ts)
  @/pages/inpatient/BedDetailPage.vue (imported by /home/ricardo/cvg-his-v4/apps/spa/src/router/routes.ts)
  @/pages/billing/BillingListPage.vue (imported by /home/ricardo/cvg-his-v4/apps/spa/src/router/routes.ts)
  @/pages/billing/BillingDetailPage.vue (imported by /home/ricardo/cvg-his-v4/apps/spa/src/router/routes.ts)
  @/pages/finance/AccountsPayablePage.vue (imported by /home/ricardo/cvg-his-v4/apps/spa/src/router/routes.ts)
  @/pages/finance/FinancialReconciliationPage.vue (imported by /home/ricardo/cvg-his-v4/apps/spa/src/router/routes.ts)
  @/pages/finance/AdvancePaymentsPage.vue (imported by /home/ricardo/cvg-his-v4/apps/spa/src/router/routes.ts)
  @/pages/finance/CardAccountsPage.vue (imported by /home/ricardo/cvg-his-v4/apps/spa/src/router/routes.ts)
  @/pages/finance/ChequesPage.vue (imported by /home/ricardo/cvg-his-v4/apps/spa/src/router/routes.ts)
  @/pages/finance/CashFlowPage.vue (imported by /home/ricardo/cvg-his-v4/apps/spa/src/router/routes.ts)
  @/pages/triage/TriageListPage.vue (imported by /home/ricardo/cvg-his-v4/apps/spa/src/router/routes.ts)
  @/pages/triage/TriageFormPage.vue (imported by /home/ricardo/cvg-his-v4/apps/spa/src/router/routes.ts)
  @/pages/triage/TriageDetailPage.vue (imported by /home/ricardo/cvg-his-v4/apps/spa/src/router/routes.ts)
  @/pages/users/UsersListPage.vue (imported by /home/ricardo/cvg-his-v4/apps/spa/src/router/routes.ts)
  @/pages/users/UserFormPage.vue (imported by /home/ricardo/cvg-his-v4/apps/spa/src/router/routes.ts)
  @/pages/users/UserDetailPage.vue (imported by /home/ricardo/cvg-his-v4/apps/spa/src/router/routes.ts)
  @/pages/access-control/AccessControlPage.vue (imported by /home/ricardo/cvg-his-v4/apps/spa/src/router/routes.ts)
  @/pages/audit/AuditPage.vue (imported by /home/ricardo/cvg-his-v4/apps/spa/src/router/routes.ts)
  @/pages/lgpd/LgpdHubPage.vue (imported by /home/ricardo/cvg-his-v4/apps/spa/src/router/routes.ts)
  @/pages/master-search/MasterSearchPage.vue (imported by /home/ricardo/cvg-his-v4/apps/spa/src/router/routes.ts)
  @/pages/commercial-reports/CommercialReportsPage.vue (imported by /home/ricardo/cvg-his-v4/apps/spa/src/router/routes.ts)
  @/pages/reports/ReportsDomainHubPage.vue (imported by /home/ricardo/cvg-his-v4/apps/spa/src/router/routes.ts)
  @/pages/reports/ReportsEnginePage.vue (imported by /home/ricardo/cvg-his-v4/apps/spa/src/router/routes.ts)
  @/pages/reports/FinancialReportsPage.vue (imported by /home/ricardo/cvg-his-v4/apps/spa/src/router/routes.ts)
  @/pages/reports/EncounterReportsPage.vue (imported by /home/ricardo/cvg-his-v4/apps/spa/src/router/routes.ts)
  @/pages/reports/RegisterReportsPage.vue (imported by /home/ricardo/cvg-his-v4/apps/spa/src/router/routes.ts)
  @/pages/api-client/ApiClientPage.vue (imported by /home/ricardo/cvg-his-v4/apps/spa/src/router/routes.ts)
  @/pages/api-keys/ApiKeysPage.vue (imported by /home/ricardo/cvg-his-v4/apps/spa/src/router/routes.ts)
  @/pages/marketing/MarketingSmsPage.vue (imported by /home/ricardo/cvg-his-v4/apps/spa/src/router/routes.ts)
  @/pages/marketing/MarketingCampaignsPage.vue (imported by /home/ricardo/cvg-his-v4/apps/spa/src/router/routes.ts)
  @/pages/notifications/NotificationsPage.vue (imported by /home/ricardo/cvg-his-v4/apps/spa/src/router/routes.ts)
  @/pages/marketing/VaccineEmailLayoutPage.vue (imported by /home/ricardo/cvg-his-v4/apps/spa/src/router/routes.ts)
  @/pages/marketing/MarketingSmsSettingsPage.vue (imported by /home/ricardo/cvg-his-v4/apps/spa/src/router/routes.ts)
  @/pages/notifications/WhatsAppPage.vue (imported by /home/ricardo/cvg-his-v4/apps/spa/src/router/routes.ts)
  @/pages/finance/PixPage.vue (imported by /home/ricardo/cvg-his-v4/apps/spa/src/router/routes.ts)
  @/pages/finance/CashPage.vue (imported by /home/ricardo/cvg-his-v4/apps/spa/src/router/routes.ts)
  @/pages/finance/PaymentMethodsCatalogPage.vue (imported by /home/ricardo/cvg-his-v4/apps/spa/src/router/routes.ts)
  @/pages/finance/BanksCatalogPage.vue (imported by /home/ricardo/cvg-his-v4/apps/spa/src/router/routes.ts)
  @/pages/finance/CostCentersPage.vue (imported by /home/ricardo/cvg-his-v4/apps/spa/src/router/routes.ts)
  @/pages/finance/CardsPage.vue (imported by /home/ricardo/cvg-his-v4/apps/spa/src/router/routes.ts)
  @/pages/finance/ExpensesPage.vue (imported by /home/ricardo/cvg-his-v4/apps/spa/src/router/routes.ts)
  @/pages/sales/SalesPage.vue (imported by /home/ricardo/cvg-his-v4/apps/spa/src/router/routes.ts)
  @/pages/sales/CounterSalesPage.vue (imported by /home/ricardo/cvg-his-v4/apps/spa/src/router/routes.ts)
  @/pages/sales/QuotesPage.vue (imported by /home/ricardo/cvg-his-v4/apps/spa/src/router/routes.ts)
  @/pages/sales/PackagesPage.vue (imported by /home/ricardo/cvg-his-v4/apps/spa/src/router/routes.ts)
  @/pages/scheduling/SchedulingListPage.vue (imported by /home/ricardo/cvg-his-v4/apps/spa/src/router/routes.ts)
  @/pages/scheduling/SchedulingFormPage.vue (imported by /home/ricardo/cvg-his-v4/apps/spa/src/router/routes.ts)
  @/pages/scheduling/QueuePage.vue (imported by /home/ricardo/cvg-his-v4/apps/spa/src/router/routes.ts)
  @/pages/preventive/VaccinesDewormersPage.vue (imported by /home/ricardo/cvg-his-v4/apps/spa/src/router/routes.ts)
  @/pages/inventory/InventoryListPage.vue (imported by /home/ricardo/cvg-his-v4/apps/spa/src/router/routes.ts)
  @/pages/inventory/InventoryFormPage.vue (imported by /home/ricardo/cvg-his-v4/apps/spa/src/router/routes.ts)
  @/pages/inventory/InventoryDetailPage.vue (imported by /home/ricardo/cvg-his-v4/apps/spa/src/router/routes.ts)
  @/pages/inventory/InventoryPriceConsultationPage.vue (imported by /home/ricardo/cvg-his-v4/apps/spa/src/router/routes.ts)
  @/pages/inventory/InventoryStockTransactionPage.vue (imported by /home/ricardo/cvg-his-v4/apps/spa/src/router/routes.ts)
  @/pages/inventory/InventoryPharmacyRequestPage.vue (imported by /home/ricardo/cvg-his-v4/apps/spa/src/router/routes.ts)
  @/pages/inventory/InventoryAuditPage.vue (imported by /home/ricardo/cvg-his-v4/apps/spa/src/router/routes.ts)
  @/pages/inventory/InventoryPriceAuditPage.vue (imported by /home/ricardo/cvg-his-v4/apps/spa/src/router/routes.ts)
  @/pages/inventory/InventoryPurchasesPage.vue (imported by /home/ricardo/cvg-his-v4/apps/spa/src/router/routes.ts)
  @/pages/inventory/InventoryPurchaseDetailPage.vue (imported by /home/ricardo/cvg-his-v4/apps/spa/src/router/routes.ts)
  @/pages/inventory/InventoryPriceAdjustmentsPage.vue (imported by /home/ricardo/cvg-his-v4/apps/spa/src/router/routes.ts)
  @/pages/inventory/InventoryDataCollectorsPage.vue (imported by /home/ricardo/cvg-his-v4/apps/spa/src/router/routes.ts)
  @/pages/inventory/InventoryTransfersPage.vue (imported by /home/ricardo/cvg-his-v4/apps/spa/src/router/routes.ts)
  @/pages/inventory/InventoryInvoicesPage.vue (imported by /home/ricardo/cvg-his-v4/apps/spa/src/router/routes.ts)
  @/pages/inventory/InventoryValidityPage.vue (imported by /home/ricardo/cvg-his-v4/apps/spa/src/router/routes.ts)
  @/pages/inventory/PriceTablesPage.vue (imported by /home/ricardo/cvg-his-v4/apps/spa/src/router/routes.ts)
  @/pages/inventory/PointOfSaleSyncPage.vue (imported by /home/ricardo/cvg-his-v4/apps/spa/src/router/routes.ts)
  @/pages/fiscal/FiscalConfigPage.vue (imported by /home/ricardo/cvg-his-v4/apps/spa/src/router/routes.ts)
  @/pages/fiscal/FiscalICMSPage.vue (imported by /home/ricardo/cvg-his-v4/apps/spa/src/router/routes.ts)
  @/pages/fiscal/FiscalIPIPage.vue (imported by /home/ricardo/cvg-his-v4/apps/spa/src/router/routes.ts)
  @/pages/fiscal/FiscalTaxOperationPage.vue (imported by /home/ricardo/cvg-his-v4/apps/spa/src/router/routes.ts)
  @/pages/fiscal/FiscalIBSCBSPage.vue (imported by /home/ricardo/cvg-his-v4/apps/spa/src/router/routes.ts)
  @/pages/fiscal/FiscalPisCofinsPage.vue (imported by /home/ricardo/cvg-his-v4/apps/spa/src/router/routes.ts)
  @/pages/fiscal/FiscalPISPage.vue (imported by /home/ricardo/cvg-his-v4/apps/spa/src/router/routes.ts)
  @/pages/fiscal/FiscalCOFINSPage.vue (imported by /home/ricardo/cvg-his-v4/apps/spa/src/router/routes.ts)
  @/pages/fiscal/FiscalCfopPage.vue (imported by /home/ricardo/cvg-his-v4/apps/spa/src/router/routes.ts)
  @/pages/fiscal/FiscalNFSELayoutPage.vue (imported by /home/ricardo/cvg-his-v4/apps/spa/src/router/routes.ts)
  @/pages/fiscal/FiscalNcmPage.vue (imported by /home/ricardo/cvg-his-v4/apps/spa/src/router/routes.ts)
  @/pages/fiscal/FiscalICMSMatrixPage.vue (imported by /home/ricardo/cvg-his-v4/apps/spa/src/router/routes.ts)
  @/pages/webhooks/WebhooksListPage.vue (imported by /home/ricardo/cvg-his-v4/apps/spa/src/router/routes.ts)
  @/pages/webhooks/WebhookFormPage.vue (imported by /home/ricardo/cvg-his-v4/apps/spa/src/router/routes.ts)
  @/pages/webhooks/WebhookDetailPage.vue (imported by /home/ricardo/cvg-his-v4/apps/spa/src/router/routes.ts)
  @/pages/products/ProductsListPage.vue (imported by /home/ricardo/cvg-his-v4/apps/spa/src/router/routes.ts)
  @/pages/inventory/SuppliersPage.vue (imported by /home/ricardo/cvg-his-v4/apps/spa/src/router/routes.ts)
  @/pages/inventory/ManufacturersPage.vue (imported by /home/ricardo/cvg-his-v4/apps/spa/src/router/routes.ts)
  @/pages/inventory/ProductGroupsPage.vue (imported by /home/ricardo/cvg-his-v4/apps/spa/src/router/routes.ts)
  @/pages/inventory/CompanySectorsPage.vue (imported by /home/ricardo/cvg-his-v4/apps/spa/src/router/routes.ts)
  @/pages/inventory/MeasurementUnitsPage.vue (imported by /home/ricardo/cvg-his-v4/apps/spa/src/router/routes.ts)
  @/pages/inventory/WarehousesPage.vue (imported by /home/ricardo/cvg-his-v4/apps/spa/src/router/routes.ts)
  @/pages/products/ProductsImportPage.vue (imported by /home/ricardo/cvg-his-v4/apps/spa/src/router/routes.ts)
  @/pages/products/ProductFormPage.vue (imported by /home/ricardo/cvg-his-v4/apps/spa/src/router/routes.ts)
  @/pages/products/ProductDetailPage.vue (imported by /home/ricardo/cvg-his-v4/apps/spa/src/router/routes.ts)
  @/pages/services/ServicesListPage.vue (imported by /home/ricardo/cvg-his-v4/apps/spa/src/router/routes.ts)
  @/pages/services/ServiceFormPage.vue (imported by /home/ricardo/cvg-his-v4/apps/spa/src/router/routes.ts)
  @/pages/services/ServicesImportPage.vue (imported by /home/ricardo/cvg-his-v4/apps/spa/src/router/routes.ts)
  @/pages/imports/VetusAssistedImportPage.vue (imported by /home/ricardo/cvg-his-v4/apps/spa/src/router/routes.ts)
  @/pages/responsibility-terms/ResponsibilityTermsListPage.vue (imported by /home/ricardo/cvg-his-v4/apps/spa/src/router/routes.ts)
  @/pages/responsibility-terms/ResponsibilityTermFormPage.vue (imported by /home/ricardo/cvg-his-v4/apps/spa/src/router/routes.ts)
  @/pages/responsibility-terms/ResponsibilityTermDetailPage.vue (imported by /home/ricardo/cvg-his-v4/apps/spa/src/router/routes.ts)
  @/pages/services/ServiceDetailPage.vue (imported by /home/ricardo/cvg-his-v4/apps/spa/src/router/routes.ts)
  @/pages/loyalty/LoyaltyPage.vue (imported by /home/ricardo/cvg-his-v4/apps/spa/src/router/routes.ts)
  @/pages/staff/StaffListPage.vue (imported by /home/ricardo/cvg-his-v4/apps/spa/src/router/routes.ts)
  @/pages/staff/StaffFormPage.vue (imported by /home/ricardo/cvg-his-v4/apps/spa/src/router/routes.ts)
  @/pages/staff/StaffDetailPage.vue (imported by /home/ricardo/cvg-his-v4/apps/spa/src/router/routes.ts)
  @/pages/rh/CommissionRulesPage.vue (imported by /home/ricardo/cvg-his-v4/apps/spa/src/router/routes.ts)
  @/pages/rh/CommissionCalculationsPage.vue (imported by /home/ricardo/cvg-his-v4/apps/spa/src/router/routes.ts)
  @/pages/rh/TimeOffPage.vue (imported by /home/ricardo/cvg-his-v4/apps/spa/src/router/routes.ts)
  @/pages/rh/RhProfessionsPage.vue (imported by /home/ricardo/cvg-his-v4/apps/spa/src/router/routes.ts)
  @/pages/NotFoundPage.vue (imported by /home/ricardo/cvg-his-v4/apps/spa/src/router/routes.ts)

Are they installed?
    at file:///home/ricardo/cvg-his-v4/node_modules/.pnpm/vite@6.4.3_@types+node@22.19.11_terser@5.46.1_tsx@4.21.0_yaml@2.8.3/node_modules/vite/dist/node/chunks/dep-Dm0c1Wj2.js:14849:15
    at process.processTicksAndRejections (node:internal/process/task_queues:104:5)
    at async file:///home/ricardo/cvg-his-v4/node_modules/.pnpm/vite@6.4.3_@types+node@22.19.11_terser@5.46.1_tsx@4.21.0_yaml@2.8.3/node_modules/vite/dist/node/chunks/dep-Dm0c1Wj2.js:47144:28
12:07:58 AM [vite] (client) ✨ new dependencies optimized: vue
node:internal/modules/run_main:107
    triggerUncaughtException(
    ^

locator.waitFor: Timeout 30000ms exceeded.
Call log:
[2m  - waiting for locator('#save') to be visible[22m

    at /home/ricardo/cvg-his-v4/docs/frontend/implementation/button-material-browser.mjs:32:99 {
  name: 'TimeoutError'
}

Node.js v24.20.0
