{
  "out": "/home/ricardo/cvg-his-v4/docs/frontend/implementation/evidence/continuity-bm3xLl",
  "failures": 0,
  "inputsStable": true,
  "rows": [
    {
      "target": "/reception",
      "theme": "light",
      "viewport": {
        "width": 1440,
        "height": 900
      },
      "documentWidth": 1440,
      "documentHeight": 1227,
      "errors": [],
      "interactions": [
        {
          "test": "reception-populated-search-and-queue",
          "passed": true,
          "firstQueueY": 527.953125,
          "resultY": 527.953125,
          "schedulingHref": "/appointments/new?ownerId=synthetic-owner-1"
        }
      ]
    },
    {
      "target": "/reception",
      "theme": "light",
      "viewport": {
        "width": 390,
        "height": 844
      },
      "documentWidth": 390,
      "documentHeight": 1404,
      "errors": [],
      "interactions": [
        {
          "test": "reception-populated-search-and-queue",
          "passed": true,
          "firstQueueY": 592.9375,
          "resultY": 623.9375,
          "schedulingHref": "/appointments/new?ownerId=synthetic-owner-1"
        }
      ]
    },
    {
      "target": "/reception",
      "theme": "dark",
      "viewport": {
        "width": 1440,
        "height": 900
      },
      "documentWidth": 1440,
      "documentHeight": 1227,
      "errors": [],
      "interactions": [
        {
          "test": "reception-populated-search-and-queue",
          "passed": true,
          "firstQueueY": 527.953125,
          "resultY": 527.953125,
          "schedulingHref": "/appointments/new?ownerId=synthetic-owner-1"
        }
      ]
    },
    {
      "target": "/reception",
      "theme": "dark",
      "viewport": {
        "width": 390,
        "height": 844
      },
      "documentWidth": 390,
      "documentHeight": 1404,
      "errors": [],
      "interactions": [
        {
          "test": "reception-populated-search-and-queue",
          "passed": true,
          "firstQueueY": 592.9375,
          "resultY": 623.9375,
          "schedulingHref": "/appointments/new?ownerId=synthetic-owner-1"
        }
      ]
    }
  ]
}
