
 RUN  v4.1.2 /home/ricardo/cvg-his-v4/apps/spa

 ✓ src/pages/owners/__tests__/OwnerFormPage.test.ts > OwnerFormPage > renders the new customer title 1601ms
 ✓ src/pages/owners/__tests__/OwnerFormPage.test.ts > OwnerFormPage > renders the new grouped form fields 143ms
 ✓ src/pages/owners/__tests__/OwnerFormPage.test.ts > OwnerFormPage > shows validation error when name is empty 87ms
 ✓ src/pages/owners/__tests__/OwnerFormPage.test.ts > OwnerFormPage > shows validation error when no contact is provided 109ms
 ✓ src/pages/owners/__tests__/OwnerFormPage.test.ts > OwnerFormPage > submits the new customer payload successfully 252ms
 ✓ src/pages/owners/__tests__/OwnerFormPage.test.ts > OwnerFormPage > hydrates the expanded fields in edit mode 267ms
 ✓ src/pages/owners/__tests__/OwnerFormPage.test.ts > OwnerFormPage > reloads the current owner and ignores a late previous response after a route switch 535ms
 ✓ src/pages/owners/__tests__/OwnerFormPage.test.ts > OwnerFormPage > rejects a successful owner response whose identity differs from the edit route 259ms
 ✓ src/pages/owners/__tests__/OwnerFormPage.test.ts > OwnerFormPage > does not report update success when the returned owner belongs to another route 329ms
 ✓ src/pages/owners/__tests__/OwnerFormPage.test.ts > OwnerFormPage > does not duplicate a pending save or navigate away from edits made during it 180ms
 ✓ src/pages/owners/__tests__/OwnerFormPage.test.ts > OwnerFormPage > preserves entered values after a failed save 126ms
 ✓ src/pages/owners/__tests__/OwnerFormPage.test.ts > OwnerFormPage > blocks mutation after failed hydration and allows a successful retry 160ms
 ✓ src/pages/owners/__tests__/OwnerFormPage.test.ts > OwnerFormPage > keeps edits entered while an existing tutor update is pending 256ms
 ✓ src/composables/__tests__/useUnsavedChanges.test.ts > unsaved changes through router navigation > keeps edits when leaving is declined, then permits explicit discard 57ms
 ✓ src/composables/__tests__/useUnsavedChanges.test.ts > unsaved changes through router navigation > protects changing the record in the same component 14ms
 ✓ src/composables/__tests__/useUnsavedChanges.test.ts > unsaved changes through router navigation > marks only the submitted snapshot clean, retaining subsequent edits 10ms
 ✓ src/composables/__tests__/useUnsavedChanges.test.ts > unsaved changes through router navigation > allows clean navigation and warns on browser unload only while dirty 13ms
 ✓ src/composables/__tests__/useUnsavedChanges.test.ts > concurrent navigation and teardown > settles pending departure when the component is disposed 7ms
 ✓ src/composables/__tests__/useUnsavedChanges.test.ts > concurrent navigation and teardown > shares a confirmation for rapid competing destinations without discarding on cancel 27ms
 ✓ src/composables/__tests__/useUnsavedChanges.test.ts > workspace logout consent > keeps session and draft on decline; discard permits logout navigation without a second prompt 10ms
 ✓ src/composables/__tests__/useUnsavedChanges.test.ts > workspace logout consent > does not discard a different record or changed values while awaiting consent 1ms

 Test Files  2 passed (2)
      Tests  21 passed (21)
   Start at  23:51:14
   Duration  8.29s (transform 1.32s, setup 276ms, import 264ms, tests 4.46s, environment 2.61s)

