{
  "out": "/home/ricardo/cvg-his-v4/docs/frontend/implementation/evidence/continuity-NKxQeO",
  "failures": 0,
  "inputsStable": true,
  "rows": [
    {
      "target": "/medical-records/synthetic-encounter",
      "theme": "light",
      "viewport": {
        "width": 1440,
        "height": 900
      },
      "documentWidth": 1440,
      "documentHeight": 1591,
      "errors": [],
      "interactions": [
        {
          "test": "medical-record-context-attachments-download-confirmation-and-draft-recovery",
          "passed": true,
          "patient": "Luna Clínica",
          "attachmentMetadata": true,
          "quarantinedAttachmentNotActionable": true,
          "invalidDownloadRejected": true,
          "validDownloadConfirmed": true,
          "draftState": [
            "local",
            "persistência não confirmada",
            "salvo no prontuário"
          ],
          "failedSavePreservedDraft": true,
          "savedAfterServerConfirmation": true
        }
      ]
    },
    {
      "target": "/medical-records/synthetic-encounter",
      "theme": "light",
      "viewport": {
        "width": 390,
        "height": 844
      },
      "documentWidth": 390,
      "documentHeight": 2699,
      "errors": [],
      "interactions": [
        {
          "test": "medical-record-context-attachments-download-confirmation-and-draft-recovery",
          "passed": true,
          "patient": "Luna Clínica",
          "attachmentMetadata": true,
          "quarantinedAttachmentNotActionable": true,
          "invalidDownloadRejected": true,
          "validDownloadConfirmed": true,
          "draftState": [
            "local",
            "persistência não confirmada",
            "salvo no prontuário"
          ],
          "failedSavePreservedDraft": true,
          "savedAfterServerConfirmation": true
        }
      ]
    },
    {
      "target": "/medical-records/synthetic-encounter",
      "theme": "dark",
      "viewport": {
        "width": 1440,
        "height": 900
      },
      "documentWidth": 1440,
      "documentHeight": 1591,
      "errors": [],
      "interactions": [
        {
          "test": "medical-record-context-attachments-download-confirmation-and-draft-recovery",
          "passed": true,
          "patient": "Luna Clínica",
          "attachmentMetadata": true,
          "quarantinedAttachmentNotActionable": true,
          "invalidDownloadRejected": true,
          "validDownloadConfirmed": true,
          "draftState": [
            "local",
            "persistência não confirmada",
            "salvo no prontuário"
          ],
          "failedSavePreservedDraft": true,
          "savedAfterServerConfirmation": true
        }
      ]
    },
    {
      "target": "/medical-records/synthetic-encounter",
      "theme": "dark",
      "viewport": {
        "width": 390,
        "height": 844
      },
      "documentWidth": 390,
      "documentHeight": 2699,
      "errors": [],
      "interactions": [
        {
          "test": "medical-record-context-attachments-download-confirmation-and-draft-recovery",
          "passed": true,
          "patient": "Luna Clínica",
          "attachmentMetadata": true,
          "quarantinedAttachmentNotActionable": true,
          "invalidDownloadRejected": true,
          "validDownloadConfirmed": true,
          "draftState": [
            "local",
            "persistência não confirmada",
            "salvo no prontuário"
          ],
          "failedSavePreservedDraft": true,
          "savedAfterServerConfirmation": true
        }
      ]
    }
  ]
}
