{
  "out": "/home/ricardo/cvg-his-v4/docs/frontend/implementation/evidence/continuity-Tcf06a",
  "failures": 1,
  "inputsStable": false,
  "rows": [
    {
      "target": "/owners/new",
      "theme": "light",
      "viewport": {
        "width": 390,
        "height": 844
      },
      "documentWidth": 390,
      "documentHeight": 4277,
      "errors": [],
      "interactions": [
        {
          "test": "native-history-scroll-and-route-focus",
          "passed": true,
          "departureY": 3193,
          "returnedY": 3193,
          "returnedFocus": "Cancelar",
          "documentRequests": []
        },
        {
          "test": "logout-keeps-session-until-consent",
          "passed": true,
          "width": 390,
          "theme": "light"
        }
      ]
    },
    {
      "target": "/owners/new",
      "theme": "dark",
      "viewport": {
        "width": 1440,
        "height": 900
      },
      "documentWidth": 1440,
      "documentHeight": 2391,
      "errors": [],
      "interactions": [
        {
          "test": "native-history-scroll-and-route-focus",
          "passed": true,
          "departureY": 1491,
          "returnedY": 1491,
          "returnedFocus": "Cancelar",
          "documentRequests": []
        },
        {
          "test": "logout-keeps-session-until-consent",
          "passed": true,
          "width": 1440,
          "theme": "dark"
        }
      ]
    },
    {
      "target": "/owners/new",
      "theme": "dark",
      "viewport": {
        "width": 390,
        "height": 844
      },
      "documentWidth": 390,
      "documentHeight": 4277,
      "errors": [],
      "interactions": [
        {
          "test": "native-history-scroll-and-route-focus",
          "passed": true,
          "departureY": 3193,
          "returnedY": 3193,
          "returnedFocus": "Cancelar",
          "documentRequests": []
        },
        {
          "test": "logout-keeps-session-until-consent",
          "passed": true,
          "width": 390,
          "theme": "dark"
        }
      ]
    }
  ]
}
