{
  "out": "/home/ricardo/cvg-his-v4/docs/frontend/implementation/evidence/continuity-wBIaTG",
  "failures": 0,
  "inputsStable": true,
  "rows": [
    {
      "target": "/owners/new",
      "theme": "light",
      "viewport": {
        "width": 1440,
        "height": 900
      },
      "documentWidth": 1440,
      "documentHeight": 1408,
      "errors": [],
      "interactions": [
        {
          "test": "owner-progressive-invalid-summary-and-focus",
          "passed": true,
          "openSections": 2,
          "errorCount": 2,
          "collapsedContactValidationReopened": true,
          "focusedFieldAfterReopen": "phone1"
        },
        {
          "test": "owner-progressive-sections-preserve-input-and-sticky-actions",
          "passed": true,
          "preserved": [
            "fullName",
            "phone1"
          ]
        },
        {
          "test": "native-history-scroll-and-route-focus",
          "passed": true,
          "departureY": 508,
          "returnedY": 508,
          "routerSavedScrollTop": 508,
          "returnedFocus": "Cancelar",
          "keyboardActivated": true,
          "documentRequests": []
        },
        {
          "test": "dirty-sidebar-continue",
          "passed": true,
          "preserved": [
            "fullName",
            "phone1"
          ],
          "dialogFocusRestored": true
        },
        {
          "test": "dirty-sidebar-discard",
          "passed": true,
          "documentRequests": []
        },
        {
          "test": "clean-cancel-client-navigation",
          "passed": true,
          "documentRequests": []
        },
        {
          "test": "missing-return-control-terminal-state-fallback",
          "passed": true,
          "terminalState": "empty",
          "focusedFallback": "Cadastrar Novo Tutor",
          "targetRemoved": true
        },
        {
          "test": "stuck-loading-return-control-bounded-fallback",
          "passed": true,
          "fallbackAfterMs": 1200,
          "bodyRemainsBusy": true
        },
        {
          "test": "logout-keeps-session-until-consent",
          "passed": true,
          "width": 1440,
          "theme": "light"
        },
        {
          "test": "shareable-deep-link-reload",
          "passed": true,
          "path": "/owners/new",
          "queryPreserved": true,
          "headingCount": 1
        },
        {
          "test": "permission-change-does-not-restore-access",
          "passed": true,
          "redirectedPath": "/",
          "staleControlCount": 0,
          "documentRequests": [
            "http://127.0.0.1:39719/owners/new?permission=revoked"
          ]
        }
      ]
    },
    {
      "target": "/owners/new",
      "theme": "light",
      "viewport": {
        "width": 390,
        "height": 844
      },
      "documentWidth": 390,
      "documentHeight": 2467,
      "errors": [],
      "interactions": [
        {
          "test": "owner-progressive-invalid-summary-and-focus",
          "passed": true,
          "openSections": 2,
          "errorCount": 2,
          "collapsedContactValidationReopened": true,
          "focusedFieldAfterReopen": "phone1"
        },
        {
          "test": "owner-progressive-sections-preserve-input-and-sticky-actions",
          "passed": true,
          "preserved": [
            "fullName",
            "phone1"
          ]
        },
        {
          "test": "native-history-scroll-and-route-focus",
          "passed": true,
          "departureY": 1371,
          "returnedY": 1371,
          "routerSavedScrollTop": 1371,
          "returnedFocus": "Cancelar",
          "keyboardActivated": true,
          "documentRequests": []
        },
        {
          "test": "logout-keeps-session-until-consent",
          "passed": true,
          "width": 390,
          "theme": "light"
        },
        {
          "test": "shareable-deep-link-reload",
          "passed": true,
          "path": "/owners/new",
          "queryPreserved": true,
          "headingCount": 1
        },
        {
          "test": "permission-change-does-not-restore-access",
          "passed": true,
          "redirectedPath": "/",
          "staleControlCount": 0,
          "documentRequests": [
            "http://127.0.0.1:39719/owners/new?permission=revoked"
          ]
        }
      ]
    },
    {
      "target": "/owners/new",
      "theme": "dark",
      "viewport": {
        "width": 1440,
        "height": 900
      },
      "documentWidth": 1440,
      "documentHeight": 1408,
      "errors": [],
      "interactions": [
        {
          "test": "owner-progressive-invalid-summary-and-focus",
          "passed": true,
          "openSections": 2,
          "errorCount": 2,
          "collapsedContactValidationReopened": true,
          "focusedFieldAfterReopen": "phone1"
        },
        {
          "test": "owner-progressive-sections-preserve-input-and-sticky-actions",
          "passed": true,
          "preserved": [
            "fullName",
            "phone1"
          ]
        },
        {
          "test": "native-history-scroll-and-route-focus",
          "passed": true,
          "departureY": 508,
          "returnedY": 508,
          "routerSavedScrollTop": 508,
          "returnedFocus": "Cancelar",
          "keyboardActivated": true,
          "documentRequests": []
        },
        {
          "test": "logout-keeps-session-until-consent",
          "passed": true,
          "width": 1440,
          "theme": "dark"
        },
        {
          "test": "shareable-deep-link-reload",
          "passed": true,
          "path": "/owners/new",
          "queryPreserved": true,
          "headingCount": 1
        },
        {
          "test": "permission-change-does-not-restore-access",
          "passed": true,
          "redirectedPath": "/",
          "staleControlCount": 0,
          "documentRequests": [
            "http://127.0.0.1:39719/owners/new?permission=revoked"
          ]
        }
      ]
    },
    {
      "target": "/owners/new",
      "theme": "dark",
      "viewport": {
        "width": 390,
        "height": 844
      },
      "documentWidth": 390,
      "documentHeight": 2467,
      "errors": [],
      "interactions": [
        {
          "test": "owner-progressive-invalid-summary-and-focus",
          "passed": true,
          "openSections": 2,
          "errorCount": 2,
          "collapsedContactValidationReopened": true,
          "focusedFieldAfterReopen": "phone1"
        },
        {
          "test": "owner-progressive-sections-preserve-input-and-sticky-actions",
          "passed": true,
          "preserved": [
            "fullName",
            "phone1"
          ]
        },
        {
          "test": "native-history-scroll-and-route-focus",
          "passed": true,
          "departureY": 1371,
          "returnedY": 1371,
          "routerSavedScrollTop": 1371,
          "returnedFocus": "Cancelar",
          "keyboardActivated": true,
          "documentRequests": []
        },
        {
          "test": "logout-keeps-session-until-consent",
          "passed": true,
          "width": 390,
          "theme": "dark"
        },
        {
          "test": "shareable-deep-link-reload",
          "passed": true,
          "path": "/owners/new",
          "queryPreserved": true,
          "headingCount": 1
        },
        {
          "test": "permission-change-does-not-restore-access",
          "passed": true,
          "redirectedPath": "/",
          "staleControlCount": 0,
          "documentRequests": [
            "http://127.0.0.1:39719/owners/new?permission=revoked"
          ]
        }
      ]
    },
    {
      "target": "/users",
      "theme": "light",
      "viewport": {
        "width": 1440,
        "height": 900
      },
      "documentWidth": 1440,
      "documentHeight": 1102,
      "errors": [],
      "interactions": []
    },
    {
      "target": "/users",
      "theme": "light",
      "viewport": {
        "width": 390,
        "height": 844
      },
      "documentWidth": 390,
      "documentHeight": 1911,
      "errors": [],
      "interactions": [
        {
          "test": "real-data-table-history-scroll-and-keyboard",
          "passed": true,
          "tableCaption": "Lista de usuários do sistema",
          "departureLocalScroll": 394,
          "returnedLocalScroll": 394,
          "keyboardArrowRightScroll": 286,
          "keyboardArrowLeftScroll": 0,
          "returnedFocus": {
            "connected": true,
            "href": "/users/synthetic-user-admin",
            "text": "Ver"
          },
          "clientNavigationFromRealTable": true,
          "documentRequests": []
        }
      ]
    },
    {
      "target": "/users",
      "theme": "dark",
      "viewport": {
        "width": 1440,
        "height": 900
      },
      "documentWidth": 1440,
      "documentHeight": 1102,
      "errors": [],
      "interactions": []
    },
    {
      "target": "/users",
      "theme": "dark",
      "viewport": {
        "width": 390,
        "height": 844
      },
      "documentWidth": 390,
      "documentHeight": 1911,
      "errors": [],
      "interactions": []
    }
  ]
}
