{
  "out": "/home/ricardo/cvg-his-v4/docs/frontend/implementation/evidence/continuity-hgUnZA",
  "failures": 0,
  "inputsStable": true,
  "rows": [
    {
      "target": "/encounters/synthetic-encounter",
      "theme": "light",
      "viewport": {
        "width": 1440,
        "height": 900
      },
      "documentWidth": 1440,
      "documentHeight": 1193,
      "errors": [],
      "interactions": [
        {
          "test": "encounter-pix-202-refresh-and-settlement",
          "passed": true,
          "requestStatus": 202,
          "initialState": "pending_dispatch",
          "refreshedState": "settled",
          "idempotencyKeyCaptured": true,
          "qrRendered": true
        }
      ]
    },
    {
      "target": "/encounters/synthetic-encounter",
      "theme": "light",
      "viewport": {
        "width": 390,
        "height": 844
      },
      "documentWidth": 390,
      "documentHeight": 2889,
      "errors": [],
      "interactions": [
        {
          "test": "encounter-pix-202-refresh-and-settlement",
          "passed": true,
          "requestStatus": 202,
          "initialState": "pending_dispatch",
          "refreshedState": "settled",
          "idempotencyKeyCaptured": true,
          "qrRendered": true
        }
      ]
    },
    {
      "target": "/encounters/synthetic-encounter",
      "theme": "dark",
      "viewport": {
        "width": 1440,
        "height": 900
      },
      "documentWidth": 1440,
      "documentHeight": 1193,
      "errors": [],
      "interactions": [
        {
          "test": "encounter-pix-202-refresh-and-settlement",
          "passed": true,
          "requestStatus": 202,
          "initialState": "pending_dispatch",
          "refreshedState": "settled",
          "idempotencyKeyCaptured": true,
          "qrRendered": true
        }
      ]
    },
    {
      "target": "/encounters/synthetic-encounter",
      "theme": "dark",
      "viewport": {
        "width": 390,
        "height": 844
      },
      "documentWidth": 390,
      "documentHeight": 2889,
      "errors": [],
      "interactions": [
        {
          "test": "encounter-pix-202-refresh-and-settlement",
          "passed": true,
          "requestStatus": 202,
          "initialState": "pending_dispatch",
          "refreshedState": "settled",
          "idempotencyKeyCaptured": true,
          "qrRendered": true
        }
      ]
    }
  ]
}
