vite v6.4.3 building for production...

(!) outDir /tmp/cvg-frontend-production-20260907 is not inside project root and will not be emptied.
Use --emptyOutDir to override.

transforming...
✓ 794 modules transformed.
rendering chunks...
[plugin vite:reporter] 
(!) /home/ricardo/cvg-his-v4/apps/spa/src/services/api.ts is dynamically imported by /home/ricardo/cvg-his-v4/apps/spa/src/stores/auth.ts but also statically imported by /home/ricardo/cvg-his-v4/apps/spa/src/pages/DashboardPage.vue?vue&type=script&setup=true&lang.ts, /home/ricardo/cvg-his-v4/apps/spa/src/pages/LoginPage.vue?vue&type=script&setup=true&lang.ts, /home/ricardo/cvg-his-v4/apps/spa/src/pages/appointments/AppointmentsListPage.vue?vue&type=script&setup=true&lang.ts, /home/ricardo/cvg-his-v4/apps/spa/src/pages/auth/MfaPage.vue?vue&type=script&setup=true&lang.ts, /home/ricardo/cvg-his-v4/apps/spa/src/pages/laboratory/LaboratoryOrdersPage.vue?vue&type=script&setup=true&lang.ts, /home/ricardo/cvg-his-v4/apps/spa/src/services/accessControl.ts, /home/ricardo/cvg-his-v4/apps/spa/src/services/administrativeReports.ts, /home/ricardo/cvg-his-v4/apps/spa/src/services/advance-payments.ts, /home/ricardo/cvg-his-v4/apps/spa/src/services/agendaConfig.ts, /home/ricardo/cvg-his-v4/apps/spa/src/services/apiKeys.ts, /home/ricardo/cvg-his-v4/apps/spa/src/services/appointment.ts, /home/ricardo/cvg-his-v4/apps/spa/src/services/attachments.ts, /home/ricardo/cvg-his-v4/apps/spa/src/services/audit.ts, /home/ricardo/cvg-his-v4/apps/spa/src/services/billing.ts, /home/ricardo/cvg-his-v4/apps/spa/src/services/breeds.ts, /home/ricardo/cvg-his-v4/apps/spa/src/services/cash.ts, /home/ricardo/cvg-his-v4/apps/spa/src/services/clinicalHandoff.ts, /home/ricardo/cvg-his-v4/apps/spa/src/services/coatColors.ts, /home/ricardo/cvg-his-v4/apps/spa/src/services/commercial.ts, /home/ricardo/cvg-his-v4/apps/spa/src/services/commissions.ts, /home/ricardo/cvg-his-v4/apps/spa/src/services/companySectors.ts, /home/ricardo/cvg-his-v4/apps/spa/src/services/costCentersCatalog.ts, /home/ricardo/cvg-his-v4/apps/spa/src/services/counterSales.ts, /home/ricardo/cvg-his-v4/apps/spa/src/services/customerGroups.ts, /home/ricardo/cvg-his-v4/apps/spa/src/services/discharges.ts, /home/ricardo/cvg-his-v4/apps/spa/src/services/encounter.ts, /home/ricardo/cvg-his-v4/apps/spa/src/services/examApi.ts, /home/ricardo/cvg-his-v4/apps/spa/src/services/expensesCatalog.ts, /home/ricardo/cvg-his-v4/apps/spa/src/services/financeCards.ts, /home/ricardo/cvg-his-v4/apps/spa/src/services/financeOperationalCatalog.ts, /home/ricardo/cvg-his-v4/apps/spa/src/services/financialPayables.ts, /home/ricardo/cvg-his-v4/apps/spa/src/services/financialReceivables.ts, /home/ricardo/cvg-his-v4/apps/spa/src/services/financialReconciliation.ts, /home/ricardo/cvg-his-v4/apps/spa/src/services/financialStatements.ts, /home/ricardo/cvg-his-v4/apps/spa/src/services/fiscal.ts, /home/ricardo/cvg-his-v4/apps/spa/src/services/health.ts, /home/ricardo/cvg-his-v4/apps/spa/src/services/inpatient.ts, /home/ricardo/cvg-his-v4/apps/spa/src/services/inventory.ts, /home/ricardo/cvg-his-v4/apps/spa/src/services/laboratory.ts, /home/ricardo/cvg-his-v4/apps/spa/src/services/lgpd.ts, /home/ricardo/cvg-his-v4/apps/spa/src/services/manufacturers.ts, /home/ricardo/cvg-his-v4/apps/spa/src/services/marketing.ts, /home/ricardo/cvg-his-v4/apps/spa/src/services/measurementUnits.ts, /home/ricardo/cvg-his-v4/apps/spa/src/services/medicalRecords.ts, /home/ricardo/cvg-his-v4/apps/spa/src/services/mfa.ts, /home/ricardo/cvg-his-v4/apps/spa/src/services/ml.ts, /home/ricardo/cvg-his-v4/apps/spa/src/services/notifications.ts, /home/ricardo/cvg-his-v4/apps/spa/src/services/owner.ts, /home/ricardo/cvg-his-v4/apps/spa/src/services/packages.ts, /home/ricardo/cvg-his-v4/apps/spa/src/services/patient.ts, /home/ricardo/cvg-his-v4/apps/spa/src/services/pix.ts, /home/ricardo/cvg-his-v4/apps/spa/src/services/prescription-executions.ts, /home/ricardo/cvg-his-v4/apps/spa/src/services/prescriptions.ts, /home/ricardo/cvg-his-v4/apps/spa/src/services/productGroups.ts, /home/ricardo/cvg-his-v4/apps/spa/src/services/products.ts, /home/ricardo/cvg-his-v4/apps/spa/src/services/quotes.ts, /home/ricardo/cvg-his-v4/apps/spa/src/services/reports.ts, /home/ricardo/cvg-his-v4/apps/spa/src/services/responsibilityTerms.ts, /home/ricardo/cvg-his-v4/apps/spa/src/services/scheduling.ts, /home/ricardo/cvg-his-v4/apps/spa/src/services/services.ts, /home/ricardo/cvg-his-v4/apps/spa/src/services/setup.ts, /home/ricardo/cvg-his-v4/apps/spa/src/services/species.ts, /home/ricardo/cvg-his-v4/apps/spa/src/services/staff.ts, /home/ricardo/cvg-his-v4/apps/spa/src/services/surgery.ts, /home/ricardo/cvg-his-v4/apps/spa/src/services/triage.ts, /home/ricardo/cvg-his-v4/apps/spa/src/services/user.ts, /home/ricardo/cvg-his-v4/apps/spa/src/services/vaccinesDewormers.ts, /home/ricardo/cvg-his-v4/apps/spa/src/services/vetusImport.ts, /home/ricardo/cvg-his-v4/apps/spa/src/services/warehouses.ts, /home/ricardo/cvg-his-v4/apps/spa/src/services/webhook.ts, dynamic import will not move module into another chunk.

[plugin vite:reporter] 
(!) /home/ricardo/cvg-his-v4/apps/spa/src/router/index.ts is dynamically imported by /home/ricardo/cvg-his-v4/apps/spa/src/services/api.ts, /home/ricardo/cvg-his-v4/apps/spa/src/services/api.ts but also statically imported by /home/ricardo/cvg-his-v4/apps/spa/src/main.ts, dynamic import will not move module into another chunk.

computing gzip size...
../../../../../tmp/cvg-frontend-production-20260907/manifest.webmanifest                                                     1.07 kB
../../../../../tmp/cvg-frontend-production-20260907/index.html                                                               2.12 kB │ gzip:  0.92 kB
../../../../../tmp/cvg-frontend-production-20260907/assets/StatusBadge-Dmyz8Inb.css                                          0.05 kB │ gzip:  0.07 kB
../../../../../tmp/cvg-frontend-production-20260907/assets/FinancialReportsPage-B1vAjHuC.css                                 0.05 kB │ gzip:  0.07 kB
../../../../../tmp/cvg-frontend-production-20260907/assets/EncounterReportsPage-BBw23-rH.css                                 0.05 kB │ gzip:  0.07 kB
../../../../../tmp/cvg-frontend-production-20260907/assets/RegisterReportsPage-sYgkxJs9.css                                  0.05 kB │ gzip:  0.07 kB
../../../../../tmp/cvg-frontend-production-20260907/assets/AppointmentFormPage-BiTanSDV.css                                  0.06 kB │ gzip:  0.08 kB
../../../../../tmp/cvg-frontend-production-20260907/assets/NotFoundPage-Bw9GUMbT.css                                         0.11 kB │ gzip:  0.11 kB
../../../../../tmp/cvg-frontend-production-20260907/assets/AppDetailSection-DSSb2LNV.css                                     0.14 kB │ gzip:  0.12 kB
../../../../../tmp/cvg-frontend-production-20260907/assets/LaboratoryReferenceValuesPage-BJDk1N-4.css                        0.25 kB │ gzip:  0.19 kB
../../../../../tmp/cvg-frontend-production-20260907/assets/FiscalNcmPage-CWKEOs3G.css                                        0.30 kB │ gzip:  0.19 kB
../../../../../tmp/cvg-frontend-production-20260907/assets/ReportsDomainHubPage-D5F9yUd3.css                                 0.34 kB │ gzip:  0.21 kB
../../../../../tmp/cvg-frontend-production-20260907/assets/FiscalPisCofinsPage-npUBS7Yc.css                                  0.39 kB │ gzip:  0.20 kB
../../../../../tmp/cvg-frontend-production-20260907/assets/FiscalICMSMatrixPage-BEj1Wtzc.css                                 0.41 kB │ gzip:  0.20 kB
../../../../../tmp/cvg-frontend-production-20260907/assets/UserFormPage-CcvcFd0u.css                                         0.43 kB │ gzip:  0.24 kB
../../../../../tmp/cvg-frontend-production-20260907/assets/FiscalIPIPage-BRACB2yw.css                                        0.48 kB │ gzip:  0.23 kB
../../../../../tmp/cvg-frontend-production-20260907/assets/FiscalPISPage-DlS-7-gw.css                                        0.48 kB │ gzip:  0.23 kB
../../../../../tmp/cvg-frontend-production-20260907/assets/FiscalICMSPage-Csi-rUZS.css                                       0.48 kB │ gzip:  0.23 kB
../../../../../tmp/cvg-frontend-production-20260907/assets/FiscalCfopPage-CJBB1jMV.css                                       0.48 kB │ gzip:  0.23 kB
../../../../../tmp/cvg-frontend-production-20260907/assets/FiscalCOFINSPage-CjyRtvTn.css                                     0.49 kB │ gzip:  0.24 kB
../../../../../tmp/cvg-frontend-production-20260907/assets/FiscalIBSCBSPage-ASDTMCAb.css                                     0.50 kB │ gzip:  0.24 kB
../../../../../tmp/cvg-frontend-production-20260907/assets/EmptyState-C1bNeyWc.css                                           0.57 kB │ gzip:  0.29 kB
../../../../../tmp/cvg-frontend-production-20260907/assets/FiscalNFSELayoutPage-CtRw4tLU.css                                 0.58 kB │ gzip:  0.26 kB
../../../../../tmp/cvg-frontend-production-20260907/assets/SchedulingFormPage-DTUnrngJ.css                                   0.61 kB │ gzip:  0.28 kB
../../../../../tmp/cvg-frontend-production-20260907/assets/ServicesListPage-BROWGAWH.css                                     0.62 kB │ gzip:  0.32 kB
../../../../../tmp/cvg-frontend-production-20260907/assets/ResponsibilityTermsListPage-CA1kP4V4.css                          0.64 kB │ gzip:  0.33 kB
../../../../../tmp/cvg-frontend-production-20260907/assets/BreedsListPage-B0UREtnS.css                                       0.64 kB │ gzip:  0.33 kB
../../../../../tmp/cvg-frontend-production-20260907/assets/SpeciesListPage-DgBepxq0.css                                      0.64 kB │ gzip:  0.33 kB
../../../../../tmp/cvg-frontend-production-20260907/assets/CustomerGroupsListPage-Dzqmo6CZ.css                               0.65 kB │ gzip:  0.33 kB
../../../../../tmp/cvg-frontend-production-20260907/assets/CommissionRulesPage-DCqoQ4ps.css                                  0.65 kB │ gzip:  0.28 kB
../../../../../tmp/cvg-frontend-production-20260907/assets/CashPage-DL5ZVMfD.css                                             0.66 kB │ gzip:  0.28 kB
../../../../../tmp/cvg-frontend-production-20260907/assets/InpatientListPage-UP3lkSvM.css                                    0.68 kB │ gzip:  0.35 kB
../../../../../tmp/cvg-frontend-production-20260907/assets/RhProfessionsPage-sKDQMwzu.css                                    0.70 kB │ gzip:  0.31 kB
../../../../../tmp/cvg-frontend-production-20260907/assets/SkeletonLoader-Bj34QRhv.css                                       0.70 kB │ gzip:  0.32 kB
../../../../../tmp/cvg-frontend-production-20260907/assets/FiscalConfigPage-BvIZssd8.css                                     0.71 kB │ gzip:  0.32 kB
../../../../../tmp/cvg-frontend-production-20260907/assets/AppointmentTypesPage-B5bTdNtc.css                                 0.74 kB │ gzip:  0.33 kB
../../../../../tmp/cvg-frontend-production-20260907/assets/ExpensesPage-BAQKpzCk.css                                         0.74 kB │ gzip:  0.30 kB
../../../../../tmp/cvg-frontend-production-20260907/assets/MarketingCampaignsPage-DQsTMwKx.css                               0.75 kB │ gzip:  0.24 kB
../../../../../tmp/cvg-frontend-production-20260907/assets/CardsPage-D36mYgfY.css                                            0.77 kB │ gzip:  0.31 kB
../../../../../tmp/cvg-frontend-production-20260907/assets/CommissionCalculationsPage-BQiQGDma.css                           0.77 kB │ gzip:  0.32 kB
../../../../../tmp/cvg-frontend-production-20260907/assets/CostCentersPage-CaijEFSt.css                                      0.78 kB │ gzip:  0.30 kB
../../../../../tmp/cvg-frontend-production-20260907/assets/TimeOffPage-yCOv2pyU.css                                          0.84 kB │ gzip:  0.34 kB
../../../../../tmp/cvg-frontend-production-20260907/assets/CoatColorsListPage-Cl0iZoCI.css                                   0.84 kB │ gzip:  0.39 kB
../../../../../tmp/cvg-frontend-production-20260907/assets/EncountersListPage-BfBC-twq.css                                   0.84 kB │ gzip:  0.43 kB
../../../../../tmp/cvg-frontend-production-20260907/assets/DsSpinner-D9wFYuwT.css                                            0.85 kB │ gzip:  0.38 kB
../../../../../tmp/cvg-frontend-production-20260907/assets/CurveAbcClientsPage-Bj393Ikt.css                                  0.85 kB │ gzip:  0.39 kB
../../../../../tmp/cvg-frontend-production-20260907/assets/CurveAbcProductsPage-2bWfTZN7.css                                 0.86 kB │ gzip:  0.39 kB
../../../../../tmp/cvg-frontend-production-20260907/assets/FiscalTaxOperationPage-D2ta7aPX.css                               0.88 kB │ gzip:  0.36 kB
../../../../../tmp/cvg-frontend-production-20260907/assets/MultibranchDashboardPage-DqGVI8M0.css                             0.88 kB │ gzip:  0.38 kB
../../../../../tmp/cvg-frontend-production-20260907/assets/AvailabilityPage-CJytqOUg.css                                     0.88 kB │ gzip:  0.39 kB
../../../../../tmp/cvg-frontend-production-20260907/assets/FinancialReconciliationPage-oxAUV20C.css                          0.90 kB │ gzip:  0.34 kB
../../../../../tmp/cvg-frontend-production-20260907/assets/LaboratoryEquipmentDetailPage-DKDagxEh.css                        0.92 kB │ gzip:  0.41 kB
../../../../../tmp/cvg-frontend-production-20260907/assets/CashFlowPage-B0sOxk1G.css                                         0.93 kB │ gzip:  0.39 kB
../../../../../tmp/cvg-frontend-production-20260907/assets/LaboratoryHemogramReferenceValueDetailPage-BClKM272.css           0.94 kB │ gzip:  0.42 kB
../../../../../tmp/cvg-frontend-production-20260907/assets/LaboratoryBiochemistryReferenceValueDetailPage-CF1UY0RR.css       0.94 kB │ gzip:  0.42 kB
../../../../../tmp/cvg-frontend-production-20260907/assets/FinanceTimelinePage-BnFkoLwG.css                                  0.97 kB │ gzip:  0.34 kB
../../../../../tmp/cvg-frontend-production-20260907/assets/PaymentEnablementPage-06KOto4m.css                                0.98 kB │ gzip:  0.44 kB
../../../../../tmp/cvg-frontend-production-20260907/assets/PixPage-BId4Fk8U.css                                              1.00 kB │ gzip:  0.42 kB
../../../../../tmp/cvg-frontend-production-20260907/assets/TriageListPage-CjqvRd3I.css                                       1.01 kB │ gzip:  0.46 kB
../../../../../tmp/cvg-frontend-production-20260907/assets/LaboratoryReportTypeDetailPage-DPCs83WR.css                       1.04 kB │ gzip:  0.44 kB
../../../../../tmp/cvg-frontend-production-20260907/assets/InventoryDetailPage-CC1yaV6O.css                                  1.05 kB │ gzip:  0.44 kB
../../../../../tmp/cvg-frontend-production-20260907/assets/BreedDetailPage-Cd2kVMFc.css                                      1.07 kB │ gzip:  0.42 kB
../../../../../tmp/cvg-frontend-production-20260907/assets/SpeciesDetailPage-Bu9vWDIr.css                                    1.07 kB │ gzip:  0.43 kB
../../../../../tmp/cvg-frontend-production-20260907/assets/CustomerGroupDetailPage-B2dK3bZg.css                              1.08 kB │ gzip:  0.43 kB
../../../../../tmp/cvg-frontend-production-20260907/assets/InventoryPurchaseDetailPage-CP2Rzpki.css                          1.11 kB │ gzip:  0.44 kB
../../../../../tmp/cvg-frontend-production-20260907/assets/ExamResultsApiPage-Bl7QCNvg.css                                   1.11 kB │ gzip:  0.45 kB
../../../../../tmp/cvg-frontend-production-20260907/assets/VaccineEmailLayoutPage-DM8ME9sB.css                               1.15 kB │ gzip:  0.41 kB
../../../../../tmp/cvg-frontend-production-20260907/assets/LaboratoryHemogramReferenceValuesPage-BdSkuG3v.css                1.18 kB │ gzip:  0.51 kB
../../../../../tmp/cvg-frontend-production-20260907/assets/LaboratoryBiochemistryReferenceValuesPage-BjeuM2df.css            1.18 kB │ gzip:  0.51 kB
../../../../../tmp/cvg-frontend-production-20260907/assets/PointOfSaleSyncPage-EygyWuyf.css                                  1.19 kB │ gzip:  0.49 kB
../../../../../tmp/cvg-frontend-production-20260907/assets/WebhookFormPage-CFVLrL4r.css                                      1.20 kB │ gzip:  0.49 kB
../../../../../tmp/cvg-frontend-production-20260907/assets/ChequesPage-B0HW07NS.css                                          1.20 kB │ gzip:  0.47 kB
../../../../../tmp/cvg-frontend-production-20260907/assets/LaboratoryEquipmentPage-BAlrpYqH.css                              1.22 kB │ gzip:  0.51 kB
../../../../../tmp/cvg-frontend-production-20260907/assets/TriageDetailPage-DDrGPdj3.css                                     1.22 kB │ gzip:  0.53 kB
../../../../../tmp/cvg-frontend-production-20260907/assets/BillingListPage-8otJbaoK.css                                      1.25 kB │ gzip:  0.48 kB
../../../../../tmp/cvg-frontend-production-20260907/assets/ExamOrdersApiPage-B1SUATjc.css                                    1.26 kB │ gzip:  0.49 kB
../../../../../tmp/cvg-frontend-production-20260907/assets/CardAccountsPage-B0ZMfZ5r.css                                     1.27 kB │ gzip:  0.48 kB
../../../../../tmp/cvg-frontend-production-20260907/assets/CoatColorDetailPage-Buwv4D7M.css                                  1.30 kB │ gzip:  0.50 kB
../../../../../tmp/cvg-frontend-production-20260907/assets/SchedulingListPage-DCuKrlzj.css                                   1.30 kB │ gzip:  0.56 kB
../../../../../tmp/cvg-frontend-production-20260907/assets/ResponsibilityTermDetailPage-CKQ-htgC.css                         1.32 kB │ gzip:  0.47 kB
../../../../../tmp/cvg-frontend-production-20260907/assets/BillingDetailPage-DScCJhVK.css                                    1.34 kB │ gzip:  0.50 kB
../../../../../tmp/cvg-frontend-production-20260907/assets/WebhooksListPage-D3rPHNxU.css                                     1.35 kB │ gzip:  0.57 kB
../../../../../tmp/cvg-frontend-production-20260907/assets/LaboratoryReportTypesPage-BMfr-8D3.css                            1.37 kB │ gzip:  0.59 kB
../../../../../tmp/cvg-frontend-production-20260907/assets/SurgeryPage-D68k1tzG.css                                          1.38 kB │ gzip:  0.52 kB
../../../../../tmp/cvg-frontend-production-20260907/assets/PrescriptionsPage-Bet6vMgA.css                                    1.41 kB │ gzip:  0.54 kB
../../../../../tmp/cvg-frontend-production-20260907/assets/DischargesPage-DeJw2BOH.css                                       1.44 kB │ gzip:  0.56 kB
../../../../../tmp/cvg-frontend-production-20260907/assets/CommercialReportsPage-BjSY8SbS.css                                1.45 kB │ gzip:  0.51 kB
../../../../../tmp/cvg-frontend-production-20260907/assets/DiagnosticsPage-VDxtn_8I.css                                      1.48 kB │ gzip:  0.54 kB
../../../../../tmp/cvg-frontend-production-20260907/assets/AdvancePaymentsPage-DPyqiZFj.css                                  1.51 kB │ gzip:  0.56 kB
../../../../../tmp/cvg-frontend-production-20260907/assets/InventoryFormPage-Dbe2h9kZ.css                                    1.52 kB │ gzip:  0.57 kB
../../../../../tmp/cvg-frontend-production-20260907/assets/ProductDetailPage-DXUD-Y36.css                                    1.53 kB │ gzip:  0.56 kB
../../../../../tmp/cvg-frontend-production-20260907/assets/ServiceDetailPage-C3wW0YyS.css                                    1.53 kB │ gzip:  0.56 kB
../../../../../tmp/cvg-frontend-production-20260907/assets/StaffDetailPage-Cs2RhNVi.css                                      1.53 kB │ gzip:  0.56 kB
../../../../../tmp/cvg-frontend-production-20260907/assets/BreedFormPage-Dz6AiAGx.css                                        1.55 kB │ gzip:  0.55 kB
../../../../../tmp/cvg-frontend-production-20260907/assets/SpeciesFormPage-CNST0nFE.css                                      1.55 kB │ gzip:  0.56 kB
../../../../../tmp/cvg-frontend-production-20260907/assets/CustomerGroupFormPage-CeTJnIrm.css                                1.56 kB │ gzip:  0.55 kB
../../../../../tmp/cvg-frontend-production-20260907/assets/TriageFormPage-DuXAsiZw.css                                       1.57 kB │ gzip:  0.57 kB
../../../../../tmp/cvg-frontend-production-20260907/assets/AccountsPayablePage-Bg0Lq9AD.css                                  1.59 kB │ gzip:  0.53 kB
../../../../../tmp/cvg-frontend-production-20260907/assets/MedicalRecordsListPage-HOagMhCR.css                               1.59 kB │ gzip:  0.51 kB
../../../../../tmp/cvg-frontend-production-20260907/assets/DsBadge-CgFfqkpQ.css                                              1.60 kB │ gzip:  0.60 kB
../../../../../tmp/cvg-frontend-production-20260907/assets/ReportCategoryNavigation-BiqnaQrN.css                             1.63 kB │ gzip:  0.62 kB
../../../../../tmp/cvg-frontend-production-20260907/assets/LaboratoryEquipmentFormPage-CZZiQAqE.css                          1.66 kB │ gzip:  0.57 kB
../../../../../tmp/cvg-frontend-production-20260907/assets/DsCheckbox-BzfU-ywF.css                                           1.67 kB │ gzip:  0.61 kB
../../../../../tmp/cvg-frontend-production-20260907/assets/MarketingSmsSettingsPage-C0cmo2hv.css                             1.69 kB │ gzip:  0.51 kB
../../../../../tmp/cvg-frontend-production-20260907/assets/MarketingSmsPage-BMMAE_Kj.css                                     1.70 kB │ gzip:  0.47 kB
../../../../../tmp/cvg-frontend-production-20260907/assets/LaboratoryHemogramReferenceValueFormPage-BpGzMJVR.css             1.71 kB │ gzip:  0.57 kB
../../../../../tmp/cvg-frontend-production-20260907/assets/LaboratoryBiochemistryReferenceValueFormPage-CijtWJ-i.css         1.71 kB │ gzip:  0.58 kB
../../../../../tmp/cvg-frontend-production-20260907/assets/UsersListPage-0PEJzUDM.css                                        1.74 kB │ gzip:  0.63 kB
../../../../../tmp/cvg-frontend-production-20260907/assets/InventoryListPage-DLZB_ejv.css                                    1.79 kB │ gzip:  0.64 kB
../../../../../tmp/cvg-frontend-production-20260907/assets/VaccinesDewormersPage-DYyLm_Op.css                                1.79 kB │ gzip:  0.61 kB
../../../../../tmp/cvg-frontend-production-20260907/assets/ProductsListPage-CW8yTQns.css                                     1.80 kB │ gzip:  0.68 kB
../../../../../tmp/cvg-frontend-production-20260907/assets/StaffFormPage-DdR-0NoM.css                                        1.81 kB │ gzip:  0.64 kB
../../../../../tmp/cvg-frontend-production-20260907/assets/InventoryPharmacyRequestPage-k4zazAnu.css                         1.81 kB │ gzip:  0.66 kB
../../../../../tmp/cvg-frontend-production-20260907/assets/ProductFormPage-CGyhonwg.css                                      1.81 kB │ gzip:  0.64 kB
../../../../../tmp/cvg-frontend-production-20260907/assets/LaboratoryReportTypeFormPage-DKYWRuMZ.css                         1.82 kB │ gzip:  0.60 kB
../../../../../tmp/cvg-frontend-production-20260907/assets/InventoryPriceAdjustmentsPage-CXOREU0v.css                        1.84 kB │ gzip:  0.66 kB
../../../../../tmp/cvg-frontend-production-20260907/assets/InventoryStockTransactionPage-CqrtIv26.css                        1.85 kB │ gzip:  0.66 kB
../../../../../tmp/cvg-frontend-production-20260907/assets/PrescriptionExecutionsPage-C79CMS6K.css                           1.91 kB │ gzip:  0.61 kB
../../../../../tmp/cvg-frontend-production-20260907/assets/AppointmentDetailPage-CJ_LN0bf.css                                1.92 kB │ gzip:  0.55 kB
../../../../../tmp/cvg-frontend-production-20260907/assets/LaboratoryHubPage-Dzh9Bm4b.css                                    1.92 kB │ gzip:  0.60 kB
../../../../../tmp/cvg-frontend-production-20260907/assets/ResponsibilityTermFormPage-6xRKYBWM.css                           1.94 kB │ gzip:  0.64 kB
../../../../../tmp/cvg-frontend-production-20260907/assets/InventoryAuditPage-ChEVzOPr.css                                   1.95 kB │ gzip:  0.67 kB
../../../../../tmp/cvg-frontend-production-20260907/assets/AppointmentQuickCreateForm-Sq4jlT6t.css                           1.96 kB │ gzip:  0.63 kB
../../../../../tmp/cvg-frontend-production-20260907/assets/InventoryInvoicesPage-VzWEZg7v.css                                2.01 kB │ gzip:  0.66 kB
../../../../../tmp/cvg-frontend-production-20260907/assets/InventoryPriceAuditPage-06odw532.css                              2.05 kB │ gzip:  0.70 kB
../../../../../tmp/cvg-frontend-production-20260907/assets/CoatColorFormPage-BfptiNzn.css                                    2.07 kB │ gzip:  0.64 kB
../../../../../tmp/cvg-frontend-production-20260907/assets/SplitExporterPage-DOJLOl9w.css                                    2.13 kB │ gzip:  0.64 kB
../../../../../tmp/cvg-frontend-production-20260907/assets/WhatsAppPage-Bh3Seej8.css                                         2.18 kB │ gzip:  0.56 kB
../../../../../tmp/cvg-frontend-production-20260907/assets/InventoryValidityPage-B2rnGdjd.css                                2.18 kB │ gzip:  0.72 kB
../../../../../tmp/cvg-frontend-production-20260907/assets/WebhookDetailPage-Djvt9_1N.css                                    2.18 kB │ gzip:  0.71 kB
../../../../../tmp/cvg-frontend-production-20260907/assets/ServiceFormPage-CgUCkNn9.css                                      2.22 kB │ gzip:  0.72 kB
../../../../../tmp/cvg-frontend-production-20260907/assets/SearchSelect-CW_TLR9k.css                                         2.23 kB │ gzip:  0.68 kB
../../../../../tmp/cvg-frontend-production-20260907/assets/DsCard-2dIGTtAC.css                                               2.33 kB │ gzip:  0.80 kB
../../../../../tmp/cvg-frontend-production-20260907/assets/DsModal-CsgngRts.css                                              2.36 kB │ gzip:  0.86 kB
../../../../../tmp/cvg-frontend-production-20260907/assets/LgpdHubPage-BedkOLbF.css                                          2.38 kB │ gzip:  0.68 kB
../../../../../tmp/cvg-frontend-production-20260907/assets/ServicesImportPage-BKnJno7p.css                                   2.39 kB │ gzip:  0.75 kB
../../../../../tmp/cvg-frontend-production-20260907/assets/SectorsPage-BvyY5_h_.css                                          2.42 kB │ gzip:  0.73 kB
../../../../../tmp/cvg-frontend-production-20260907/assets/FinancialDashboardPage-C-Fap7xL.css                               2.45 kB │ gzip:  0.63 kB
../../../../../tmp/cvg-frontend-production-20260907/assets/InventoryPriceConsultationPage-DIn8AWhG.css                       2.46 kB │ gzip:  0.80 kB
../../../../../tmp/cvg-frontend-production-20260907/assets/MfaPage-luyP-lwM.css                                              2.50 kB │ gzip:  0.90 kB
../../../../../tmp/cvg-frontend-production-20260907/assets/NotificationsPage-BzmzeEZU.css                                    2.50 kB │ gzip:  0.65 kB
../../../../../tmp/cvg-frontend-production-20260907/assets/ReportsEnginePage-Cptlomuu.css                                    2.55 kB │ gzip:  0.69 kB
../../../../../tmp/cvg-frontend-production-20260907/assets/UserDetailPage-uuCxLLyc.css                                       2.56 kB │ gzip:  0.73 kB
../../../../../tmp/cvg-frontend-production-20260907/assets/WarehousesPage-CDLt010c.css                                       2.57 kB │ gzip:  0.76 kB
../../../../../tmp/cvg-frontend-production-20260907/assets/ManufacturersPage-D2JJZNBy.css                                    2.57 kB │ gzip:  0.77 kB
../../../../../tmp/cvg-frontend-production-20260907/assets/QuotesPage-B32V6obj.css                                           2.57 kB │ gzip:  0.74 kB
../../../../../tmp/cvg-frontend-production-20260907/assets/ProductGroupsPage-BkCg335P.css                                    2.57 kB │ gzip:  0.76 kB
../../../../../tmp/cvg-frontend-production-20260907/assets/ProductsImportPage-Bwye6kRI.css                                   2.59 kB │ gzip:  0.84 kB
../../../../../tmp/cvg-frontend-production-20260907/assets/VetusAssistedImportPage-D-7J8XNz.css                              2.61 kB │ gzip:  0.79 kB
../../../../../tmp/cvg-frontend-production-20260907/assets/BedDetailPage-gI-IcMYv.css                                        2.67 kB │ gzip:  0.75 kB
../../../../../tmp/cvg-frontend-production-20260907/assets/CompanySectorsPage-ErqpYJAv.css                                   2.69 kB │ gzip:  0.78 kB
../../../../../tmp/cvg-frontend-production-20260907/assets/MeasurementUnitsPage-CIhvANW4.css                                 2.69 kB │ gzip:  0.78 kB
../../../../../tmp/cvg-frontend-production-20260907/assets/CardTransactionsPage-CUdD7EJr.css                                 2.70 kB │ gzip:  0.79 kB
../../../../../tmp/cvg-frontend-production-20260907/assets/StaffListPage-BaGyZWkv.css                                        2.71 kB │ gzip:  0.82 kB
../../../../../tmp/cvg-frontend-production-20260907/assets/SplitSimulatorPage-DJ6XkWP4.css                                   2.77 kB │ gzip:  0.80 kB
../../../../../tmp/cvg-frontend-production-20260907/assets/InventoryPurchasesPage-BES8xtpX.css                               2.79 kB │ gzip:  0.89 kB
../../../../../tmp/cvg-frontend-production-20260907/assets/PaymentsDashboardPage-CPgIg7oL.css                                2.80 kB │ gzip:  0.73 kB
../../../../../tmp/cvg-frontend-production-20260907/assets/PriceTablesPage-D7FmJhB1.css                                      2.84 kB │ gzip:  0.81 kB
../../../../../tmp/cvg-frontend-production-20260907/assets/BedFormPage-Cr39UQP4.css                                          2.88 kB │ gzip:  0.88 kB
../../../../../tmp/cvg-frontend-production-20260907/assets/OwnerFormPage-CKv_d51H.css                                        2.94 kB │ gzip:  0.94 kB
../../../../../tmp/cvg-frontend-production-20260907/assets/DsStatCard-6_EobUbP.css                                           2.99 kB │ gzip:  0.87 kB
../../../../../tmp/cvg-frontend-production-20260907/assets/LaboratoryResultsPage-DUOxL5xO.css                                3.00 kB │ gzip:  0.88 kB
../../../../../tmp/cvg-frontend-production-20260907/assets/DsAlert-D1CdAUSR.css                                              3.03 kB │ gzip:  0.77 kB
../../../../../tmp/cvg-frontend-production-20260907/assets/InventoryDataCollectorsPage-zEUCNbkZ.css                          3.24 kB │ gzip:  0.92 kB
../../../../../tmp/cvg-frontend-production-20260907/assets/BedBoardPage-DuJLe-k2.css                                         3.32 kB │ gzip:  0.91 kB
../../../../../tmp/cvg-frontend-production-20260907/assets/ApiClientPage-BKwxZIbK.css                                        3.33 kB │ gzip:  0.78 kB
../../../../../tmp/cvg-frontend-production-20260907/assets/DsInput-CJttbCBM.css                                              3.34 kB │ gzip:  1.11 kB
../../../../../tmp/cvg-frontend-production-20260907/assets/ReportWorkbenchPage-C2rqPmeQ.css                                  3.40 kB │ gzip:  0.98 kB
../../../../../tmp/cvg-frontend-production-20260907/assets/InventoryTransfersPage-D-IJcnCc.css                               3.41 kB │ gzip:  0.99 kB
../../../../../tmp/cvg-frontend-production-20260907/assets/SuppliersPage-CZiLSdem.css                                        3.41 kB │ gzip:  0.88 kB
../../../../../tmp/cvg-frontend-production-20260907/assets/MasterSearchPage-dLzoyyFk.css                                     3.47 kB │ gzip:  0.98 kB
../../../../../tmp/cvg-frontend-production-20260907/assets/AuditPage-Choz4VjU.css                                            3.56 kB │ gzip:  0.87 kB
../../../../../tmp/cvg-frontend-production-20260907/assets/PackagesPage-DcojOG9z.css                                         3.59 kB │ gzip:  0.96 kB
../../../../../tmp/cvg-frontend-production-20260907/assets/OperationalFinanceCatalog-CTKwo0Ep.css                            3.61 kB │ gzip:  0.87 kB
../../../../../tmp/cvg-frontend-production-20260907/assets/EncounterFormPage-CRKqm7EI.css                                    3.66 kB │ gzip:  0.92 kB
../../../../../tmp/cvg-frontend-production-20260907/assets/LaboratoryOrdersPage-BkeUnlav.css                                 3.70 kB │ gzip:  1.09 kB
../../../../../tmp/cvg-frontend-production-20260907/assets/ApiKeysPage-tGQNEVbK.css                                          3.85 kB │ gzip:  0.99 kB
../../../../../tmp/cvg-frontend-production-20260907/assets/BedsPage-COTszkw8.css                                             3.88 kB │ gzip:  1.01 kB
../../../../../tmp/cvg-frontend-production-20260907/assets/SetupPage-DADEZ_DR.css                                            3.89 kB │ gzip:  1.23 kB
../../../../../tmp/cvg-frontend-production-20260907/assets/InpatientDailyChargesPage-V-iXX5In.css                            3.96 kB │ gzip:  1.04 kB
../../../../../tmp/cvg-frontend-production-20260907/assets/LaboratoryAnalyticalWorkbench-CqqaMTk3.css                        4.21 kB │ gzip:  1.15 kB
../../../../../tmp/cvg-frontend-production-20260907/assets/LoyaltyPage-uotNIWGp.css                                          4.33 kB │ gzip:  1.10 kB
../../../../../tmp/cvg-frontend-production-20260907/assets/DsButton-DCAMQoEd.css                                             4.49 kB │ gzip:  1.24 kB
../../../../../tmp/cvg-frontend-production-20260907/assets/InpatientDetailPage-CTQjcski.css                                  4.52 kB │ gzip:  1.11 kB
../../../../../tmp/cvg-frontend-production-20260907/assets/SalesPage-BY3My96S.css                                            5.11 kB │ gzip:  1.24 kB
../../../../../tmp/cvg-frontend-production-20260907/assets/OwnersListPage-Dsb_7Oxi.css                                       5.24 kB │ gzip:  1.23 kB
../../../../../tmp/cvg-frontend-production-20260907/assets/QueuePage-DRtxfrkr.css                                            5.38 kB │ gzip:  1.46 kB
../../../../../tmp/cvg-frontend-production-20260907/assets/PatientFormPage-ChsscuEE.css                                      5.48 kB │ gzip:  1.31 kB
../../../../../tmp/cvg-frontend-production-20260907/assets/AccessControlPage-CHuvu1Xe.css                                    6.09 kB │ gzip:  1.40 kB
../../../../../tmp/cvg-frontend-production-20260907/assets/InpatientAdmissionPage-DQqKuCMX.css                               6.49 kB │ gzip:  1.49 kB
../../../../../tmp/cvg-frontend-production-20260907/assets/PatientsListPage-DLmRQ0Xt.css                                     6.78 kB │ gzip:  1.44 kB
../../../../../tmp/cvg-frontend-production-20260907/assets/OwnerDetailPage-BLjluYbl.css                                      7.04 kB │ gzip:  1.30 kB
../../../../../tmp/cvg-frontend-production-20260907/assets/LoginPage-cJmJl-g_.css                                            7.09 kB │ gzip:  2.07 kB
../../../../../tmp/cvg-frontend-production-20260907/assets/DataTable-1acesAWH.css                                            7.22 kB │ gzip:  1.69 kB
../../../../../tmp/cvg-frontend-production-20260907/assets/EncounterDetailPage-DKoqRhzM.css                                  8.88 kB │ gzip:  1.83 kB
../../../../../tmp/cvg-frontend-production-20260907/assets/AdministrationSettingsPage-Dwr_wytf.css                          10.06 kB │ gzip:  2.27 kB
../../../../../tmp/cvg-frontend-production-20260907/assets/ReceptionGatewayPage-S9Wi_Gnk.css                                11.17 kB │ gzip:  1.73 kB
../../../../../tmp/cvg-frontend-production-20260907/assets/MedicalRecordsDetailPage-MvjWKEzy.css                            12.55 kB │ gzip:  2.20 kB
../../../../../tmp/cvg-frontend-production-20260907/assets/AppPageHeader-Cg3Maoci.css                                       14.34 kB │ gzip:  2.80 kB
../../../../../tmp/cvg-frontend-production-20260907/assets/CounterSalesPage-i7sqfAp7.css                                    17.09 kB │ gzip:  2.79 kB
../../../../../tmp/cvg-frontend-production-20260907/assets/DashboardPage-CTpYGft2.css                                       21.31 kB │ gzip:  3.77 kB
../../../../../tmp/cvg-frontend-production-20260907/assets/PatientDetailPage-BYVn1JWE.css                                   22.52 kB │ gzip:  3.90 kB
../../../../../tmp/cvg-frontend-production-20260907/assets/AppLayout-B3zZjNHY.css                                           26.40 kB │ gzip:  4.72 kB
../../../../../tmp/cvg-frontend-production-20260907/assets/AppointmentsListPage-Bfgx-ZUJ.css                                32.41 kB │ gzip:  5.23 kB
../../../../../tmp/cvg-frontend-production-20260907/assets/index-D8TuQv6f.css                                               45.69 kB │ gzip:  8.65 kB
../../../../../tmp/cvg-frontend-production-20260907/assets/hospital-guarapiranga-logo-D8wB4tTv.js                            0.06 kB │ gzip:  0.08 kB
../../../../../tmp/cvg-frontend-production-20260907/assets/health-BG-G2LaL.js                                                0.17 kB │ gzip:  0.15 kB
../../../../../tmp/cvg-frontend-production-20260907/assets/administrativeReports-Dz6umKbR.js                                 0.27 kB │ gzip:  0.21 kB
../../../../../tmp/cvg-frontend-production-20260907/assets/attachments-BACu9YZS.js                                           0.31 kB │ gzip:  0.24 kB
../../../../../tmp/cvg-frontend-production-20260907/assets/financialReceivables-CeJ1F_NU.js                                  0.36 kB │ gzip:  0.23 kB
../../../../../tmp/cvg-frontend-production-20260907/assets/user-BHtc_saR.js                                                  0.36 kB │ gzip:  0.25 kB
../../../../../tmp/cvg-frontend-production-20260907/assets/agendaConfig-Bv-4o2iQ.js                                          0.38 kB │ gzip:  0.20 kB
../../../../../tmp/cvg-frontend-production-20260907/assets/products-D5-dDwL6.js                                              0.39 kB │ gzip:  0.26 kB
../../../../../tmp/cvg-frontend-production-20260907/assets/financeCards-DNTqGr3P.js                                          0.47 kB │ gzip:  0.30 kB
../../../../../tmp/cvg-frontend-production-20260907/assets/examApi-BmrvPej_.js                                               0.49 kB │ gzip:  0.28 kB
../../../../../tmp/cvg-frontend-production-20260907/assets/triage-ByHDxRsX.js                                                0.50 kB │ gzip:  0.29 kB
../../../../../tmp/cvg-frontend-production-20260907/assets/cash-BE-KZvB6.js                                                  0.51 kB │ gzip:  0.27 kB
../../../../../tmp/cvg-frontend-production-20260907/assets/financeCardMoney-B2XFuxG5.js                                      0.52 kB │ gzip:  0.33 kB
../../../../../tmp/cvg-frontend-production-20260907/assets/DsBadge-Cp-ZeTTt.js                                               0.56 kB │ gzip:  0.38 kB
../../../../../tmp/cvg-frontend-production-20260907/assets/services-DdVsE_F2.js                                              0.56 kB │ gzip:  0.35 kB
../../../../../tmp/cvg-frontend-production-20260907/assets/diagnostics-D3zkBw69.js                                           0.57 kB │ gzip:  0.31 kB
../../../../../tmp/cvg-frontend-production-20260907/assets/audit-Cw8XZ3Z_.js                                                 0.57 kB │ gzip:  0.34 kB
../../../../../tmp/cvg-frontend-production-20260907/assets/useListData-DGtvYKsc.js                                           0.57 kB │ gzip:  0.39 kB
../../../../../tmp/cvg-frontend-production-20260907/assets/AppDetailSection-KXZzsPvH.js                                      0.58 kB │ gzip:  0.37 kB
../../../../../tmp/cvg-frontend-production-20260907/assets/BanksCatalogPage-DRnYX7DB.js                                      0.62 kB │ gzip:  0.39 kB
../../../../../tmp/cvg-frontend-production-20260907/assets/SplitRulesCatalogPage-BS4BeRuU.js                                 0.62 kB │ gzip:  0.40 kB
../../../../../tmp/cvg-frontend-production-20260907/assets/NotFoundPage-B0MSHv6p.js                                          0.63 kB │ gzip:  0.45 kB
../../../../../tmp/cvg-frontend-production-20260907/assets/PaymentMethodsCatalogPage-HiKstFsZ.js                             0.63 kB │ gzip:  0.40 kB
../../../../../tmp/cvg-frontend-production-20260907/assets/CardMachinesCatalogPage-DfR1TDJq.js                               0.63 kB │ gzip:  0.40 kB
../../../../../tmp/cvg-frontend-production-20260907/assets/coatColors-7l_FA63l.js                                            0.66 kB │ gzip:  0.38 kB
../../../../../tmp/cvg-frontend-production-20260907/assets/customerGroups-B2srOhfo.js                                        0.67 kB │ gzip:  0.38 kB
../../../../../tmp/cvg-frontend-production-20260907/assets/StatusBadge-BLeWqBxm.js                                           0.71 kB │ gzip:  0.44 kB
../../../../../tmp/cvg-frontend-production-20260907/assets/EmptyState-BnUctsmb.js                                            0.73 kB │ gzip:  0.45 kB
../../../../../tmp/cvg-frontend-production-20260907/assets/LaboratoryHemogramsPage-BNjUlvZA.js                               0.73 kB │ gzip:  0.44 kB
../../../../../tmp/cvg-frontend-production-20260907/assets/LaboratoryUrinalysisPage-7i_oWGuN.js                              0.73 kB │ gzip:  0.44 kB
../../../../../tmp/cvg-frontend-production-20260907/assets/LaboratoryBiochemistryPage-te1yf5wA.js                            0.73 kB │ gzip:  0.44 kB
../../../../../tmp/cvg-frontend-production-20260907/assets/webhook-BRgJcdBB.js                                               0.78 kB │ gzip:  0.40 kB
../../../../../tmp/cvg-frontend-production-20260907/assets/commissions-BZlu3SmN.js                                           0.78 kB │ gzip:  0.33 kB
../../../../../tmp/cvg-frontend-production-20260907/assets/packages-z7vcdYDJ.js                                              0.79 kB │ gzip:  0.29 kB
../../../../../tmp/cvg-frontend-production-20260907/assets/quotes-xuhmDBl_.js                                                0.79 kB │ gzip:  0.36 kB
../../../../../tmp/cvg-frontend-production-20260907/assets/useFormValidation-DoGYL-NB.js                                     0.80 kB │ gzip:  0.43 kB
../../../../../tmp/cvg-frontend-production-20260907/assets/expensesCatalog-B493w0Wm.js                                       0.83 kB │ gzip:  0.39 kB
../../../../../tmp/cvg-frontend-production-20260907/assets/medicalRecords-CxFfWSyd.js                                        0.85 kB │ gzip:  0.34 kB
../../../../../tmp/cvg-frontend-production-20260907/assets/responsibilityTerms-C-Nm9hNA.js                                   0.86 kB │ gzip:  0.47 kB
../../../../../tmp/cvg-frontend-production-20260907/assets/patient-nrtZ_iAl.js                                               0.87 kB │ gzip:  0.43 kB
../../../../../tmp/cvg-frontend-production-20260907/assets/prescription-executions-B6v2xYI8.js                               0.88 kB │ gzip:  0.36 kB
../../../../../tmp/cvg-frontend-production-20260907/assets/owner-6p93yhU4.js                                                 0.89 kB │ gzip:  0.46 kB
../../../../../tmp/cvg-frontend-production-20260907/assets/DsSpinner-K2FKrG6D.js                                             0.90 kB │ gzip:  0.53 kB
../../../../../tmp/cvg-frontend-production-20260907/assets/encounter-peUABKEj.js                                             0.99 kB │ gzip:  0.36 kB
../../../../../tmp/cvg-frontend-production-20260907/assets/staff-BAXTs3U6.js                                                 1.01 kB │ gzip:  0.41 kB
../../../../../tmp/cvg-frontend-production-20260907/assets/ReportCategoryNavigation-D8gPW-JM.js                              1.07 kB │ gzip:  0.60 kB
../../../../../tmp/cvg-frontend-production-20260907/assets/breeds-Bbc940td.js                                                1.08 kB │ gzip:  0.56 kB
../../../../../tmp/cvg-frontend-production-20260907/assets/species-6pKq0ihs.js                                               1.11 kB │ gzip:  0.57 kB
../../../../../tmp/cvg-frontend-production-20260907/assets/EncounterReportsPage-oPWRx1sm.js                                  1.14 kB │ gzip:  0.60 kB
../../../../../tmp/cvg-frontend-production-20260907/assets/scheduling-nLLqIplb.js                                            1.14 kB │ gzip:  0.50 kB
../../../../../tmp/cvg-frontend-production-20260907/assets/financialPayables-z6pmq1NX.js                                     1.15 kB │ gzip:  0.38 kB
../../../../../tmp/cvg-frontend-production-20260907/assets/clinicalHandoff-HWVQIvM4.js                                       1.15 kB │ gzip:  0.44 kB
../../../../../tmp/cvg-frontend-production-20260907/assets/DsAlert-CVjB61D_.js                                               1.19 kB │ gzip:  0.65 kB
../../../../../tmp/cvg-frontend-production-20260907/assets/SkeletonLoader.vue_vue_type_script_setup_true_lang-DSrYY0Ml.js    1.22 kB │ gzip:  0.60 kB
../../../../../tmp/cvg-frontend-production-20260907/assets/RegisterReportsPage-BOIh_t_X.js                                   1.23 kB │ gzip:  0.61 kB
../../../../../tmp/cvg-frontend-production-20260907/assets/inventory-DwSZ1MtE.js                                             1.26 kB │ gzip:  0.41 kB
../../../../../tmp/cvg-frontend-production-20260907/assets/appointment-Cg4PTorI.js                                           1.33 kB │ gzip:  0.52 kB
../../../../../tmp/cvg-frontend-production-20260907/assets/billing-CjMsz35W.js                                               1.34 kB │ gzip:  0.61 kB
../../../../../tmp/cvg-frontend-production-20260907/assets/accessControl-DRRwierH.js                                         1.36 kB │ gzip:  0.40 kB
../../../../../tmp/cvg-frontend-production-20260907/assets/commercial-BrVX65IV.js                                            1.37 kB │ gzip:  0.48 kB
../../../../../tmp/cvg-frontend-production-20260907/assets/vaccinesDewormers-CCD_frPH.js                                     1.40 kB │ gzip:  0.60 kB
../../../../../tmp/cvg-frontend-production-20260907/assets/prescriptions-BseFjJ1Y.js                                         1.44 kB │ gzip:  0.59 kB
../../../../../tmp/cvg-frontend-production-20260907/assets/PaymentEnablementPage-DXXlollD.js                                 1.46 kB │ gzip:  0.76 kB
../../../../../tmp/cvg-frontend-production-20260907/assets/DsCard-BYDUOKOI.js                                                1.64 kB │ gzip:  0.79 kB
../../../../../tmp/cvg-frontend-production-20260907/assets/FinancialReportsPage-DRxlfsCW.js                                  1.68 kB │ gzip:  0.76 kB
../../../../../tmp/cvg-frontend-production-20260907/assets/DsStatCard-1CnNSgFs.js                                            1.69 kB │ gzip:  0.73 kB
../../../../../tmp/cvg-frontend-production-20260907/assets/marketing-CDd3Z_rZ.js                                             1.71 kB │ gzip:  0.52 kB
../../../../../tmp/cvg-frontend-production-20260907/assets/labels-8iwsU3Xv.js                                                1.93 kB │ gzip:  0.85 kB
../../../../../tmp/cvg-frontend-production-20260907/assets/counterSales-CZ5akm7-.js                                          1.95 kB │ gzip:  0.71 kB
../../../../../tmp/cvg-frontend-production-20260907/assets/DsCheckbox-QIVpjP7O.js                                            2.01 kB │ gzip:  1.01 kB
../../../../../tmp/cvg-frontend-production-20260907/assets/reports-CYYpOoHc.js                                               2.06 kB │ gzip:  0.85 kB
../../../../../tmp/cvg-frontend-production-20260907/assets/ReportsDomainHubPage-CQo3-CtO.js                                  2.39 kB │ gzip:  1.12 kB
../../../../../tmp/cvg-frontend-production-20260907/assets/inpatient-Bel27Bjo.js                                             2.61 kB │ gzip:  0.79 kB
../../../../../tmp/cvg-frontend-production-20260907/assets/fiscal-Nsoc3MRO.js                                                2.76 kB │ gzip:  0.62 kB
../../../../../tmp/cvg-frontend-production-20260907/assets/LaboratoryReferenceValuesPage-BFj8biDj.js                         2.77 kB │ gzip:  1.39 kB
../../../../../tmp/cvg-frontend-production-20260907/assets/SearchSelect-qaRzItcw.js                                          2.81 kB │ gzip:  1.27 kB
../../../../../tmp/cvg-frontend-production-20260907/assets/FiscalNcmPage-DQFiUJYN.js                                         2.87 kB │ gzip:  1.53 kB
../../../../../tmp/cvg-frontend-production-20260907/assets/LaboratoryHemogramReferenceValueDetailPage-SUOpAIQZ.js            3.21 kB │ gzip:  1.41 kB
../../../../../tmp/cvg-frontend-production-20260907/assets/LaboratoryBiochemistryReferenceValueDetailPage-DAwsXf7Y.js        3.22 kB │ gzip:  1.42 kB
../../../../../tmp/cvg-frontend-production-20260907/assets/LaboratoryReportTypeDetailPage-BP48ruz4.js                        3.25 kB │ gzip:  1.43 kB
../../../../../tmp/cvg-frontend-production-20260907/assets/DsModal-DcUvFlKp.js                                               3.33 kB │ gzip:  1.40 kB
../../../../../tmp/cvg-frontend-production-20260907/assets/useEntityCache-D6NGfJ3y.js                                        3.40 kB │ gzip:  1.07 kB
../../../../../tmp/cvg-frontend-production-20260907/assets/ServicesListPage-BA67aU0G.js                                      3.46 kB │ gzip:  1.70 kB
../../../../../tmp/cvg-frontend-production-20260907/assets/LaboratoryEquipmentDetailPage-HC1f1rXr.js                         3.48 kB │ gzip:  1.50 kB
../../../../../tmp/cvg-frontend-production-20260907/assets/AppointmentFormPage-BWTh-k1m.js                                   3.57 kB │ gzip:  1.57 kB
../../../../../tmp/cvg-frontend-production-20260907/assets/DsInput-DSrTKQqL.js                                               3.59 kB │ gzip:  1.27 kB
../../../../../tmp/cvg-frontend-production-20260907/assets/ProductDetailPage-DnOSC2bl.js                                     3.68 kB │ gzip:  1.61 kB
../../../../../tmp/cvg-frontend-production-20260907/assets/StaffDetailPage-C9rmP_Rk.js                                       3.75 kB │ gzip:  1.57 kB
../../../../../tmp/cvg-frontend-production-20260907/assets/FiscalPisCofinsPage-48o3R9FP.js                                   3.85 kB │ gzip:  1.78 kB
../../../../../tmp/cvg-frontend-production-20260907/assets/BreedsListPage-D4CxQrFe.js                                        3.88 kB │ gzip:  1.84 kB
../../../../../tmp/cvg-frontend-production-20260907/assets/AppointmentTypesPage-DxZFSLN6.js                                  3.92 kB │ gzip:  1.62 kB
../../../../../tmp/cvg-frontend-production-20260907/assets/CoatColorsListPage-CDIA5k18.js                                    3.94 kB │ gzip:  1.85 kB
../../../../../tmp/cvg-frontend-production-20260907/assets/SpeciesListPage-CyZRIehZ.js                                       3.97 kB │ gzip:  1.85 kB
../../../../../tmp/cvg-frontend-production-20260907/assets/ExamResultsApiPage-x76MMEGc.js                                    4.12 kB │ gzip:  1.81 kB
../../../../../tmp/cvg-frontend-production-20260907/assets/ResponsibilityTermsListPage-D9nncUra.js                           4.14 kB │ gzip:  1.84 kB
../../../../../tmp/cvg-frontend-production-20260907/assets/CustomerGroupsListPage-DYZklFUh.js                                4.18 kB │ gzip:  1.88 kB
../../../../../tmp/cvg-frontend-production-20260907/assets/FiscalIPIPage-D799O3T9.js                                         4.24 kB │ gzip:  1.82 kB
../../../../../tmp/cvg-frontend-production-20260907/assets/FiscalPISPage-2nCPQ_0N.js                                         4.29 kB │ gzip:  1.85 kB
../../../../../tmp/cvg-frontend-production-20260907/assets/FiscalICMSPage-Dm5h_SU5.js                                        4.31 kB │ gzip:  1.85 kB
../../../../../tmp/cvg-frontend-production-20260907/assets/FiscalCOFINSPage-DEOpsTmd.js                                      4.34 kB │ gzip:  1.85 kB
../../../../../tmp/cvg-frontend-production-20260907/assets/ServiceDetailPage-WYsuvzM4.js                                     4.43 kB │ gzip:  1.83 kB
../../../../../tmp/cvg-frontend-production-20260907/assets/MarketingSmsSettingsPage-C269NbAB.js                              4.51 kB │ gzip:  1.84 kB
../../../../../tmp/cvg-frontend-production-20260907/assets/DataTable-CrR186Jm.js                                             4.57 kB │ gzip:  2.07 kB
../../../../../tmp/cvg-frontend-production-20260907/assets/EncountersListPage-BjxU79Kt.js                                    4.72 kB │ gzip:  1.95 kB
../../../../../tmp/cvg-frontend-production-20260907/assets/FiscalIBSCBSPage-CX6olxOQ.js                                      4.74 kB │ gzip:  1.91 kB
../../../../../tmp/cvg-frontend-production-20260907/assets/LaboratoryHemogramReferenceValuesPage-IPoFrFqq.js                 4.75 kB │ gzip:  2.10 kB
../../../../../tmp/cvg-frontend-production-20260907/assets/LaboratoryBiochemistryReferenceValuesPage-D7MEyXnO.js             4.78 kB │ gzip:  2.10 kB
../../../../../tmp/cvg-frontend-production-20260907/assets/BreedDetailPage-CBZkP9gj.js                                       4.82 kB │ gzip:  1.90 kB
../../../../../tmp/cvg-frontend-production-20260907/assets/MfaPage-ByXo27pJ.js                                               4.84 kB │ gzip:  2.08 kB
../../../../../tmp/cvg-frontend-production-20260907/assets/BedBoardPage-B74GcvvN.js                                          4.84 kB │ gzip:  2.09 kB
../../../../../tmp/cvg-frontend-production-20260907/assets/WebhooksListPage-BC01uld6.js                                      4.87 kB │ gzip:  2.01 kB
../../../../../tmp/cvg-frontend-production-20260907/assets/SpeciesDetailPage-BcfvNPcI.js                                     4.90 kB │ gzip:  1.92 kB
../../../../../tmp/cvg-frontend-production-20260907/assets/LaboratoryReportTypesPage-i3Z4drWJ.js                             4.92 kB │ gzip:  2.11 kB
../../../../../tmp/cvg-frontend-production-20260907/assets/WebhookFormPage-D-l-ZW4M.js                                       4.98 kB │ gzip:  2.26 kB
../../../../../tmp/cvg-frontend-production-20260907/assets/LaboratoryReportTypeFormPage-DYoufQ0b.js                          4.99 kB │ gzip:  2.05 kB
../../../../../tmp/cvg-frontend-production-20260907/assets/LaboratoryHemogramReferenceValueFormPage-DkLwkhqz.js              4.99 kB │ gzip:  2.06 kB
../../../../../tmp/cvg-frontend-production-20260907/assets/LaboratoryBiochemistryReferenceValueFormPage-DdgN2QPD.js          5.01 kB │ gzip:  2.06 kB
../../../../../tmp/cvg-frontend-production-20260907/assets/FiscalCfopPage-B2ZD7z2O.js                                        5.05 kB │ gzip:  1.98 kB
../../../../../tmp/cvg-frontend-production-20260907/assets/InventoryDetailPage-BZZbLZjK.js                                   5.06 kB │ gzip:  1.87 kB
../../../../../tmp/cvg-frontend-production-20260907/assets/AvailabilityPage-uou-e9nr.js                                      5.07 kB │ gzip:  2.02 kB
../../../../../tmp/cvg-frontend-production-20260907/assets/FiscalICMSMatrixPage-C-66gfOb.js                                  5.18 kB │ gzip:  2.08 kB
../../../../../tmp/cvg-frontend-production-20260907/assets/laboratory-B1nXW__H.js                                            5.19 kB │ gzip:  1.05 kB
../../../../../tmp/cvg-frontend-production-20260907/assets/CoatColorDetailPage-ax0S6vrR.js                                   5.19 kB │ gzip:  2.01 kB
../../../../../tmp/cvg-frontend-production-20260907/assets/ResponsibilityTermDetailPage-uBs6rRRk.js                          5.21 kB │ gzip:  2.04 kB
../../../../../tmp/cvg-frontend-production-20260907/assets/SchedulingFormPage-CBjSuCYD.js                                    5.21 kB │ gzip:  2.26 kB
../../../../../tmp/cvg-frontend-production-20260907/assets/FiscalTaxOperationPage-tdBxFKX9.js                                5.21 kB │ gzip:  2.32 kB
../../../../../tmp/cvg-frontend-production-20260907/assets/PointOfSaleSyncPage-C4AGn87a.js                                   5.22 kB │ gzip:  2.30 kB
../../../../../tmp/cvg-frontend-production-20260907/assets/LaboratoryEquipmentFormPage-DDSwag4K.js                           5.22 kB │ gzip:  2.09 kB
../../../../../tmp/cvg-frontend-production-20260907/assets/PixPage-VJHWZHc-.js                                               5.24 kB │ gzip:  1.98 kB
../../../../../tmp/cvg-frontend-production-20260907/assets/InventoryPurchaseDetailPage-CmsrDaA8.js                           5.31 kB │ gzip:  2.19 kB
../../../../../tmp/cvg-frontend-production-20260907/assets/MedicalRecordsListPage-CP1yv-Tt.js                                5.33 kB │ gzip:  2.17 kB
../../../../../tmp/cvg-frontend-production-20260907/assets/ProductFormPage-BIqzjVyu.js                                       5.40 kB │ gzip:  2.20 kB
../../../../../tmp/cvg-frontend-production-20260907/assets/LaboratoryEquipmentPage-D8kXJDXs.js                               5.41 kB │ gzip:  2.25 kB
../../../../../tmp/cvg-frontend-production-20260907/assets/TriageFormPage-D3C-0Ot3.js                                        5.43 kB │ gzip:  2.19 kB
../../../../../tmp/cvg-frontend-production-20260907/assets/BreedFormPage-DwTgO9Q8.js                                         5.55 kB │ gzip:  2.36 kB
../../../../../tmp/cvg-frontend-production-20260907/assets/VaccineEmailLayoutPage-D7ULIKeQ.js                                5.55 kB │ gzip:  2.40 kB
../../../../../tmp/cvg-frontend-production-20260907/assets/SpeciesFormPage-cAC3q612.js                                       5.61 kB │ gzip:  2.36 kB
../../../../../tmp/cvg-frontend-production-20260907/assets/CustomerGroupDetailPage-CWIeyfX5.js                               5.63 kB │ gzip:  2.10 kB
../../../../../tmp/cvg-frontend-production-20260907/assets/InpatientListPage-hju3XpyW.js                                     5.65 kB │ gzip:  2.34 kB
../../../../../tmp/cvg-frontend-production-20260907/assets/LaboratoryHubPage-Ca_6t15d.js                                     5.73 kB │ gzip:  1.89 kB
../../../../../tmp/cvg-frontend-production-20260907/assets/workbox-window.prod.es5-BBnX5xw4.js                               5.75 kB │ gzip:  2.36 kB
../../../../../tmp/cvg-frontend-production-20260907/assets/InventoryFormPage-BYt7wdzn.js                                     5.80 kB │ gzip:  2.20 kB
../../../../../tmp/cvg-frontend-production-20260907/assets/StaffFormPage-C3Sfkp5C.js                                         5.84 kB │ gzip:  2.34 kB
../../../../../tmp/cvg-frontend-production-20260907/assets/TriageListPage-CCewNei7.js                                        5.85 kB │ gzip:  2.25 kB
../../../../../tmp/cvg-frontend-production-20260907/assets/ServiceFormPage-CLv7t8UE.js                                       5.85 kB │ gzip:  2.32 kB
../../../../../tmp/cvg-frontend-production-20260907/assets/CustomerGroupFormPage-DGFRt1yx.js                                 5.95 kB │ gzip:  2.28 kB
../../../../../tmp/cvg-frontend-production-20260907/assets/CoatColorFormPage-Bd3iWty_.js                                     6.01 kB │ gzip:  2.45 kB
../../../../../tmp/cvg-frontend-production-20260907/assets/ResponsibilityTermFormPage-BjeYUZ-r.js                            6.07 kB │ gzip:  2.24 kB
../../../../../tmp/cvg-frontend-production-20260907/assets/FiscalConfigPage-68CpuZw0.js                                      6.10 kB │ gzip:  2.22 kB
../../../../../tmp/cvg-frontend-production-20260907/assets/InventoryListPage-BFdTLv23.js                                     6.14 kB │ gzip:  2.59 kB
../../../../../tmp/cvg-frontend-production-20260907/assets/TimeOffPage-DN1agaP-.js                                           6.20 kB │ gzip:  2.61 kB
../../../../../tmp/cvg-frontend-production-20260907/assets/BillingListPage-CXKRDfiP.js                                       6.26 kB │ gzip:  2.56 kB
../../../../../tmp/cvg-frontend-production-20260907/assets/SectorsPage-HVg2UL_Q.js                                           6.50 kB │ gzip:  2.71 kB
../../../../../tmp/cvg-frontend-production-20260907/assets/ProductsListPage-CNRNny1L.js                                      6.50 kB │ gzip:  2.64 kB
../../../../../tmp/cvg-frontend-production-20260907/assets/MultibranchDashboardPage-ycy06HYR.js                              6.72 kB │ gzip:  2.69 kB
../../../../../tmp/cvg-frontend-production-20260907/assets/LoginPage-ZvWgatIN.js                                             6.73 kB │ gzip:  2.99 kB
../../../../../tmp/cvg-frontend-production-20260907/assets/UsersListPage-Bm7MBrrS.js                                         6.88 kB │ gzip:  2.58 kB
../../../../../tmp/cvg-frontend-production-20260907/assets/FiscalNFSELayoutPage-B32vly4V.js                                  6.95 kB │ gzip:  2.60 kB
../../../../../tmp/cvg-frontend-production-20260907/assets/CostCentersPage-CMsWV7_O.js                                       6.98 kB │ gzip:  2.78 kB
../../../../../tmp/cvg-frontend-production-20260907/assets/WhatsAppPage-19boMT0c.js                                          6.98 kB │ gzip:  2.71 kB
../../../../../tmp/cvg-frontend-production-20260907/assets/StaffListPage-WYGHxbPB.js                                         7.08 kB │ gzip:  2.72 kB
../../../../../tmp/cvg-frontend-production-20260907/assets/SplitSimulatorPage-DusAmhCs.js                                    7.09 kB │ gzip:  2.93 kB
../../../../../tmp/cvg-frontend-production-20260907/assets/ServicesImportPage-C3beQcP_.js                                    7.10 kB │ gzip:  3.12 kB
../../../../../tmp/cvg-frontend-production-20260907/assets/SplitExporterPage-BGSMmows.js                                     7.21 kB │ gzip:  2.81 kB
../../../../../tmp/cvg-frontend-production-20260907/assets/ExpensesPage-CcgSuJR8.js                                          7.28 kB │ gzip:  2.88 kB
../../../../../tmp/cvg-frontend-production-20260907/assets/CurveAbcClientsPage-rLqvQSz5.js                                   7.30 kB │ gzip:  2.96 kB
../../../../../tmp/cvg-frontend-production-20260907/assets/MarketingSmsPage-CsBmJa6R.js                                      7.33 kB │ gzip:  2.88 kB
../../../../../tmp/cvg-frontend-production-20260907/assets/BedsPage-BR5wXATy.js                                              7.38 kB │ gzip:  3.03 kB
../../../../../tmp/cvg-frontend-production-20260907/assets/CurveAbcProductsPage-FV0jDKXc.js                                  7.40 kB │ gzip:  2.97 kB
../../../../../tmp/cvg-frontend-production-20260907/assets/WebhookDetailPage-CRzYLD-R.js                                     7.44 kB │ gzip:  2.95 kB
../../../../../tmp/cvg-frontend-production-20260907/assets/CardsPage-DqAZ_BA-.js                                             7.53 kB │ gzip:  2.92 kB
../../../../../tmp/cvg-frontend-production-20260907/assets/BedDetailPage-BCC-VjZ8.js                                         7.62 kB │ gzip:  2.88 kB
../../../../../tmp/cvg-frontend-production-20260907/assets/UserFormPage-BAcwtrv3.js                                          7.67 kB │ gzip:  2.81 kB
../../../../../tmp/cvg-frontend-production-20260907/assets/RhProfessionsPage-NvxYtLdq.js                                     7.73 kB │ gzip:  2.93 kB
../../../../../tmp/cvg-frontend-production-20260907/assets/ChequesPage-DBgM6_uY.js                                           7.84 kB │ gzip:  3.16 kB
../../../../../tmp/cvg-frontend-production-20260907/assets/CashFlowPage-BCUI10yO.js                                          7.93 kB │ gzip:  3.17 kB
../../../../../tmp/cvg-frontend-production-20260907/assets/InventoryPriceConsultationPage-zTmahHlD.js                        7.93 kB │ gzip:  3.23 kB
../../../../../tmp/cvg-frontend-production-20260907/assets/CommissionRulesPage-yuQ02lxN.js                                   7.94 kB │ gzip:  3.02 kB
../../../../../tmp/cvg-frontend-production-20260907/assets/FinanceTimelinePage-BqoAs6RG.js                                   8.13 kB │ gzip:  3.17 kB
../../../../../tmp/cvg-frontend-production-20260907/assets/ManufacturersPage-BkkRmKDM.js                                     8.17 kB │ gzip:  3.06 kB
../../../../../tmp/cvg-frontend-production-20260907/assets/SchedulingListPage-DO2H9lmt.js                                    8.25 kB │ gzip:  3.02 kB
../../../../../tmp/cvg-frontend-production-20260907/assets/FinancialReconciliationPage-By4jE39W.js                           8.25 kB │ gzip:  2.95 kB
../../../../../tmp/cvg-frontend-production-20260907/assets/UserDetailPage-CfXX8xVW.js                                        8.31 kB │ gzip:  2.95 kB
../../../../../tmp/cvg-frontend-production-20260907/assets/ProductGroupsPage-IFM0Y52f.js                                     8.37 kB │ gzip:  3.08 kB
../../../../../tmp/cvg-frontend-production-20260907/assets/WarehousesPage-BtUES_LZ.js                                        8.51 kB │ gzip:  3.14 kB
../../../../../tmp/cvg-frontend-production-20260907/assets/InpatientDailyChargesPage-S3V5utXc.js                             8.86 kB │ gzip:  3.61 kB
../../../../../tmp/cvg-frontend-production-20260907/assets/SetupPage-C6RHpZMh.js                                             9.07 kB │ gzip:  3.26 kB
../../../../../tmp/cvg-frontend-production-20260907/assets/CardAccountsPage-CqkmTzko.js                                      9.09 kB │ gzip:  3.31 kB
../../../../../tmp/cvg-frontend-production-20260907/assets/AdministrationSettingsPage-DyQ0CHNT.js                            9.27 kB │ gzip:  3.46 kB
../../../../../tmp/cvg-frontend-production-20260907/assets/AppPageHeader-DBryrz_N.js                                         9.28 kB │ gzip:  2.87 kB
../../../../../tmp/cvg-frontend-production-20260907/assets/CashPage-D-ZueAmD.js                                              9.31 kB │ gzip:  2.84 kB
../../../../../tmp/cvg-frontend-production-20260907/assets/BedFormPage-BUGZxoNo.js                                           9.40 kB │ gzip:  3.54 kB
../../../../../tmp/cvg-frontend-production-20260907/assets/MeasurementUnitsPage-Ce1z2JYX.js                                  9.41 kB │ gzip:  3.25 kB
../../../../../tmp/cvg-frontend-production-20260907/assets/ProductsImportPage-BAB6bmV9.js                                    9.46 kB │ gzip:  3.83 kB
../../../../../tmp/cvg-frontend-production-20260907/assets/PaymentsDashboardPage-BAWiZfBO.js                                 9.51 kB │ gzip:  3.37 kB
../../../../../tmp/cvg-frontend-production-20260907/assets/CompanySectorsPage-DSoXC8Ur.js                                    9.52 kB │ gzip:  3.36 kB
../../../../../tmp/cvg-frontend-production-20260907/assets/DischargesPage-BhG3hDun.js                                        9.57 kB │ gzip:  3.26 kB
../../../../../tmp/cvg-frontend-production-20260907/assets/CardTransactionsPage-C7LfubJb.js                                  9.62 kB │ gzip:  3.54 kB
../../../../../tmp/cvg-frontend-production-20260907/assets/LaboratoryResultsPage-CmSmQxYj.js                                 9.66 kB │ gzip:  3.80 kB
../../../../../tmp/cvg-frontend-production-20260907/assets/DsButton-CGSuLekj.js                                              9.87 kB │ gzip:  4.47 kB
../../../../../tmp/cvg-frontend-production-20260907/assets/TriageDetailPage-xemzpaEk.js                                      9.89 kB │ gzip:  3.38 kB
../../../../../tmp/cvg-frontend-production-20260907/assets/ApiClientPage-XR_rvX7A.js                                         9.96 kB │ gzip:  3.65 kB
../../../../../tmp/cvg-frontend-production-20260907/assets/MarketingCampaignsPage-C_LbWGE-.js                                9.97 kB │ gzip:  3.29 kB
../../../../../tmp/cvg-frontend-production-20260907/assets/CommissionCalculationsPage-C4WujSdR.js                            9.97 kB │ gzip:  3.74 kB
../../../../../tmp/cvg-frontend-production-20260907/assets/OwnersListPage-DSPS5mXX.js                                       10.18 kB │ gzip:  3.56 kB
../../../../../tmp/cvg-frontend-production-20260907/assets/ExamOrdersApiPage-DdBJ8pQQ.js                                    10.36 kB │ gzip:  3.54 kB
../../../../../tmp/cvg-frontend-production-20260907/assets/NotificationsPage-BDxUs7rU.js                                    10.47 kB │ gzip:  3.83 kB
../../../../../tmp/cvg-frontend-production-20260907/assets/PrescriptionsPage-D8F3kvya.js                                    10.74 kB │ gzip:  3.83 kB
../../../../../tmp/cvg-frontend-production-20260907/assets/SurgeryPage-XzM-L1B8.js                                          10.77 kB │ gzip:  3.87 kB
../../../../../tmp/cvg-frontend-production-20260907/assets/CommercialReportsPage-DrsIuWu8.js                                10.95 kB │ gzip:  3.64 kB
../../../../../tmp/cvg-frontend-production-20260907/assets/AuditPage-BfJhlm9r.js                                            10.97 kB │ gzip:  3.82 kB
../../../../../tmp/cvg-frontend-production-20260907/assets/LoyaltyPage-CppAI8u4.js                                          11.11 kB │ gzip:  3.79 kB
../../../../../tmp/cvg-frontend-production-20260907/assets/InventoryStockTransactionPage-CTgQ686d.js                        11.26 kB │ gzip:  4.19 kB
../../../../../tmp/cvg-frontend-production-20260907/assets/FinancialDashboardPage-BNjMbbBI.js                               11.30 kB │ gzip:  3.95 kB
../../../../../tmp/cvg-frontend-production-20260907/assets/AccountsPayablePage-BW7WoFfd.js                                  11.71 kB │ gzip:  3.87 kB
../../../../../tmp/cvg-frontend-production-20260907/assets/SuppliersPage-BxNPToti.js                                        11.76 kB │ gzip:  3.98 kB
../../../../../tmp/cvg-frontend-production-20260907/assets/PriceTablesPage-CGlTcY6m.js                                      11.77 kB │ gzip:  3.89 kB
../../../../../tmp/cvg-frontend-production-20260907/assets/InventoryValidityPage-b27tVxGR.js                                12.04 kB │ gzip:  4.36 kB
../../../../../tmp/cvg-frontend-production-20260907/assets/InventoryPriceAuditPage-DdeVz94m.js                              12.05 kB │ gzip:  4.34 kB
../../../../../tmp/cvg-frontend-production-20260907/assets/ApiKeysPage-DrouPdqL.js                                          12.21 kB │ gzip:  4.54 kB
../../../../../tmp/cvg-frontend-production-20260907/assets/AppointmentDetailPage-CO8C0j8K.js                                12.33 kB │ gzip:  4.23 kB
../../../../../tmp/cvg-frontend-production-20260907/assets/InventoryPharmacyRequestPage-CtADRw0z.js                         12.65 kB │ gzip:  4.42 kB
../../../../../tmp/cvg-frontend-production-20260907/assets/AdvancePaymentsPage-XFSanN3e.js                                  12.78 kB │ gzip:  4.30 kB
../../../../../tmp/cvg-frontend-production-20260907/assets/InventoryPriceAdjustmentsPage-CFhGx4nF.js                        12.91 kB │ gzip:  4.54 kB
../../../../../tmp/cvg-frontend-production-20260907/assets/LaboratoryAnalyticalWorkbench-wMLtRZ6R.js                        12.96 kB │ gzip:  4.87 kB
../../../../../tmp/cvg-frontend-production-20260907/assets/LaboratoryOrdersPage-DH-4b0aa.js                                 13.13 kB │ gzip:  4.52 kB
../../../../../tmp/cvg-frontend-production-20260907/assets/InventoryInvoicesPage-Dbh-DeGk.js                                13.18 kB │ gzip:  4.56 kB
../../../../../tmp/cvg-frontend-production-20260907/assets/InventoryAuditPage-Cuqc60wJ.js                                   13.26 kB │ gzip:  4.66 kB
../../../../../tmp/cvg-frontend-production-20260907/assets/LgpdHubPage-CFIiEhuz.js                                          13.36 kB │ gzip:  4.66 kB
../../../../../tmp/cvg-frontend-production-20260907/assets/InpatientAdmissionPage-Di_0k16m.js                               13.37 kB │ gzip:  4.50 kB
../../../../../tmp/cvg-frontend-production-20260907/assets/PatientsListPage-DU9siCAC.js                                     13.38 kB │ gzip:  4.56 kB
../../../../../tmp/cvg-frontend-production-20260907/assets/VetusAssistedImportPage-CGlxe9SG.js                              13.47 kB │ gzip:  4.83 kB
../../../../../tmp/cvg-frontend-production-20260907/assets/EncounterFormPage-BaW81LYj.js                                    13.63 kB │ gzip:  4.71 kB
../../../../../tmp/cvg-frontend-production-20260907/assets/BillingDetailPage-O-t4IpBS.js                                    13.79 kB │ gzip:  4.43 kB
../../../../../tmp/cvg-frontend-production-20260907/assets/PackagesPage-DRh04MYM.js                                         13.93 kB │ gzip:  4.82 kB
../../../../../tmp/cvg-frontend-production-20260907/assets/VaccinesDewormersPage-DEIFpHh7.js                                14.86 kB │ gzip:  4.59 kB
../../../../../tmp/cvg-frontend-production-20260907/assets/InventoryDataCollectorsPage-CaEH5slr.js                          15.70 kB │ gzip:  5.34 kB
../../../../../tmp/cvg-frontend-production-20260907/assets/PrescriptionExecutionsPage-BLm3IV6k.js                           16.15 kB │ gzip:  5.32 kB
../../../../../tmp/cvg-frontend-production-20260907/assets/OperationalFinanceCatalog-D5JmDDk8.js                            16.31 kB │ gzip:  5.50 kB
../../../../../tmp/cvg-frontend-production-20260907/assets/InventoryPurchasesPage-i6GCulW2.js                               16.97 kB │ gzip:  5.68 kB
../../../../../tmp/cvg-frontend-production-20260907/assets/MasterSearchPage-C12Pk65q.js                                     17.21 kB │ gzip:  5.32 kB
../../../../../tmp/cvg-frontend-production-20260907/assets/DiagnosticsPage-BmU-6oe2.js                                      17.23 kB │ gzip:  5.53 kB
../../../../../tmp/cvg-frontend-production-20260907/assets/SalesPage-dv_y4Zm6.js                                            17.24 kB │ gzip:  5.82 kB
../../../../../tmp/cvg-frontend-production-20260907/assets/InventoryTransfersPage-dcgusIH6.js                               17.26 kB │ gzip:  5.83 kB
../../../../../tmp/cvg-frontend-production-20260907/assets/OwnerFormPage-T4kJK2zJ.js                                        18.30 kB │ gzip:  5.82 kB
../../../../../tmp/cvg-frontend-production-20260907/assets/QuotesPage-Bkom3UVL.js                                           18.55 kB │ gzip:  5.92 kB
../../../../../tmp/cvg-frontend-production-20260907/assets/PatientFormPage-Dou67jPN.js                                      19.26 kB │ gzip:  6.28 kB
../../../../../tmp/cvg-frontend-production-20260907/assets/AppointmentQuickCreateForm-5ousehwJ.js                           20.58 kB │ gzip:  6.10 kB
../../../../../tmp/cvg-frontend-production-20260907/assets/ReportsEnginePage-KqLiZWdy.js                                    21.80 kB │ gzip:  6.59 kB
../../../../../tmp/cvg-frontend-production-20260907/assets/InpatientDetailPage-6-jo4LSZ.js                                  23.06 kB │ gzip:  6.34 kB
../../../../../tmp/cvg-frontend-production-20260907/assets/QueuePage-BjAYcJIX.js                                            23.06 kB │ gzip:  7.69 kB
../../../../../tmp/cvg-frontend-production-20260907/assets/ReceptionGatewayPage-DyKiIt__.js                                 24.81 kB │ gzip:  6.99 kB
../../../../../tmp/cvg-frontend-production-20260907/assets/DashboardPage-BW_H92rd.js                                        27.30 kB │ gzip:  8.62 kB
../../../../../tmp/cvg-frontend-production-20260907/assets/AccessControlPage-Cx1VyxTy.js                                    28.96 kB │ gzip:  8.03 kB
../../../../../tmp/cvg-frontend-production-20260907/assets/EncounterDetailPage-TzYco2Fg.js                                  29.80 kB │ gzip:  8.40 kB
../../../../../tmp/cvg-frontend-production-20260907/assets/OwnerDetailPage-B7LXrw5D.js                                      40.65 kB │ gzip: 10.81 kB
../../../../../tmp/cvg-frontend-production-20260907/assets/MedicalRecordsDetailPage-CUmsjYmv.js                             42.67 kB │ gzip: 11.49 kB
../../../../../tmp/cvg-frontend-production-20260907/assets/AppointmentsListPage-D3sRPGF1.js                                 48.17 kB │ gzip: 13.33 kB
../../../../../tmp/cvg-frontend-production-20260907/assets/AppLayout-DHweIGCJ.js                                            55.14 kB │ gzip: 16.75 kB
../../../../../tmp/cvg-frontend-production-20260907/assets/CounterSalesPage-DZQMkmL_.js                                     63.85 kB │ gzip: 16.63 kB
../../../../../tmp/cvg-frontend-production-20260907/assets/PatientDetailPage-BO1IQiWk.js                                    67.97 kB │ gzip: 17.84 kB
../../../../../tmp/cvg-frontend-production-20260907/assets/ReportWorkbenchPage-BchgLzzK.js                                  82.56 kB │ gzip: 19.74 kB
../../../../../tmp/cvg-frontend-production-20260907/assets/vue-vendor-BvyKcelm.js                                          108.22 kB │ gzip: 42.23 kB
../../../../../tmp/cvg-frontend-production-20260907/assets/index-icnhK_HG.js                                               172.91 kB │ gzip: 42.08 kB
✓ built in 22.16s

PWA v1.3.0
mode      generateSW
precache  476 entries (3082.51 KiB)
files generated
  ../../../../../tmp/cvg-frontend-production-20260907/sw.js
  ../../../../../tmp/cvg-frontend-production-20260907/workbox-835c8c05.js
